Component: Arm Compiler for Embedded 6.18 Tool: armlink [5e4cc100]

==============================================================================

Section Cross References

    blinky.o(.text.thrLED) refers to rtx_delay.o(.text.osDelay) for osDelay
    blinky.o(.text.thrLED) refers to rtx_thread.o(.text.osThreadFlagsWait) for osThreadFlagsWait
    blinky.o(.text.thrLED) refers to stm32h7xx_hal_gpio.o(.text.HAL_GPIO_WritePin) for HAL_GPIO_WritePin
    blinky.o(.text.thrLED) refers to led_743i_eval.o(.text.LED_On) for LED_On
    blinky.o(.text.thrLED) refers to led_743i_eval.o(.text.LED_Off) for LED_Off
    blinky.o(.ARM.exidx.text.thrLED) refers to blinky.o(.text.thrLED) for [Anonymous Symbol]
    blinky.o(.text.app_main) refers to stm32h7xx_hal_gpio.o(.text.HAL_GPIO_WritePin) for HAL_GPIO_WritePin
    blinky.o(.ARM.exidx.text.app_main) refers to blinky.o(.text.app_main) for [Anonymous Symbol]
    blinky.o(.rodata.app_main_attr) refers to blinky.o(.bss.app_main_stk) for app_main_stk
    main.o(.text.HAL_GPIO_EXTI_Callback) refers to stm32h7xx_hal_gpio.o(.text.HAL_GPIO_ReadPin) for HAL_GPIO_ReadPin
    main.o(.text.HAL_GPIO_EXTI_Callback) refers to stm32h7xx_hal_gpio.o(.text.HAL_GPIO_WritePin) for HAL_GPIO_WritePin
    main.o(.ARM.exidx.text.HAL_GPIO_EXTI_Callback) refers to main.o(.text.HAL_GPIO_EXTI_Callback) for [Anonymous Symbol]
    main.o(.text.main) refers to stm32h7xx_hal.o(.text.HAL_Init) for HAL_Init
    main.o(.text.main) refers to main.o(.text.SystemClock_Config) for SystemClock_Config
    main.o(.text.main) refers to stm32h7xx_hal_gpio.o(.text.HAL_GPIO_WritePin) for HAL_GPIO_WritePin
    main.o(.text.main) refers to stm32h7xx_hal_gpio.o(.text.HAL_GPIO_Init) for HAL_GPIO_Init
    main.o(.text.main) refers to stm32h7xx_hal_cortex.o(.text.HAL_NVIC_SetPriority) for HAL_NVIC_SetPriority
    main.o(.text.main) refers to stm32h7xx_hal_cortex.o(.text.HAL_NVIC_EnableIRQ) for HAL_NVIC_EnableIRQ
    main.o(.text.main) refers to main.o(.bss.hadc3) for hadc3
    main.o(.text.main) refers to stm32h7xx_hal_adc.o(.text.HAL_ADC_Init) for HAL_ADC_Init
    main.o(.text.main) refers to stm32h7xx_hal_adc.o(.text.HAL_ADC_ConfigChannel) for HAL_ADC_ConfigChannel
    main.o(.text.main) refers to main.o(.bss.hspi3) for hspi3
    main.o(.text.main) refers to rt_memclr_w.o(.text) for __aeabi_memclr4
    main.o(.text.main) refers to stm32h7xx_hal_spi.o(.text.HAL_SPI_Init) for HAL_SPI_Init
    main.o(.text.main) refers to stm32h7xx_hal.o(.text.HAL_Delay) for HAL_Delay
    main.o(.text.main) refers to rtx_kernel.o(.text.osKernelInitialize) for osKernelInitialize
    main.o(.text.main) refers to main.o(.text.StartDefaultTask) for StartDefaultTask
    main.o(.text.main) refers to main.o(.rodata.defaultTask_attributes) for defaultTask_attributes
    main.o(.text.main) refers to rtx_thread.o(.text.osThreadNew) for osThreadNew
    main.o(.text.main) refers to main.o(.bss.defaultTaskHandle) for defaultTaskHandle
    main.o(.text.main) refers to main.o(.rodata.ADC_attributes) for ADC_attributes
    main.o(.text.main) refers to main.o(.text.StartADC) for StartADC
    main.o(.text.main) refers to main.o(.bss.ADCHandle) for ADCHandle
    main.o(.text.main) refers to main.o(.rodata.Display_attributes) for Display_attributes
    main.o(.text.main) refers to main.o(.text.StartDisplay) for StartDisplay
    main.o(.text.main) refers to main.o(.bss.DisplayHandle) for DisplayHandle
    main.o(.text.main) refers to main.o(.rodata.FFT_attributes) for FFT_attributes
    main.o(.text.main) refers to main.o(.text.StartFFT) for StartFFT
    main.o(.text.main) refers to main.o(.bss.FFTHandle) for FFTHandle
    main.o(.text.main) refers to rtx_kernel.o(.text.osKernelStart) for osKernelStart
    main.o(.ARM.exidx.text.main) refers to main.o(.text.main) for [Anonymous Symbol]
    main.o(.text.SystemClock_Config) refers to rt_memclr_w.o(.text) for __aeabi_memclr4
    main.o(.text.SystemClock_Config) refers to stm32h7xx_hal_pwr_ex.o(.text.HAL_PWREx_ConfigSupply) for HAL_PWREx_ConfigSupply
    main.o(.text.SystemClock_Config) refers to stm32h7xx_hal_rcc.o(.text.HAL_RCC_OscConfig) for HAL_RCC_OscConfig
    main.o(.text.SystemClock_Config) refers to stm32h7xx_hal_rcc.o(.text.HAL_RCC_ClockConfig) for HAL_RCC_ClockConfig
    main.o(.ARM.exidx.text.SystemClock_Config) refers to main.o(.text.SystemClock_Config) for [Anonymous Symbol]
    main.o(.text.StartDefaultTask) refers to stm32h7xx_hal_gpio.o(.text.HAL_GPIO_WritePin) for HAL_GPIO_WritePin
    main.o(.ARM.exidx.text.StartDefaultTask) refers to main.o(.text.StartDefaultTask) for [Anonymous Symbol]
    main.o(.ARM.exidx.text.StartADC) refers to main.o(.text.StartADC) for [Anonymous Symbol]
    main.o(.ARM.exidx.text.StartDisplay) refers to main.o(.text.StartDisplay) for [Anonymous Symbol]
    main.o(.ARM.exidx.text.StartFFT) refers to main.o(.text.StartFFT) for [Anonymous Symbol]
    main.o(.ARM.exidx.text.Error_Handler) refers to main.o(.text.Error_Handler) for [Anonymous Symbol]
[...]
    __rt_entry                               0x08000311   Thumb Code     0  __rtentry.o(.ARM.Collect$$rtentry$$00000000)
    __rt_entry_presh_1                       0x08000311   Thumb Code     0  __rtentry2.o(.ARM.Collect$$rtentry$$00000002)
    __rt_entry_sh                            0x08000311   Thumb Code     0  __rtentry4.o(.ARM.Collect$$rtentry$$00000004)
    __rt_entry_postsh_1                      0x08000317   Thumb Code     0  __rtentry2.o(.ARM.Collect$$rtentry$$00000008)
    __rt_entry_li                            0x0800031f   Thumb Code     0  __rtentry2.o(.ARM.Collect$$rtentry$$0000000A)
    __rt_entry_main                          0x08000323   Thumb Code     0  __rtentry2.o(.ARM.Collect$$rtentry$$0000000D)
    __rt_entry_postli_1                      0x08000323   Thumb Code     0  __rtentry2.o(.ARM.Collect$$rtentry$$0000000C)
    __rt_exit                                0x0800032b   Thumb Code     0  rtexit.o(.ARM.Collect$$rtexit$$00000000)
    __rt_exit_ls                             0x0800032d   Thumb Code     0  rtexit2.o(.ARM.Collect$$rtexit$$00000003)
    __rt_exit_prels_1                        0x0800032d   Thumb Code     0  rtexit2.o(.ARM.Collect$$rtexit$$00000002)
    __rt_exit_exit                           0x08000331   Thumb Code     0  rtexit2.o(.ARM.Collect$$rtexit$$00000004)
    Reset_Handler                            0x08000339   Thumb Code     8  startup_stm32h743xx.o(.text)
    ADC3_IRQHandler                          0x08000353   Thumb Code     0  startup_stm32h743xx.o(.text)
    ADC_IRQHandler                           0x08000353   Thumb Code     0  startup_stm32h743xx.o(.text)
    BDMA_Channel0_IRQHandler                 0x08000353   Thumb Code     0  startup_stm32h743xx.o(.text)
    BDMA_Channel1_IRQHandler                 0x08000353   Thumb Code     0  startup_stm32h743xx.o(.text)
    BDMA_Channel2_IRQHandler                 0x08000353   Thumb Code     0  startup_stm32h743xx.o(.text)
    BDMA_Channel3_IRQHandler                 0x08000353   Thumb Code     0  startup_stm32h743xx.o(.text)
    BDMA_Channel4_IRQHandler                 0x08000353   Thumb Code     0  startup_stm32h743xx.o(.text)
    BDMA_Channel5_IRQHandler                 0x08000353   Thumb Code     0  startup_stm32h743xx.o(.text)
    BDMA_Channel6_IRQHandler                 0x08000353   Thumb Code     0  startup_stm32h743xx.o(.text)
    BDMA_Channel7_IRQHandler                 0x08000353   Thumb Code     0  startup_stm32h743xx.o(.text)
    CEC_IRQHandler                           0x08000353   Thumb Code     0  startup_stm32h743xx.o(.text)
    COMP1_IRQHandler                         0x08000353   Thumb Code     0  startup_stm32h743xx.o(.text)
    CRS_IRQHandler                           0x08000353   Thumb Code     0  startup_stm32h743xx.o(.text)
    DCMI_IRQHandler                          0x08000353   Thumb Code     0  startup_stm32h743xx.o(.text)
    DFSDM1_FLT0_IRQHandler                   0x08000353   Thumb Code     0  startup_stm32h743xx.o(.text)
    DFSDM1_FLT1_IRQHandler                   0x08000353   Thumb Code     0  startup_stm32h743xx.o(.text)
    DFSDM1_FLT2_IRQHandler                   0x08000353   Thumb Code     0  startup_stm32h743xx.o(.text)
    DFSDM1_FLT3_IRQHandler                   0x08000353   Thumb Code     0  startup_stm32h743xx.o(.text)
    DMA1_Stream0_IRQHandler                  0x08000353   Thumb Code     0  startup_stm32h743xx.o(.text)
    DMA1_Stream1_IRQHandler                  0x08000353   Thumb Code     0  startup_stm32h743xx.o(.text)
    DMA1_Stream2_IRQHandler                  0x08000353   Thumb Code     0  startup_stm32h743xx.o(.text)
    DMA1_Stream3_IRQHandler                  0x08000353   Thumb Code     0  startup_stm32h743xx.o(.text)
    DMA1_Stream4_IRQHandler                  0x08000353   Thumb Code     0  startup_stm32h743xx.o(.text)
    DMA1_Stream5_IRQHandler                  0x08000353   Thumb Code     0  startup_stm32h743xx.o(.text)
    DMA1_Stream6_IRQHandler                  0x08000353   Thumb Code     0  startup_stm32h743xx.o(.text)
    DMA1_Stream7_IRQHandler                  0x08000353   Thumb Code     0  startup_stm32h743xx.o(.text)
    DMA2D_IRQHandler                         0x08000353   Thumb Code     0  startup_stm32h743xx.o(.text)
    DMA2_Stream0_IRQHandler                  0x08000353   Thumb Code     0  startup_stm32h743xx.o(.text)
    DMA2_Stream1_IRQHandler                  0x08000353   Thumb Code     0  startup_stm32h743xx.o(.text)
    DMA2_Stream2_IRQHandler                  0x08000353   Thumb Code     0  startup_stm32h743xx.o(.text)
    DMA2_Stream3_IRQHandler                  0x08000353   Thumb Code     0  startup_stm32h743xx.o(.text)
    DMA2_Stream4_IRQHandler                  0x08000353   Thumb Code     0  startup_stm32h743xx.o(.text)
    DMA2_Stream5_IRQHandler                  0x08000353   Thumb Code     0  startup_stm32h743xx.o(.text)
    DMA2_Stream6_IRQHandler                  0x08000353   Thumb Code     0  startup_stm32h743xx.o(.text)
    DMA2_Stream7_IRQHandler                  0x08000353   Thumb Code     0  startup_stm32h743xx.o(.text)
    DMAMUX1_OVR_IRQHandler                   0x08000353   Thumb Code     0  startup_stm32h743xx.o(.text)
    DMAMUX2_OVR_IRQHandler                   0x08000353   Thumb Code     0  startup_stm32h743xx.o(.text)
    ECC_IRQHandler                           0x08000353   Thumb Code     0  startup_stm32h743xx.o(.text)
    ETH_IRQHandler                           0x08000353   Thumb Code     0  startup_stm32h743xx.o(.text)
    ETH_WKUP_IRQHandler                      0x08000353   Thumb Code     0  startup_stm32h743xx.o(.text)
    EXTI0_IRQHandler                         0x08000353   Thumb Code     0  startup_stm32h743xx.o(.text)
    EXTI1_IRQHandler                         0x08000353   Thumb Code     0  startup_stm32h743xx.o(.text)
    EXTI2_IRQHandler                         0x08000353   Thumb Code     0  startup_stm32h743xx.o(.text)
    EXTI3_IRQHandler                         0x08000353   Thumb Code     0  startup_stm32h743xx.o(.text)
    EXTI4_IRQHandler                         0x08000353   Thumb Code     0  startup_stm32h743xx.o(.text)
    EXTI9_5_IRQHandler                       0x08000353   Thumb Code     0  startup_stm32h743xx.o(.text)
    FDCAN1_IT0_IRQHandler                    0x08000353   Thumb Code     0  startup_stm32h743xx.o(.text)
    FDCAN1_IT1_IRQHandler                    0x08000353   Thumb Code     0  startup_stm32h743xx.o(.text)
    FDCAN2_IT0_IRQHandler                    0x08000353   Thumb Code     0  startup_stm32h743xx.o(.text)
    FDCAN2_IT1_IRQHandler                    0x08000353   Thumb Code     0  startup_stm32h743xx.o(.text)
    FDCAN_CAL_IRQHandler                     0x08000353   Thumb Code     0  startup_stm32h743xx.o(.text)
    FLASH_IRQHandler                         0x08000353   Thumb Code     0  startup_stm32h743xx.o(.text)
    FMC_IRQHandler                           0x08000353   Thumb Code     0  startup_stm32h743xx.o(.text)
    FPU_IRQHandler                           0x08000353   Thumb Code     0  startup_stm32h743xx.o(.text)
    HRTIM1_FLT_IRQHandler                    0x08000353   Thumb Code     0  startup_stm32h743xx.o(.text)
    HRTIM1_Master_IRQHandler                 0x08000353   Thumb Code     0  startup_stm32h743xx.o(.text)
    HRTIM1_TIMA_IRQHandler                   0x08000353   Thumb Code     0  startup_stm32h743xx.o(.text)
    HRTIM1_TIMB_IRQHandler                   0x08000353   Thumb Code     0  startup_stm32h743xx.o(.text)
    HRTIM1_TIMC_IRQHandler                   0x08000353   Thumb Code     0  startup_stm32h743xx.o(.text)
    HRTIM1_TIMD_IRQHandler                   0x08000353   Thumb Code     0  startup_stm32h743xx.o(.text)
    HRTIM1_TIME_IRQHandler                   0x08000353   Thumb Code     0  startup_stm32h743xx.o(.text)
    HSEM1_IRQHandler                         0x08000353   Thumb Code     0  startup_stm32h743xx.o(.text)
    I2C1_ER_IRQHandler                       0x08000353   Thumb Code     0  startup_stm32h743xx.o(.text)
    I2C1_EV_IRQHandler                       0x08000353   Thumb Code     0  startup_stm32h743xx.o(.text)
    I2C2_ER_IRQHandler                       0x08000353   Thumb Code     0  startup_stm32h743xx.o(.text)
    I2C2_EV_IRQHandler                       0x08000353   Thumb Code     0  startup_stm32h743xx.o(.text)
    I2C3_ER_IRQHandler                       0x08000353   Thumb Code     0  startup_stm32h743xx.o(.text)
    I2C3_EV_IRQHandler                       0x08000353   Thumb Code     0  startup_stm32h743xx.o(.text)
    I2C4_ER_IRQHandler                       0x08000353   Thumb Code     0  startup_stm32h743xx.o(.text)
    I2C4_EV_IRQHandler                       0x08000353   Thumb Code     0  startup_stm32h743xx.o(.text)
    JPEG_IRQHandler                          0x08000353   Thumb Code     0  startup_stm32h743xx.o(.text)
    LPTIM1_IRQHandler                        0x08000353   Thumb Code     0  startup_stm32h743xx.o(.text)
    LPTIM2_IRQHandler                        0x08000353   Thumb Code     0  startup_stm32h743xx.o(.text)
    LPTIM3_IRQHandler                        0x08000353   Thumb Code     0  startup_stm32h743xx.o(.text)
    LPTIM4_IRQHandler                        0x08000353   Thumb Code     0  startup_stm32h743xx.o(.text)
    LPTIM5_IRQHandler                        0x08000353   Thumb Code     0  startup_stm32h743xx.o(.text)
    LPUART1_IRQHandler                       0x08000353   Thumb Code     0  startup_stm32h743xx.o(.text)
    LTDC_ER_IRQHandler                       0x08000353   Thumb Code     0  startup_stm32h743xx.o(.text)
    LTDC_IRQHandler                          0x08000353   Thumb Code     0  startup_stm32h743xx.o(.text)
    MDIOS_IRQHandler                         0x08000353   Thumb Code     0  startup_stm32h743xx.o(.text)
    MDIOS_WKUP_IRQHandler                    0x08000353   Thumb Code     0  startup_stm32h743xx.o(.text)
    MDMA_IRQHandler                          0x08000353   Thumb Code     0  startup_stm32h743xx.o(.text)
    OTG_FS_EP1_IN_IRQHandler                 0x08000353   Thumb Code     0  startup_stm32h743xx.o(.text)
    OTG_FS_EP1_OUT_IRQHandler                0x08000353   Thumb Code     0  startup_stm32h743xx.o(.text)
    OTG_FS_IRQHandler                        0x08000353   Thumb Code     0  startup_stm32h743xx.o(.text)
    OTG_FS_WKUP_IRQHandler                   0x08000353   Thumb Code     0  startup_stm32h743xx.o(.text)
    OTG_HS_EP1_IN_IRQHandler                 0x08000353   Thumb Code     0  startup_stm32h743xx.o(.text)
    OTG_HS_EP1_OUT_IRQHandler                0x08000353   Thumb Code     0  startup_stm32h743xx.o(.text)
    OTG_HS_IRQHandler                        0x08000353   Thumb Code     0  startup_stm32h743xx.o(.text)
    OTG_HS_WKUP_IRQHandler                   0x08000353   Thumb Code     0  startup_stm32h743xx.o(.text)
    PVD_AVD_IRQHandler                       0x08000353   Thumb Code     0  startup_stm32h743xx.o(.text)
    QUADSPI_IRQHandler                       0x08000353   Thumb Code     0  startup_stm32h743xx.o(.text)
    RCC_IRQHandler                           0x08000353   Thumb Code     0  startup_stm32h743xx.o(.text)
    RNG_IRQHandler                           0x08000353   Thumb Code     0  startup_stm32h743xx.o(.text)
    RTC_Alarm_IRQHandler                     0x08000353   Thumb Code     0  startup_stm32h743xx.o(.text)
    RTC_WKUP_IRQHandler                      0x08000353   Thumb Code     0  startup_stm32h743xx.o(.text)
    SAI1_IRQHandler                          0x08000353   Thumb Code     0  startup_stm32h743xx.o(.text)
    SAI2_IRQHandler                          0x08000353   Thumb Code     0  startup_stm32h743xx.o(.text)
    SAI3_IRQHandler                          0x08000353   Thumb Code     0  startup_stm32h743xx.o(.text)
    SAI4_IRQHandler                          0x08000353   Thumb Code     0  startup_stm32h743xx.o(.text)
    SDMMC1_IRQHandler                        0x08000353   Thumb Code     0  startup_stm32h743xx.o(.text)
    SDMMC2_IRQHandler                        0x08000353   Thumb Code     0  startup_stm32h743xx.o(.text)
    SPDIF_RX_IRQHandler                      0x08000353   Thumb Code     0  startup_stm32h743xx.o(.text)
    SPI1_IRQHandler                          0x08000353   Thumb Code     0  startup_stm32h743xx.o(.text)
    SPI2_IRQHandler                          0x08000353   Thumb Code     0  startup_stm32h743xx.o(.text)
    SPI3_IRQHandler                          0x08000353   Thumb Code     0  startup_stm32h743xx.o(.text)
    SPI4_IRQHandler                          0x08000353   Thumb Code     0  startup_stm32h743xx.o(.text)
    SPI5_IRQHandler                          0x08000353   Thumb Code     0  startup_stm32h743xx.o(.text)
    SPI6_IRQHandler                          0x08000353   Thumb Code     0  startup_stm32h743xx.o(.text)
    SWPMI1_IRQHandler                        0x08000353   Thumb Code     0  startup_stm32h743xx.o(.text)
    TAMP_STAMP_IRQHandler                    0x08000353   Thumb Code     0  startup_stm32h743xx.o(.text)
    TIM15_IRQHandler                         0x08000353   Thumb Code     0  startup_stm32h743xx.o(.text)
    TIM16_IRQHandler                         0x08000353   Thumb Code     0  startup_stm32h743xx.o(.text)
    TIM17_IRQHandler                         0x08000353   Thumb Code     0  startup_stm32h743xx.o(.text)
    TIM1_BRK_IRQHandler                      0x08000353   Thumb Code     0  startup_stm32h743xx.o(.text)
    TIM1_CC_IRQHandler                       0x08000353   Thumb Code     0  startup_stm32h743xx.o(.text)
    TIM1_TRG_COM_IRQHandler                  0x08000353   Thumb Code     0  startup_stm32h743xx.o(.text)
    TIM1_UP_IRQHandler                       0x08000353   Thumb Code     0  startup_stm32h743xx.o(.text)
    TIM2_IRQHandler                          0x08000353   Thumb Code     0  startup_stm32h743xx.o(.text)
    TIM3_IRQHandler                          0x08000353   Thumb Code     0  startup_stm32h743xx.o(.text)
    TIM4_IRQHandler                          0x08000353   Thumb Code     0  startup_stm32h743xx.o(.text)
    TIM5_IRQHandler                          0x08000353   Thumb Code     0  startup_stm32h743xx.o(.text)
    TIM6_DAC_IRQHandler                      0x08000353   Thumb Code     0  startup_stm32h743xx.o(.text)
    TIM8_BRK_TIM12_IRQHandler                0x08000353   Thumb Code     0  startup_stm32h743xx.o(.text)
    TIM8_CC_IRQHandler                       0x08000353   Thumb Code     0  startup_stm32h743xx.o(.text)
    TIM8_TRG_COM_TIM14_IRQHandler            0x08000353   Thumb Code     0  startup_stm32h743xx.o(.text)
    TIM8_UP_TIM13_IRQHandler                 0x08000353   Thumb Code     0  startup_stm32h743xx.o(.text)
    UART4_IRQHandler                         0x08000353   Thumb Code     0  startup_stm32h743xx.o(.text)
    UART5_IRQHandler                         0x08000353   Thumb Code     0  startup_stm32h743xx.o(.text)
    UART7_IRQHandler                         0x08000353   Thumb Code     0  startup_stm32h743xx.o(.text)
    UART8_IRQHandler                         0x08000353   Thumb Code     0  startup_stm32h743xx.o(.text)
    USART1_IRQHandler                        0x08000353   Thumb Code     0  startup_stm32h743xx.o(.text)
    USART2_IRQHandler                        0x08000353   Thumb Code     0  startup_stm32h743xx.o(.text)
    USART3_IRQHandler                        0x08000353   Thumb Code     0  startup_stm32h743xx.o(.text)
    USART6_IRQHandler                        0x08000353   Thumb Code     0  startup_stm32h743xx.o(.text)
    WAKEUP_PIN_IRQHandler                    0x08000353   Thumb Code     0  startup_stm32h743xx.o(.text)
    WWDG_IRQHandler                          0x08000353   Thumb Code     0  startup_stm32h743xx.o(.text)
    __user_initial_stackheap                 0x08000355   Thumb Code     0  startup_stm32h743xx.o(.text)
    __aeabi_memcpy                           0x08000379   Thumb Code     0  rt_memcpy_v6.o(.text)
    __rt_memcpy                              0x08000379   Thumb Code   138  rt_memcpy_v6.o(.text)
    _memcpy_lastbytes                        0x080003df   Thumb Code     0  rt_memcpy_v6.o(.text)
    __aeabi_memclr                           0x08000403   Thumb Code     0  rt_memclr.o(.text)
    __rt_memclr                              0x08000403   Thumb Code     0  rt_memclr.o(.text)
    _memset                                  0x08000407   Thumb Code    64  rt_memclr.o(.text)
    __aeabi_memcpy4                          0x08000447   Thumb Code     0  rt_memcpy_w.o(.text)
    __aeabi_memcpy8                          0x08000447   Thumb Code     0  rt_memcpy_w.o(.text)
    __rt_memcpy_w                            0x08000447   Thumb Code   100  rt_memcpy_w.o(.text)
    _memcpy_lastbytes_aligned                0x0800048f   Thumb Code     0  rt_memcpy_w.o(.text)
    __user_setup_stackheap                   0x080004ab   Thumb Code    74  sys_stackheap_outer.o(.text)
    exit                                     0x080004f5   Thumb Code    18  exit.o(.text)
    _sys_exit                                0x08000509   Thumb Code     8  sys_exit.o(.text)
    _fp_init                                 0x08000519   Thumb Code    22  rtx_lib.o(.text.$Sub$$_fp_init)
    ADC_ConfigureBoostMode                   0x08000531   Thumb Code   276  stm32h7xx_hal_adc.o(.text.ADC_ConfigureBoostMode)
    EXTI15_10_IRQHandler                     0x08000649   Thumb Code    12  stm32h7xx_it.o(.text.EXTI15_10_IRQHandler)
    EventRecord2                             0x08000659   Thumb Code   406  eventrecorder.o(.text.EventRecord2)
    EventRecord4                             0x080007f1   Thumb Code   680  eventrecorder.o(.text.EventRecord4)
    EventRecorderEnable                      0x08000a99   Thumb Code   110  eventrecorder.o(.text.EventRecorderEnable)
    EventRecorderTimerGetCount               0x08000b09   Thumb Code    12  eventrecorder.o(.text.EventRecorderTimerGetCount)
    EvrRtxDelayCompleted                     0x08000b19   Thumb Code    20  rtx_evr.o(.text.EvrRtxDelayCompleted)
    EvrRtxEventFlagsWaitTimeout              0x08000b31   Thumb Code    20  rtx_evr.o(.text.EvrRtxEventFlagsWaitTimeout)
    EvrRtxKernelError                        0x08000b49   Thumb Code    16  rtx_evr.o(.text.EvrRtxKernelError)
    EvrRtxKernelInitialize                   0x08000b59   Thumb Code    20  rtx_evr.o(.text.EvrRtxKernelInitialize)
    EvrRtxKernelStart                        0x08000b71   Thumb Code    20  rtx_evr.o(.text.EvrRtxKernelStart)
    EvrRtxMemoryAlloc                        0x08000b89   Thumb Code    30  rtx_evr.o(.text.EvrRtxMemoryAlloc)
    EvrRtxMemoryFree                         0x08000ba9   Thumb Code    32  rtx_evr.o(.text.EvrRtxMemoryFree)
    EvrRtxMessageQueueCreated                0x08000bc9   Thumb Code    20  rtx_evr.o(.text.EvrRtxMessageQueueCreated)
    EvrRtxMessageQueueError                  0x08000be1   Thumb Code    16  rtx_evr.o(.text.EvrRtxMessageQueueError)
    EvrRtxMessageQueueGet                    0x08000bf1   Thumb Code    30  rtx_evr.o(.text.EvrRtxMessageQueueGet)
    EvrRtxMessageQueueGetPending             0x08000c11   Thumb Code    32  rtx_evr.o(.text.EvrRtxMessageQueueGetPending)
    EvrRtxMessageQueueInsertPending          0x08000c31   Thumb Code    20  rtx_evr.o(.text.EvrRtxMessageQueueInsertPending)
    EvrRtxMessageQueueNotInserted            0x08000c49   Thumb Code    20  rtx_evr.o(.text.EvrRtxMessageQueueNotInserted)
    EvrRtxMessageQueueRetrieved              0x08000c61   Thumb Code    20  rtx_evr.o(.text.EvrRtxMessageQueueRetrieved)
    EvrRtxMutexAcquirePending                0x08000c79   Thumb Code    20  rtx_evr.o(.text.EvrRtxMutexAcquirePending)
    EvrRtxMutexAcquired                      0x08000c91   Thumb Code    20  rtx_evr.o(.text.EvrRtxMutexAcquired)
    EvrRtxMutexCreated                       0x08000ca9   Thumb Code    20  rtx_evr.o(.text.EvrRtxMutexCreated)
    EvrRtxMutexDelete                        0x08000cc1   Thumb Code    20  rtx_evr.o(.text.EvrRtxMutexDelete)
    EvrRtxMutexRelease                       0x08000cd9   Thumb Code    20  rtx_evr.o(.text.EvrRtxMutexRelease)
    EvrRtxSemaphoreAcquireTimeout            0x08000cf1   Thumb Code    20  rtx_evr.o(.text.EvrRtxSemaphoreAcquireTimeout)
    EvrRtxThreadDestroyed                    0x08000d09   Thumb Code    20  rtx_evr.o(.text.EvrRtxThreadDestroyed)
    EvrRtxThreadError                        0x08000d21   Thumb Code    16  rtx_evr.o(.text.EvrRtxThreadError)
    EvrRtxThreadFlagsWaitCompleted           0x08000d31   Thumb Code    30  rtx_evr.o(.text.EvrRtxThreadFlagsWaitCompleted)
    EvrRtxThreadJoined                       0x08000d51   Thumb Code    20  rtx_evr.o(.text.EvrRtxThreadJoined)
    EvrRtxThreadNew                          0x08000d69   Thumb Code    32  rtx_evr.o(.text.EvrRtxThreadNew)
    EvrRtxThreadSwitched                     0x08000d89   Thumb Code    20  rtx_evr.o(.text.EvrRtxThreadSwitched)
    EvrRtxThreadUnblocked                    0x08000da1   Thumb Code    20  rtx_evr.o(.text.EvrRtxThreadUnblocked)
    HAL_ADC_ConfigChannel                    0x08000db9   Thumb Code   852  stm32h7xx_hal_adc.o(.text.HAL_ADC_ConfigChannel)
    HAL_ADC_Init                             0x08001111   Thumb Code   566  stm32h7xx_hal_adc.o(.text.HAL_ADC_Init)
    HAL_GPIO_EXTI_Callback                   0x08001349   Thumb Code    46  main.o(.text.HAL_GPIO_EXTI_Callback)
    HAL_GPIO_ReadPin                         0x08001379   Thumb Code    10  stm32h7xx_hal_gpio.o(.text.HAL_GPIO_ReadPin)
    HAL_GetREVID                             0x08001389   Thumb Code    14  stm32h7xx_hal.o(.text.HAL_GetREVID)
    HAL_NVIC_EnableIRQ                       0x08001399   Thumb Code    32  stm32h7xx_hal_cortex.o(.text.HAL_NVIC_EnableIRQ)
    HAL_NVIC_SetPriority                     0x080013b9   Thumb Code    94  stm32h7xx_hal_cortex.o(.text.HAL_NVIC_SetPriority)
    HAL_RCCEx_GetPLL1ClockFreq               0x08001419   Thumb Code   296  stm32h7xx_hal_rcc_ex.o(.text.HAL_RCCEx_GetPLL1ClockFreq)
    HAL_RCCEx_GetPLL3ClockFreq               0x08001541   Thumb Code   292  stm32h7xx_hal_rcc_ex.o(.text.HAL_RCCEx_GetPLL3ClockFreq)
    HAL_RCCEx_GetPeriphCLKFreq               0x08001669   Thumb Code   946  stm32h7xx_hal_rcc_ex.o(.text.HAL_RCCEx_GetPeriphCLKFreq)
    HAL_RCC_GetClockConfig                   0x08001a21   Thumb Code    88  stm32h7xx_hal_rcc.o(.text.HAL_RCC_GetClockConfig)
    HAL_RCC_GetPCLK1Freq                     0x08001a79   Thumb Code    96  stm32h7xx_hal_rcc.o(.text.HAL_RCC_GetPCLK1Freq)
    HAL_RCC_GetSysClockFreq                  0x08001ad9   Thumb Code   264  stm32h7xx_hal_rcc.o(.text.HAL_RCC_GetSysClockFreq)
    HAL_RCC_OscConfig                        0x08001be1   Thumb Code  1520  stm32h7xx_hal_rcc.o(.text.HAL_RCC_OscConfig)
    HAL_SPI_MspInit                          0x080021d1   Thumb Code   226  stm32h7xx_hal_msp.o(.text.HAL_SPI_MspInit)
    HAL_TIMEx_BreakCallback                  0x080022b9   Thumb Code     2  stm32h7xx_hal_tim_ex.o(.text.HAL_TIMEx_BreakCallback)
    HAL_TIM_Base_MspInit                     0x080022c1   Thumb Code     2  stm32h7xx_hal_tim.o(.text.HAL_TIM_Base_MspInit)
    HAL_TIM_OC_DelayElapsedCallback          0x080022c9   Thumb Code     2  stm32h7xx_hal_tim.o(.text.HAL_TIM_OC_DelayElapsedCallback)
    HAL_TIM_TriggerCallback                  0x080022d1   Thumb Code     2  stm32h7xx_hal_tim.o(.text.HAL_TIM_TriggerCallback)
    MemManage_Handler                        0x080022d9   Thumb Code     2  stm32h7xx_it.o(.text.MemManage_Handler)
    OS_Tick_AcknowledgeIRQ                   0x080022e1   Thumb Code    12  os_systick.o(.text.OS_Tick_AcknowledgeIRQ)
    OS_Tick_Enable                           0x080022f1   Thumb Code    50  os_systick.o(.text.OS_Tick_Enable)
    StartADC                                 0x08002329   Thumb Code     2  main.o(.text.StartADC)
    StartFFT                                 0x08002331   Thumb Code     2  main.o(.text.StartFFT)
    TIM_Base_SetConfig                       0x08002339   Thumb Code   314  stm32h7xx_hal_tim.o(.text.TIM_Base_SetConfig)
    UsageFault_Handler                       0x08002479   Thumb Code     2  stm32h7xx_it.o(.text.UsageFault_Handler)
    _platform_post_stackheap_init            0x08002481   Thumb Code     8  rtx_lib.o(.text._platform_post_stackheap_init)
    osKernelInitialize                       0x08002489   Thumb Code    56  rtx_kernel.o(.text.osKernelInitialize)
    osMessageQueueGet                        0x080024c1   Thumb Code   210  rtx_msgqueue.o(.text.osMessageQueueGet)
    osMessageQueuePut                        0x08002599   Thumb Code   162  rtx_msgqueue.o(.text.osMessageQueuePut)
    osMutexDelete                            0x08002641   Thumb Code    58  rtx_mutex.o(.text.osMutexDelete)
    osMutexNew                               0x08002681   Thumb Code    56  rtx_mutex.o(.text.osMutexNew)
    osMutexRelease                           0x080026b9   Thumb Code    58  rtx_mutex.o(.text.osMutexRelease)
    osRtxIdleThread                          0x080026f9   Thumb Code     2  rtx_config.o(.text.osRtxIdleThread)
    osRtxKernelErrorNotify                   0x08002701   Thumb Code    20  rtx_kernel.o(.text.osRtxKernelErrorNotify)
    osRtxMemoryPoolAlloc                     0x08002719   Thumb Code    68  rtx_mempool.o(.text.osRtxMemoryPoolAlloc)
    osRtxMemoryPoolFree                      0x08002761   Thumb Code    86  rtx_mempool.o(.text.osRtxMemoryPoolFree)
    osRtxMutexOwnerRelease                   0x08002979   Thumb Code   104  rtx_mutex.o(.text.osRtxMutexOwnerRelease)
    osRtxMutexOwnerRestore                   0x080029e1   Thumb Code    80  rtx_mutex.o(.text.osRtxMutexOwnerRestore)
    osRtxPostProcess                         0x08002a31   Thumb Code   116  rtx_system.o(.text.osRtxPostProcess)
    osRtxThreadDelayTick                     0x08002aa9   Thumb Code   352  rtx_thread.o(.text.osRtxThreadDelayTick)
    osRtxThreadDispatch                      0x08002c09   Thumb Code   232  rtx_thread.o(.text.osRtxThreadDispatch)
    osRtxThreadListPut                       0x08002cf1   Thumb Code    42  rtx_thread.o(.text.osRtxThreadListPut)
    osRtxThreadListRemove                    0x08002d21   Thumb Code    26  rtx_thread.o(.text.osRtxThreadListRemove)
    osRtxThreadRegPtr                        0x08002dd9   Thumb Code    20  rtx_thread.o(.text.osRtxThreadRegPtr)
    osRtxThreadStackCheck                    0x08002df1   Thumb Code    32  rtx_thread.o(.text.osRtxThreadStackCheck)
    osRtxThreadStartup                       0x08002e11   Thumb Code    74  rtx_thread.o(.text.osRtxThreadStartup)
    osRtxThreadSwitch                        0x08002e61   Thumb Code    22  rtx_thread.o(.text.osRtxThreadSwitch)
    osRtxThreadWaitEnter                     0x08002e79   Thumb Code   212  rtx_thread.o(.text.osRtxThreadWaitEnter)
    osRtxThreadWaitExit                      0x08002f51   Thumb Code   164  rtx_thread.o(.text.osRtxThreadWaitExit)
    osRtxTimerThread                         0x08002ff9   Thumb Code    42  rtx_timer.o(.text.osRtxTimerThread)
    osThreadExit                             0x080030f9   Thumb Code    26  rtx_thread.o(.text.osThreadExit)
    Short Thumb to Thumb Veneer to _memset_w 0x08003579   Thumb Code     4  anon$$obj.o(Veneer$$Code)
    $Super$$_fp_init                         0x0800357d   Thumb Code    26  fpinit.o(x$fpl$fpinit)
    __fplib_config_fpu_vfp                   0x08003595   Thumb Code     0  fpinit.o(x$fpl$fpinit)
    __fplib_config_pureend_doubles           0x08003595   Thumb Code     0  fpinit.o(x$fpl$fpinit)
    osRtxConfig                              0x08003598   Data         112  rtx_lib.o(.rodata)
    ADC_attributes                           0x08003608   Data          36  main.o(.rodata.ADC_attributes)
    D1CorePrescTable                         0x0800362c   Data          16  system_stm32h7xx.o(.rodata.D1CorePrescTable)
    EventRecorderInfo                        0x0800363c   Data          24  eventrecorder.o(.rodata.EventRecorderInfo)
    FFT_attributes                           0x08003654   Data          36  main.o(.rodata.FFT_attributes)
    defaultTask_attributes                   0x08003678   Data          36  main.o(.rodata.defaultTask_attributes)
    Region$$Table$$Base                      0x080036dc   Number         0  anon$$obj.o(Region$$Table)
    Region$$Table$$Limit                     0x080036fc   Number         0  anon$$obj.o(Region$$Table)
    __rt_lib_init                            0x08100001   Thumb Code     0  libinit.o(.ARM.Collect$$libinit$$00000000)
    __rt_lib_init_fp_1                       0x08100003   Thumb Code     0  libinit2.o(.ARM.Collect$$libinit$$00000001)
    __rt_lib_init_alloca_1                   0x08100007   Thumb Code     0  libinit2.o(.ARM.Collect$$libinit$$00000030)
    __rt_lib_init_argv_1                     0x08100007   Thumb Code     0  libinit2.o(.ARM.Collect$$libinit$$0000002E)
    __rt_lib_init_atexit_1                   0x08100007   Thumb Code     0  libinit2.o(.ARM.Collect$$libinit$$0000001D)
    __rt_lib_init_clock_1                    0x08100007   Thumb Code     0  libinit2.o(.ARM.Collect$$libinit$$00000023)
    __rt_lib_init_cpp_1                      0x08100007   Thumb Code     0  libinit2.o(.ARM.Collect$$libinit$$00000034)
    __rt_lib_init_exceptions_1               0x08100007   Thumb Code     0  libinit2.o(.ARM.Collect$$libinit$$00000032)
    __rt_lib_init_fp_trap_1                  0x08100007   Thumb Code     0  libinit2.o(.ARM.Collect$$libinit$$00000021)
    __rt_lib_init_getenv_1                   0x08100007   Thumb Code     0  libinit2.o(.ARM.Collect$$libinit$$00000025)
    __rt_lib_init_heap_1                     0x08100007   Thumb Code     0  libinit2.o(.ARM.Collect$$libinit$$0000000C)
    __rt_lib_init_lc_collate_1               0x08100007   Thumb Code     0  libinit2.o(.ARM.Collect$$libinit$$00000013)
    __rt_lib_init_lc_ctype_1                 0x08100007   Thumb Code     0  libinit2.o(.ARM.Collect$$libinit$$00000015)
    __rt_lib_init_lc_monetary_1              0x08100007   Thumb Code     0  libinit2.o(.ARM.Collect$$libinit$$00000017)
    __rt_lib_init_lc_numeric_1               0x08100007   Thumb Code     0  libinit2.o(.ARM.Collect$$libinit$$00000019)
    __rt_lib_init_lc_time_1                  0x08100007   Thumb Code     0  libinit2.o(.ARM.Collect$$libinit$$0000001B)
    __rt_lib_init_preinit_1                  0x08100007   Thumb Code     0  libinit2.o(.ARM.Collect$$libinit$$00000006)
    __rt_lib_init_rand_1                     0x08100007   Thumb Code     0  libinit2.o(.ARM.Collect$$libinit$$00000010)
    __rt_lib_init_relocate_pie_1             0x08100007   Thumb Code     0  libinit2.o(.ARM.Collect$$libinit$$00000004)
    __rt_lib_init_return                     0x08100007   Thumb Code     0  libinit2.o(.ARM.Collect$$libinit$$00000035)
    __rt_lib_init_signal_1                   0x08100007   Thumb Code     0  libinit2.o(.ARM.Collect$$libinit$$0000001F)
    __rt_lib_init_stdio_1                    0x08100007   Thumb Code     0  libinit2.o(.ARM.Collect$$libinit$$00000027)
    __rt_lib_init_user_alloc_1               0x08100007   Thumb Code     0  libinit2.o(.ARM.Collect$$libinit$$0000000E)
    SVC_Handler                              0x08100009   Thumb Code   210  irq_armv7m.o(.text)
    PendSV_Handler                           0x081000db   Thumb Code    16  irq_armv7m.o(.text)
    SysTick_Handler                          0x081000eb   Thumb Code    16  irq_armv7m.o(.text)
    __aeabi_memset4                          0x0810010d   Thumb Code    16  aeabi_memset4.o(.text)
    __aeabi_memset8                          0x0810010d   Thumb Code     0  aeabi_memset4.o(.text)
    __aeabi_memclr4                          0x0810011d   Thumb Code     0  rt_memclr_w.o(.text)
    __aeabi_memclr8                          0x0810011d   Thumb Code     0  rt_memclr_w.o(.text)
    __rt_memclr_w                            0x0810011d   Thumb Code     0  rt_memclr_w.o(.text)
    _memset_w                                0x08100121   Thumb Code    74  rt_memclr_w.o(.text)
    __use_two_region_memory                  0x0810016b   Thumb Code     2  heapauxi.o(.text)
    __rt_heap_escrow$2region                 0x0810016d   Thumb Code     2  heapauxi.o(.text)
    __rt_heap_expand$2region                 0x0810016f   Thumb Code     2  heapauxi.o(.text)
    __user_libspace                          0x08100171   Thumb Code     8  libspace.o(.text)
    __user_perproc_libspace                  0x08100171   Thumb Code     0  libspace.o(.text)
    __I$use$semihosting                      0x08100179   Thumb Code     0  use_no_semi.o(.text)
    __use_no_semihosting_swi                 0x08100179   Thumb Code     2  use_no_semi.o(.text)
    __semihosting_library_function           0x0810017b   Thumb Code     0  indicate_semi.o(.text)
    BusFault_Handler                         0x08100181   Thumb Code     2  stm32h7xx_it.o(.text.BusFault_Handler)
    DebugMon_Handler                         0x08100189   Thumb Code     2  stm32h7xx_it.o(.text.DebugMon_Handler)
    Error_Handler                            0x08100191   Thumb Code     6  main.o(.text.Error_Handler)
    EventRecorderDisable                     0x08100199   Thumb Code   110  eventrecorder.o(.text.EventRecorderDisable)
    EventRecorderInitialize                  0x08100209   Thumb Code   736  eventrecorder.o(.text.EventRecorderInitialize)
    EventRecorderStart                       0x081004e9   Thumb Code   326  eventrecorder.o(.text.EventRecorderStart)
    EventRecorderTimerGetFreq                0x08100631   Thumb Code    12  eventrecorder.o(.text.EventRecorderTimerGetFreq)
    EventRecorderTimerSetup                  0x08100641   Thumb Code    36  eventrecorder.o(.text.EventRecorderTimerSetup)
    EvrRtxKernelErrorNotify                  0x08100669   Thumb Code    16  rtx_evr.o(.text.EvrRtxKernelErrorNotify)
    EvrRtxKernelInitialized                  0x08100679   Thumb Code    20  rtx_evr.o(.text.EvrRtxKernelInitialized)
    EvrRtxKernelStarted                      0x08100691   Thumb Code    20  rtx_evr.o(.text.EvrRtxKernelStarted)
    EvrRtxMemoryBlockAlloc                   0x081006a9   Thumb Code    20  rtx_evr.o(.text.EvrRtxMemoryBlockAlloc)
    EvrRtxMemoryBlockFree                    0x081006c1   Thumb Code    32  rtx_evr.o(.text.EvrRtxMemoryBlockFree)
    EvrRtxMemoryBlockInit                    0x081006e1   Thumb Code    30  rtx_evr.o(.text.EvrRtxMemoryBlockInit)
    EvrRtxMemoryInit                         0x08100701   Thumb Code    28  rtx_evr.o(.text.EvrRtxMemoryInit)
    EvrRtxMemoryPoolAllocTimeout             0x08100721   Thumb Code    20  rtx_evr.o(.text.EvrRtxMemoryPoolAllocTimeout)
    EvrRtxMessageQueueGetTimeout             0x08100739   Thumb Code    20  rtx_evr.o(.text.EvrRtxMessageQueueGetTimeout)
    EvrRtxMessageQueueInserted               0x08100751   Thumb Code    20  rtx_evr.o(.text.EvrRtxMessageQueueInserted)
    EvrRtxMessageQueueNotRetrieved           0x08100769   Thumb Code    20  rtx_evr.o(.text.EvrRtxMessageQueueNotRetrieved)
    EvrRtxMessageQueuePut                    0x08100781   Thumb Code    30  rtx_evr.o(.text.EvrRtxMessageQueuePut)
    EvrRtxMessageQueuePutPending             0x081007a1   Thumb Code    32  rtx_evr.o(.text.EvrRtxMessageQueuePutPending)
    EvrRtxMessageQueuePutTimeout             0x081007c1   Thumb Code    20  rtx_evr.o(.text.EvrRtxMessageQueuePutTimeout)
    EvrRtxMutexAcquire                       0x081007d9   Thumb Code    20  rtx_evr.o(.text.EvrRtxMutexAcquire)
    EvrRtxMutexAcquireTimeout                0x081007f1   Thumb Code    20  rtx_evr.o(.text.EvrRtxMutexAcquireTimeout)
    EvrRtxMutexDestroyed                     0x08100809   Thumb Code    20  rtx_evr.o(.text.EvrRtxMutexDestroyed)
    EvrRtxMutexError                         0x08100821   Thumb Code    16  rtx_evr.o(.text.EvrRtxMutexError)
    EvrRtxMutexNew                           0x08100831   Thumb Code    20  rtx_evr.o(.text.EvrRtxMutexNew)
    EvrRtxMutexNotAcquired                   0x08100849   Thumb Code    20  rtx_evr.o(.text.EvrRtxMutexNotAcquired)
    EvrRtxMutexReleased                      0x08100861   Thumb Code    20  rtx_evr.o(.text.EvrRtxMutexReleased)
    EvrRtxThreadBlocked                      0x08100879   Thumb Code    20  rtx_evr.o(.text.EvrRtxThreadBlocked)
    EvrRtxThreadCreated                      0x08100891   Thumb Code    28  rtx_evr.o(.text.EvrRtxThreadCreated)
    EvrRtxThreadExit                         0x081008b1   Thumb Code    20  rtx_evr.o(.text.EvrRtxThreadExit)
    EvrRtxThreadFlagsWaitTimeout             0x081008c9   Thumb Code    20  rtx_evr.o(.text.EvrRtxThreadFlagsWaitTimeout)
    EvrRtxThreadPreempted                    0x081008e1   Thumb Code    20  rtx_evr.o(.text.EvrRtxThreadPreempted)
    EvrRtxTimerCallback                      0x081008f9   Thumb Code    20  rtx_evr.o(.text.EvrRtxTimerCallback)
    HAL_ADC_MspInit                          0x08100911   Thumb Code   112  stm32h7xx_hal_msp.o(.text.HAL_ADC_MspInit)
    HAL_Delay                                0x08100981   Thumb Code    40  stm32h7xx_hal.o(.text.HAL_Delay)
    HAL_GPIO_EXTI_IRQHandler                 0x081009a9   Thumb Code    24  stm32h7xx_hal_gpio.o(.text.HAL_GPIO_EXTI_IRQHandler)
    HAL_GPIO_Init                            0x081009c1   Thumb Code   430  stm32h7xx_hal_gpio.o(.text.HAL_GPIO_Init)
    HAL_GPIO_TogglePin                       0x08100b71   Thumb Code    16  stm32h7xx_hal_gpio.o(.text.HAL_GPIO_TogglePin)
    HAL_GPIO_WritePin                        0x08100b81   Thumb Code    10  stm32h7xx_hal_gpio.o(.text.HAL_GPIO_WritePin)
    HAL_GetTick                              0x08100b91   Thumb Code    12  stm32h7xx_hal.o(.text.HAL_GetTick)
    HAL_IncTick                              0x08100ba1   Thumb Code    26  stm32h7xx_hal.o(.text.HAL_IncTick)
    HAL_Init                                 0x08100bc1   Thumb Code   100  stm32h7xx_hal.o(.text.HAL_Init)
    HAL_InitTick                             0x08100c29   Thumb Code   164  stm32h7xx_hal_timebase_tim.o(.text.HAL_InitTick)
    HAL_MspInit                              0x08100cd1   Thumb Code    32  stm32h7xx_hal_msp.o(.text.HAL_MspInit)
    HAL_NVIC_SetPriorityGrouping             0x08100cf1   Thumb Code    32  stm32h7xx_hal_cortex.o(.text.HAL_NVIC_SetPriorityGrouping)
    HAL_PWREx_ConfigSupply                   0x08100d11   Thumb Code    72  stm32h7xx_hal_pwr_ex.o(.text.HAL_PWREx_ConfigSupply)
    HAL_RCCEx_GetPLL2ClockFreq               0x08100d59   Thumb Code   292  stm32h7xx_hal_rcc_ex.o(.text.HAL_RCCEx_GetPLL2ClockFreq)
    HAL_RCCEx_PeriphCLKConfig                0x08100e81   Thumb Code  2400  stm32h7xx_hal_rcc_ex.o(.text.HAL_RCCEx_PeriphCLKConfig)
    HAL_RCC_ClockConfig                      0x081017e1   Thumb Code   596  stm32h7xx_hal_rcc.o(.text.HAL_RCC_ClockConfig)
    HAL_RCC_GetHCLKFreq                      0x08101a39   Thumb Code    76  stm32h7xx_hal_rcc.o(.text.HAL_RCC_GetHCLKFreq)
    HAL_SPI_Init                             0x08101a89   Thumb Code   354  stm32h7xx_hal_spi.o(.text.HAL_SPI_Init)
    HAL_TIMEx_Break2Callback                 0x08101bf1   Thumb Code     2  stm32h7xx_hal_tim_ex.o(.text.HAL_TIMEx_Break2Callback)
    HAL_TIMEx_CommutCallback                 0x08101bf9   Thumb Code     2  stm32h7xx_hal_tim_ex.o(.text.HAL_TIMEx_CommutCallback)
    HAL_TIM_Base_Init                        0x08101c01   Thumb Code    96  stm32h7xx_hal_tim.o(.text.HAL_TIM_Base_Init)
    HAL_TIM_Base_Start_IT                    0x08101c61   Thumb Code   160  stm32h7xx_hal_tim.o(.text.HAL_TIM_Base_Start_IT)
    HAL_TIM_IC_CaptureCallback               0x08101d01   Thumb Code     2  stm32h7xx_hal_tim.o(.text.HAL_TIM_IC_CaptureCallback)
    HAL_TIM_IRQHandler                       0x08101d09   Thumb Code   392  stm32h7xx_hal_tim.o(.text.HAL_TIM_IRQHandler)
    HAL_TIM_PWM_PulseFinishedCallback        0x08101e91   Thumb Code     2  stm32h7xx_hal_tim.o(.text.HAL_TIM_PWM_PulseFinishedCallback)
    HAL_TIM_PeriodElapsedCallback            0x08101e99   Thumb Code    24  main.o(.text.HAL_TIM_PeriodElapsedCallback)
    HardFault_Handler                        0x08101eb1   Thumb Code    18  stm32h7xx_it.o(.text.HardFault_Handler)
    NMI_Handler                              0x08101ec9   Thumb Code     2  stm32h7xx_it.o(.text.NMI_Handler)
    OS_Tick_GetIRQn                          0x08101ed1   Thumb Code     6  os_systick.o(.text.OS_Tick_GetIRQn)
    OS_Tick_Setup                            0x08101ed9   Thumb Code    72  os_systick.o(.text.OS_Tick_Setup)
    StartDefaultTask                         0x08102161   Thumb Code    20  main.o(.text.StartDefaultTask)
    StartDisplay                             0x08102179   Thumb Code     2  main.o(.text.StartDisplay)
    SystemClock_Config                       0x08102181   Thumb Code   210  main.o(.text.SystemClock_Config)
    SystemInit                               0x08102259   Thumb Code   242  system_stm32h7xx.o(.text.SystemInit)
    TIM7_IRQHandler                          0x08102351   Thumb Code    16  stm32h7xx_it.o(.text.TIM7_IRQHandler)
    _mutex_acquire                           0x08102361   Thumb Code    48  rtx_lib.o(.text._mutex_acquire)
    _mutex_free                              0x08102391   Thumb Code    10  rtx_lib.o(.text._mutex_free)
    _mutex_initialize                        0x081023a1   Thumb Code    32  rtx_lib.o(.text._mutex_initialize)
    _mutex_release                           0x081023c1   Thumb Code    44  rtx_lib.o(.text._mutex_release)
    main                                     0x081023f1   Thumb Code   886  main.o(.text.main)
    osKernelGetState                         0x08102769   Thumb Code    50  rtx_kernel.o(.text.osKernelGetState)
    osKernelStart                            0x081027a1   Thumb Code    52  rtx_kernel.o(.text.osKernelStart)
    osMutexAcquire                           0x081027d9   Thumb Code    62  rtx_mutex.o(.text.osMutexAcquire)
    osRtxErrorNotify                         0x08102819   Thumb Code     2  rtx_config.o(.text.osRtxErrorNotify)
    osRtxKernelPreInit                       0x08102821   Thumb Code   242  rtx_lib.o(.text.osRtxKernelPreInit)
    osRtxMemoryAlloc                         0x08102919   Thumb Code   132  rtx_memory.o(.text.osRtxMemoryAlloc)
    osRtxMemoryFree                          0x081029a1   Thumb Code    86  rtx_memory.o(.text.osRtxMemoryFree)
    osRtxMemoryInit                          0x081029f9   Thumb Code    64  rtx_memory.o(.text.osRtxMemoryInit)
    osRtxMemoryPoolInit                      0x08102a39   Thumb Code    90  rtx_mempool.o(.text.osRtxMemoryPoolInit)
    osRtxMessageQueueTimerSetup              0x08102a99   Thumb Code    44  rtx_msgqueue.o(.text.osRtxMessageQueueTimerSetup)
    osRtxPendSV_Handler                      0x08102ac9   Thumb Code   150  rtx_system.o(.text.osRtxPendSV_Handler)
    osRtxThreadListGet                       0x08102bc9   Thumb Code    20  rtx_thread.o(.text.osRtxThreadListGet)
    osRtxThreadListSort                      0x08102be1   Thumb Code    86  rtx_thread.o(.text.osRtxThreadListSort)
    osRtxThreadReadyPut                      0x08102c39   Thumb Code    58  rtx_thread.o(.text.osRtxThreadReadyPut)
    osRtxTick_Handler                        0x08102c79   Thumb Code   130  rtx_system.o(.text.osRtxTick_Handler)
    osRtxTimerSetup                          0x08102d01   Thumb Code    38  rtx_timer.o(.text.osRtxTimerSetup)
    osThreadNew                              0x08102d29   Thumb Code    64  rtx_thread.o(.text.osThreadNew)
    os_cb_sections                           0x081035e8   Data          56  rtx_lib.o(.rodata)
    Display_attributes                       0x08103620   Data          36  main.o(.rodata.Display_attributes)
    osRtxUserSVC                             0x08103644   Data           4  rtx_lib.o(.rodata.osRtxUserSVC)
    SystemCoreClock                          0x20000000   Data           4  system_stm32h7xx.o(.data.SystemCoreClock)
    SystemD2Clock                            0x20000004   Data           4  system_stm32h7xx.o(.data.SystemD2Clock)
    osRtxInfo                                0x20000008   Data         164  rtx_kernel.o(.data.os)
    uwTickFreq                               0x200000ac   Data           1  stm32h7xx_hal.o(.data.uwTickFreq)
    uwTickPrio                               0x200000b0   Data           4  stm32h7xx_hal.o(.data.uwTickPrio)
    __libspace_start                         0x200000b8   Data          96  libspace.o(.bss)
    ADCHandle                                0x20000118   Data           4  main.o(.bss.ADCHandle)
    __temporary_stack_top$libspace           0x20000118   Data           0  libspace.o(.bss)
    DisplayHandle                            0x2000011c   Data           4  main.o(.bss.DisplayHandle)
    FFTHandle                                0x20000120   Data           4  main.o(.bss.FFTHandle)
    defaultTaskHandle                        0x20000124   Data           4  main.o(.bss.defaultTaskHandle)
    hadc3                                    0x20000128   Data         100  main.o(.bss.hadc3)
    hspi3                                    0x2000018c   Data         136  main.o(.bss.hspi3)
    htim7                                    0x20000214   Data          76  stm32h7xx_hal_timebase_tim.o(.bss.htim7)
    .bss.os.msgqueue.cb$$Base                0x200012a4   Number         0  rtx_lib.o(.bss.os.msgqueue.cb)
    .bss.os.msgqueue.cb$$Limit               0x200012d8   Number         0  rtx_lib.o(.bss.os.msgqueue.cb)
    .bss.os.thread.cb$$Base                  0x20001328   Number         0  rtx_lib.o(.bss.os.thread.cb)
    .bss.os.thread.cb$$Limit                 0x200013b0   Number         0  rtx_lib.o(.bss.os.thread.cb)
    uwTick                                   0x200015b4   Data           4  stm32h7xx_hal.o(.bss.uwTick)



==============================================================================

Memory Map of the image

  Image Entry point : 0x08000299

  Load Region LR_IROM1 (Base: 0x08000000, Size: 0x000037b8, Max: 0x00100000, ABSOLUTE)

    Execution Region ER_IROM1 (Exec base: 0x08000000, Load base: 0x08000000, Size: 0x000036fc, Max: 0x00100000, ABSOLUTE)

    Exec Addr    Load Addr    Size         Type   Attr      Idx    E Section Name        Object

    0x08000000   0x08000000   0x00000298   Data   RO         2206    RESET               startup_stm32h743xx.o
    0x08000298   0x08000298   0x00000008   Code   RO         2696  * !!!main             c_w.l(__main.o)
    0x080002a0   0x080002a0   0x00000034   Code   RO         2861    !!!scatter          c_w.l(__scatter.o)
    0x080002d4   0x080002d4   0x0000001a   Code   RO         2863    !!handler_copy      c_w.l(__scatter_copy.o)
    0x080002ee   0x080002ee   0x00000002   PAD
    0x080002f0   0x080002f0   0x0000001c   Code   RO         2865    !!handler_zi        c_w.l(__scatter_zi.o)
    0x0800030c   0x0800030c   0x00000002   Code   RO         2797    .ARM.Collect$$libshutdown$$00000000  c_w.l(libshutdown.o)
    0x0800030e   0x0800030e   0x00000000   Code   RO         2812    .ARM.Collect$$libshutdown$$00000002  c_w.l(libshutdown2.o)
    0x0800030e   0x0800030e   0x00000000   Code   RO         2814    .ARM.Collect$$libshutdown$$00000004  c_w.l(libshutdown2.o)
    0x0800030e   0x0800030e   0x00000000   Code   RO         2817    .ARM.Collect$$libshutdown$$00000007  c_w.l(libshutdown2.o)
    0x0800030e   0x0800030e   0x00000000   Code   RO         2820    .ARM.Collect$$libshutdown$$0000000A  c_w.l(libshutdown2.o)
    0x0800030e   0x0800030e   0x00000000   Code   RO         2822    .ARM.Collect$$libshutdown$$0000000C  c_w.l(libshutdown2.o)
    0x0800030e   0x0800030e   0x00000000   Code   RO         2825    .ARM.Collect$$libshutdown$$0000000F  c_w.l(libshutdown2.o)
    0x0800030e   0x0800030e   0x00000002   Code   RO         2826    .ARM.Collect$$libshutdown$$00000010  c_w.l(libshutdown2.o)
    0x08000310   0x08000310   0x00000000   Code   RO         2700    .ARM.Collect$$rtentry$$00000000  c_w.l(__rtentry.o)
    0x08000310   0x08000310   0x00000000   Code   RO         2704    .ARM.Collect$$rtentry$$00000002  c_w.l(__rtentry2.o)
    0x08000310   0x08000310   0x00000006   Code   RO         2716    .ARM.Collect$$rtentry$$00000004  c_w.l(__rtentry4.o)
    0x08000316   0x08000316   0x00000008   Code   RO         2705    .ARM.Collect$$rtentry$$00000008  c_w.l(__rtentry2.o)
    0x0800031e   0x0800031e   0x00000004   Code   RO         2707    .ARM.Collect$$rtentry$$0000000A  c_w.l(__rtentry2.o)
    0x08000322   0x08000322   0x00000000   Code   RO         2709    .ARM.Collect$$rtentry$$0000000C  c_w.l(__rtentry2.o)
    0x08000322   0x08000322   0x00000008   Code   RO         2710    .ARM.Collect$$rtentry$$0000000D  c_w.l(__rtentry2.o)
    0x0800032a   0x0800032a   0x00000002   Code   RO         2729    .ARM.Collect$$rtexit$$00000000  c_w.l(rtexit.o)
    0x0800032c   0x0800032c   0x00000000   Code   RO         2779    .ARM.Collect$$rtexit$$00000002  c_w.l(rtexit2.o)
    0x0800032c   0x0800032c   0x00000004   Code   RO         2780    .ARM.Collect$$rtexit$$00000003  c_w.l(rtexit2.o)
    0x08000330   0x08000330   0x00000006   Code   RO         2781    .ARM.Collect$$rtexit$$00000004  c_w.l(rtexit2.o)
    0x08000336   0x08000336   0x00000002   PAD
    0x08000338   0x08000338   0x00000040   Code   RO         2207    .text               startup_stm32h743xx.o
    0x08000378   0x08000378   0x0000008a   Code   RO         2686    .text               c_w.l(rt_memcpy_v6.o)
    0x08000402   0x08000402   0x00000044   Code   RO         2690    .text               c_w.l(rt_memclr.o)
    0x08000446   0x08000446   0x00000064   Code   RO         2701    .text               c_w.l(rt_memcpy_w.o)
    0x080004aa   0x080004aa   0x0000004a   Code   RO         2718    .text               c_w.l(sys_stackheap_outer.o)
    0x080004f4   0x080004f4   0x00000012   Code   RO         2720    .text               c_w.l(exit.o)
    0x08000506   0x08000506   0x00000002   PAD
    0x08000508   0x08000508   0x0000000c   Code   RO         2787    .text               c_w.l(sys_exit.o)
    0x08000514   0x08000514   0x00000004   PAD
    0x08000518   0x08000518   0x00000016   Code   RO          866    .text.$Sub$$_fp_init  rtx_lib.o
    0x0800052e   0x0800052e   0x00000002   PAD
    0x08000530   0x08000530   0x00000114   Code   RO         1447    .text.ADC_ConfigureBoostMode  stm32h7xx_hal_adc.o
    0x08000644   0x08000644   0x00000004   PAD
    0x08000648   0x08000648   0x0000000c   Code   RO           75    .text.EXTI15_10_IRQHandler  stm32h7xx_it.o
    0x08000654   0x08000654   0x00000004   PAD
    0x08000658   0x08000658   0x00000196   Code   RO         1321    .text.EventRecord2  eventrecorder.o
    0x080007ee   0x080007ee   0x00000002   PAD
    0x080007f0   0x080007f0   0x000002a8   Code   RO         1323    .text.EventRecord4  eventrecorder.o
    0x08000a98   0x08000a98   0x0000006e   Code   RO         1309    .text.EventRecorderEnable  eventrecorder.o
    0x08000b06   0x08000b06   0x00000002   PAD
    0x08000b08   0x08000b08   0x0000000c   Code   RO         1305    .text.EventRecorderTimerGetCount  eventrecorder.o
    0x08000b14   0x08000b14   0x00000004   PAD
    0x08000b18   0x08000b18   0x00000014   Code   RO          592    .text.EvrRtxDelayCompleted  rtx_evr.o
    0x08000b2c   0x08000b2c   0x00000004   PAD
    0x08000b30   0x08000b30   0x00000014   Code   RO          640    .text.EvrRtxEventFlagsWaitTimeout  rtx_evr.o
    0x08000b44   0x08000b44   0x00000004   PAD
    0x08000b48   0x08000b48   0x00000010   Code   RO          456    .text.EvrRtxKernelError  rtx_evr.o
    0x08000b58   0x08000b58   0x00000014   Code   RO          458    .text.EvrRtxKernelInitialize  rtx_evr.o
    0x08000b6c   0x08000b6c   0x00000004   PAD
    0x08000b70   0x08000b70   0x00000014   Code   RO          466    .text.EvrRtxKernelStart  rtx_evr.o
    0x08000b84   0x08000b84   0x00000004   PAD
    0x08000b88   0x08000b88   0x0000001e   Code   RO          446    .text.EvrRtxMemoryAlloc  rtx_evr.o
    0x08000ba6   0x08000ba6   0x00000002   PAD
    0x08000ba8   0x08000ba8   0x00000020   Code   RO          448    .text.EvrRtxMemoryFree  rtx_evr.o
    0x08000bc8   0x08000bc8   0x00000014   Code   RO          746    .text.EvrRtxMessageQueueCreated  rtx_evr.o
    0x08000bdc   0x08000bdc   0x00000004   PAD
    0x08000be0   0x08000be0   0x00000010   Code   RO          742    .text.EvrRtxMessageQueueError  rtx_evr.o
    0x08000bf0   0x08000bf0   0x0000001e   Code   RO          762    .text.EvrRtxMessageQueueGet  rtx_evr.o
    0x08000c0e   0x08000c0e   0x00000002   PAD
    0x08000c10   0x08000c10   0x00000020   Code   RO          764    .text.EvrRtxMessageQueueGetPending  rtx_evr.o
    0x08000c30   0x08000c30   0x00000014   Code   RO          756    .text.EvrRtxMessageQueueInsertPending  rtx_evr.o
    0x08000c44   0x08000c44   0x00000004   PAD
    0x08000c48   0x08000c48   0x00000014   Code   RO          760    .text.EvrRtxMessageQueueNotInserted  rtx_evr.o
    0x08000c5c   0x08000c5c   0x00000004   PAD
    0x08000c60   0x08000c60   0x00000014   Code   RO          768    .text.EvrRtxMessageQueueRetrieved  rtx_evr.o
    0x08000c74   0x08000c74   0x00000004   PAD
    0x08000c78   0x08000c78   0x00000014   Code   RO          660    .text.EvrRtxMutexAcquirePending  rtx_evr.o
    0x08000c8c   0x08000c8c   0x00000004   PAD
    0x08000c90   0x08000c90   0x00000014   Code   RO          664    .text.EvrRtxMutexAcquired  rtx_evr.o
    0x08000ca4   0x08000ca4   0x00000004   PAD
    0x08000ca8   0x08000ca8   0x00000014   Code   RO          654    .text.EvrRtxMutexCreated  rtx_evr.o
    0x08000cbc   0x08000cbc   0x00000004   PAD
    0x08000cc0   0x08000cc0   0x00000014   Code   RO          674    .text.EvrRtxMutexDelete  rtx_evr.o
    0x08000cd4   0x08000cd4   0x00000004   PAD
    0x08000cd8   0x08000cd8   0x00000014   Code   RO          668    .text.EvrRtxMutexRelease  rtx_evr.o
    0x08000cec   0x08000cec   0x00000004   PAD
    0x08000cf0   0x08000cf0   0x00000014   Code   RO          690    .text.EvrRtxSemaphoreAcquireTimeout  rtx_evr.o
    0x08000d04   0x08000d04   0x00000004   PAD
    0x08000d08   0x08000d08   0x00000014   Code   RO          554    .text.EvrRtxThreadDestroyed  rtx_evr.o
    0x08000d1c   0x08000d1c   0x00000004   PAD
    0x08000d20   0x08000d20   0x00000010   Code   RO          500    .text.EvrRtxThreadError  rtx_evr.o
    0x08000d30   0x08000d30   0x0000001e   Code   RO          578    .text.EvrRtxThreadFlagsWaitCompleted  rtx_evr.o
    0x08000d4e   0x08000d4e   0x00000002   PAD
    0x08000d50   0x08000d50   0x00000014   Code   RO          540    .text.EvrRtxThreadJoined  rtx_evr.o
    0x08000d64   0x08000d64   0x00000004   PAD
    0x08000d68   0x08000d68   0x00000020   Code   RO          502    .text.EvrRtxThreadNew  rtx_evr.o
    0x08000d88   0x08000d88   0x00000014   Code   RO          548    .text.EvrRtxThreadSwitched  rtx_evr.o
    0x08000d9c   0x08000d9c   0x00000004   PAD
    0x08000da0   0x08000da0   0x00000014   Code   RO          544    .text.EvrRtxThreadUnblocked  rtx_evr.o
    0x08000db4   0x08000db4   0x00000004   PAD
    0x08000db8   0x08000db8   0x00000354   Code   RO         1493    .text.HAL_ADC_ConfigChannel  stm32h7xx_hal_adc.o
    0x0800110c   0x0800110c   0x00000004   PAD
    0x08001110   0x08001110   0x00000236   Code   RO         1443    .text.HAL_ADC_Init  stm32h7xx_hal_adc.o
    0x08001346   0x08001346   0x00000002   PAD
    0x08001348   0x08001348   0x0000002e   Code   RO           16    .text.HAL_GPIO_EXTI_Callback  main.o
    0x08001376   0x08001376   0x00000002   PAD
    0x08001378   0x08001378   0x0000000a   Code   RO         1717    .text.HAL_GPIO_ReadPin  stm32h7xx_hal_gpio.o
    0x08001382   0x08001382   0x00000006   PAD
    0x08001388   0x08001388   0x0000000e   Code   RO         1364    .text.HAL_GetREVID  stm32h7xx_hal.o
    0x08001396   0x08001396   0x00000002   PAD
    0x08001398   0x08001398   0x00000020   Code   RO         1581    .text.HAL_NVIC_EnableIRQ  stm32h7xx_hal_cortex.o
    0x080013b8   0x080013b8   0x0000005e   Code   RO         1579    .text.HAL_NVIC_SetPriority  stm32h7xx_hal_cortex.o
    0x08001416   0x08001416   0x00000002   PAD
    0x08001418   0x08001418   0x00000128   Code   RO         2129    .text.HAL_RCCEx_GetPLL1ClockFreq  stm32h7xx_hal_rcc_ex.o
    0x08001540   0x08001540   0x00000124   Code   RO         2133    .text.HAL_RCCEx_GetPLL3ClockFreq  stm32h7xx_hal_rcc_ex.o
    0x08001664   0x08001664   0x00000004   PAD
    0x08001668   0x08001668   0x000003b2   Code   RO         2127    .text.HAL_RCCEx_GetPeriphCLKFreq  stm32h7xx_hal_rcc_ex.o
    0x08001a1a   0x08001a1a   0x00000006   PAD
    0x08001a20   0x08001a20   0x00000058   Code   RO         2105    .text.HAL_RCC_GetClockConfig  stm32h7xx_hal_rcc.o
    0x08001a78   0x08001a78   0x00000060   Code   RO         2099    .text.HAL_RCC_GetPCLK1Freq  stm32h7xx_hal_rcc.o
    0x08001ad8   0x08001ad8   0x00000108   Code   RO         2089    .text.HAL_RCC_GetSysClockFreq  stm32h7xx_hal_rcc.o
    0x08001be0   0x08001be0   0x000005f0   Code   RO         2085    .text.HAL_RCC_OscConfig  stm32h7xx_hal_rcc.o
    0x080021d0   0x080021d0   0x000000e2   Code   RO         2193    .text.HAL_SPI_MspInit  stm32h7xx_hal_msp.o
    0x080022b2   0x080022b2   0x00000006   PAD
    0x080022b8   0x080022b8   0x00000002   Code   RO         2540    .text.HAL_TIMEx_BreakCallback  stm32h7xx_hal_tim_ex.o
    0x080022ba   0x080022ba   0x00000006   PAD
    0x080022c0   0x080022c0   0x00000002   Code   RO         2231    .text.HAL_TIM_Base_MspInit  stm32h7xx_hal_tim.o
    0x080022c2   0x080022c2   0x00000006   PAD
    0x080022c8   0x080022c8   0x00000002   Code   RO         2367    .text.HAL_TIM_OC_DelayElapsedCallback  stm32h7xx_hal_tim.o
    0x080022ca   0x080022ca   0x00000006   PAD
    0x080022d0   0x080022d0   0x00000002   Code   RO         2373    .text.HAL_TIM_TriggerCallback  stm32h7xx_hal_tim.o
    0x080022d2   0x080022d2   0x00000006   PAD
    0x080022d8   0x080022d8   0x00000002   Code   RO           67    .text.MemManage_Handler  stm32h7xx_it.o
    0x080022da   0x080022da   0x00000006   PAD
    0x080022e0   0x080022e0   0x0000000c   Code   RO         1269    .text.OS_Tick_AcknowledgeIRQ  os_systick.o
    0x080022ec   0x080022ec   0x00000004   PAD
    0x080022f0   0x080022f0   0x00000032   Code   RO         1265    .text.OS_Tick_Enable  os_systick.o
    0x08002322   0x08002322   0x00000006   PAD
    0x08002328   0x08002328   0x00000002   Code   RO           24    .text.StartADC      main.o
    0x0800232a   0x0800232a   0x00000006   PAD
    0x08002330   0x08002330   0x00000002   Code   RO           28    .text.StartFFT      main.o
    0x08002332   0x08002332   0x00000006   PAD
    0x08002338   0x08002338   0x0000013a   Code   RO         2233    .text.TIM_Base_SetConfig  stm32h7xx_hal_tim.o
    0x08002472   0x08002472   0x00000006   PAD
    0x08002478   0x08002478   0x00000002   Code   RO           71    .text.UsageFault_Handler  stm32h7xx_it.o
    0x0800247a   0x0800247a   0x00000006   PAD
    0x08002480   0x08002480   0x00000008   Code   RO          862    .text._platform_post_stackheap_init  rtx_lib.o
    0x08002488   0x08002488   0x00000038   Code   RO          800    .text.osKernelInitialize  rtx_kernel.o
    0x080024c0   0x080024c0   0x000000d2   Code   RO          977    .text.osMessageQueueGet  rtx_msgqueue.o
    0x08002592   0x08002592   0x00000006   PAD
    0x08002598   0x08002598   0x000000a2   Code   RO          975    .text.osMessageQueuePut  rtx_msgqueue.o
    0x0800263a   0x0800263a   0x00000006   PAD
    0x08002640   0x08002640   0x0000003a   Code   RO         1033    .text.osMutexDelete  rtx_mutex.o
    0x0800267a   0x0800267a   0x00000006   PAD
    0x08002680   0x08002680   0x00000038   Code   RO         1023    .text.osMutexNew    rtx_mutex.o
    0x080026b8   0x080026b8   0x0000003a   Code   RO         1029    .text.osMutexRelease  rtx_mutex.o
    0x080026f2   0x080026f2   0x00000006   PAD
    0x080026f8   0x080026f8   0x00000002   Code   RO         1290    .text.osRtxIdleThread  rtx_config.o
    0x080026fa   0x080026fa   0x00000006   PAD
    0x08002700   0x08002700   0x00000014   Code   RO          798    .text.osRtxKernelErrorNotify  rtx_kernel.o
    0x08002714   0x08002714   0x00000004   PAD
    0x08002718   0x08002718   0x00000044   Code   RO          917    .text.osRtxMemoryPoolAlloc  rtx_mempool.o
    0x0800275c   0x0800275c   0x00000004   PAD
    0x08002760   0x08002760   0x00000056   Code   RO          919    .text.osRtxMemoryPoolFree  rtx_mempool.o
    0x080027b6   0x080027b6   0x00000002   PAD
    0x080027b8   0x080027b8   0x000001ba   Code   RO          999    .text.osRtxMessageQueuePostProcess  rtx_msgqueue.o
    0x08002972   0x08002972   0x00000006   PAD
    0x08002978   0x08002978   0x00000068   Code   RO         1019    .text.osRtxMutexOwnerRelease  rtx_mutex.o
    0x080029e0   0x080029e0   0x00000050   Code   RO         1021    .text.osRtxMutexOwnerRestore  rtx_mutex.o
    0x08002a30   0x08002a30   0x00000074   Code   RO         1093    .text.osRtxPostProcess  rtx_system.o
    0x08002aa4   0x08002aa4   0x00000004   PAD
    0x08002aa8   0x08002aa8   0x00000160   Code   RO         1113    .text.osRtxThreadDelayTick  rtx_thread.o
    0x08002c08   0x08002c08   0x000000e8   Code   RO         1119    .text.osRtxThreadDispatch  rtx_thread.o
    0x08002cf0   0x08002cf0   0x0000002a   Code   RO         1103    .text.osRtxThreadListPut  rtx_thread.o
    0x08002d1a   0x08002d1a   0x00000006   PAD
    0x08002d20   0x08002d20   0x0000001a   Code   RO         1109    .text.osRtxThreadListRemove  rtx_thread.o
    0x08002d3a   0x08002d3a   0x00000006   PAD
    0x08002d40   0x08002d40   0x00000098   Code   RO         1175    .text.osRtxThreadPostProcess  rtx_thread.o
    0x08002dd8   0x08002dd8   0x00000014   Code   RO         1115    .text.osRtxThreadRegPtr  rtx_thread.o
    0x08002dec   0x08002dec   0x00000004   PAD
    0x08002df0   0x08002df0   0x00000020   Code   RO         1125    .text.osRtxThreadStackCheck  rtx_thread.o
    0x08002e10   0x08002e10   0x0000004a   Code   RO         1127    .text.osRtxThreadStartup  rtx_thread.o
    0x08002e5a   0x08002e5a   0x00000006   PAD
    0x08002e60   0x08002e60   0x00000016   Code   RO         1117    .text.osRtxThreadSwitch  rtx_thread.o
    0x08002e76   0x08002e76   0x00000002   PAD
    0x08002e78   0x08002e78   0x000000d4   Code   RO         1123    .text.osRtxThreadWaitEnter  rtx_thread.o
    0x08002f4c   0x08002f4c   0x00000004   PAD
    0x08002f50   0x08002f50   0x000000a4   Code   RO         1121    .text.osRtxThreadWaitExit  rtx_thread.o
    0x08002ff4   0x08002ff4   0x00000004   PAD
    0x08002ff8   0x08002ff8   0x0000002a   Code   RO         1229    .text.osRtxTimerThread  rtx_timer.o
    0x08003022   0x08003022   0x00000006   PAD
    0x08003028   0x08003028   0x000000ca   Code   RO         1227    .text.osRtxTimerTick  rtx_timer.o
    0x080030f2   0x080030f2   0x00000006   PAD
    0x080030f8   0x080030f8   0x0000001a   Code   RO         1159    .text.osThreadExit  rtx_thread.o
    0x08003112   0x08003112   0x00000006   PAD
    0x08003118   0x08003118   0x00000150   Code   RO          838    .text.svcRtxKernelInitialize  rtx_kernel.o
    0x08003268   0x08003268   0x00000186   Code   RO          969    .text.svcRtxMessageQueueNew  rtx_msgqueue.o
    0x080033ee   0x080033ee   0x00000002   PAD
    0x080033f0   0x080033f0   0x00000090   Code   RO         1035    .text.svcRtxMutexNew  rtx_mutex.o
    0x08003480   0x08003480   0x000000f6   Code   RO         1041    .text.svcRtxMutexRelease  rtx_mutex.o
    0x08003576   0x08003576   0x00000002   PAD
    0x08003578   0x08003578   0x00000004   Ven    RO         2867    Veneer$$Code        anon$$obj.o
    0x0800357c   0x0800357c   0x0000001a   Code   RO         2698    x$fpl$fpinit        fz_wv.l(fpinit.o)
    0x08003596   0x08003596   0x00000002   PAD
    0x08003598   0x08003598   0x00000070   Data   RO          882    .rodata             rtx_lib.o
    0x08003608   0x08003608   0x00000024   Data   RO           38    .rodata.ADC_attributes  main.o
    0x0800362c   0x0800362c   0x00000010   Data   RO         2220    .rodata.D1CorePrescTable  system_stm32h7xx.o
    0x0800363c   0x0800363c   0x00000018   Data   RO         1326    .rodata.EventRecorderInfo  eventrecorder.o
    0x08003654   0x08003654   0x00000024   Data   RO           40    .rodata.FFT_attributes  main.o
    0x08003678   0x08003678   0x00000024   Data   RO           37    .rodata.defaultTask_attributes  main.o
    0x0800369c   0x0800369c   0x00000024   Data   RO          880    .rodata.os_timer_thread_attr  rtx_lib.o
    0x080036c0   0x080036c0   0x0000001c   Data   RO           36    .rodata.str1.1      main.o
    0x080036dc   0x080036dc   0x00000020   Data   RO         2860    Region$$Table       anon$$obj.o


    Execution Region RW_DTCM (Exec base: 0x20000000, Load base: 0x08003700, Size: 0x00001bb8, Max: 0x0001f800, ABSOLUTE)

    Exec Addr    Load Addr    Size         Type   Attr      Idx    E Section Name        Object

    0x20000000   0x08003700   0x00000004   Data   RW         2218    .data.SystemCoreClock  system_stm32h7xx.o
    0x20000004   0x08003704   0x00000004   Data   RW         2219    .data.SystemD2Clock  system_stm32h7xx.o
    0x20000008   0x08003708   0x000000a4   Data   RW          853    .data.os            rtx_kernel.o
    0x200000ac   0x080037ac   0x00000001   Data   RW         1433    .data.uwTickFreq    stm32h7xx_hal.o
    0x200000ad   0x080037ad   0x00000003   PAD
    0x200000b0   0x080037b0   0x00000004   Data   RW         1432    .data.uwTickPrio    stm32h7xx_hal.o
    0x200000b4   0x080037b4   0x00000004   PAD
    0x200000b8        -       0x00000060   Zero   RW         2727    .bss                c_w.l(libspace.o)
    0x20000118        -       0x00000004   Zero   RW           44    .bss.ADCHandle      main.o
    0x2000011c        -       0x00000004   Zero   RW           45    .bss.DisplayHandle  main.o
    0x20000120        -       0x00000004   Zero   RW           46    .bss.FFTHandle      main.o
    0x20000124        -       0x00000004   Zero   RW           43    .bss.defaultTaskHandle  main.o
    0x20000128        -       0x00000064   Zero   RW           50    .bss.hadc3          main.o
    0x2000018c        -       0x00000088   Zero   RW           51    .bss.hspi3          main.o
    0x20000214        -       0x0000004c   Zero   RW         2676    .bss.htim7          stm32h7xx_hal_timebase_tim.o
    0x20000260        -       0x00001040   Zero   RW          878    .bss.os             rtx_lib.o
    0x200012a0        -       0x00000001   Zero   RW         1281    .bss.os             os_systick.o
    0x200012a1   0x080037b4   0x00000003   PAD
    0x200012a4        -       0x00000034   Zero   RW          890    .bss.os.msgqueue.cb  rtx_lib.o
    0x200012d8        -       0x00000050   Zero   RW          891    .bss.os.msgqueue.mem  rtx_lib.o
    0x20001328        -       0x00000088   Zero   RW          887    .bss.os.thread.cb   rtx_lib.o
    0x200013b0        -       0x00000100   Zero   RW          888    .bss.os.thread.idle.stack  rtx_lib.o
    0x200014b0        -       0x00000100   Zero   RW          889    .bss.os.thread.timer.stack  rtx_lib.o
    0x200015b0        -       0x00000001   Zero   RW          892    .bss.os_kernel_is_active.os_kernel_active  rtx_lib.o
    0x200015b1   0x080037b4   0x00000003   PAD
    0x200015b4        -       0x00000004   Zero   RW         1434    .bss.uwTick         stm32h7xx_hal.o
    0x200015b8        -       0x00000200   Zero   RW         2205    HEAP                startup_stm32h743xx.o
    0x200017b8        -       0x00000400   Zero   RW         2204    STACK               startup_stm32h743xx.o


    Execution Region RW_DTCM_NOINIT (Exec base: 0x2001f800, Load base: 0x080037b8, Size: 0x000004e4, Max: 0x00000800, ABSOLUTE, UNINIT)

    Exec Addr    Load Addr    Size         Type   Attr      Idx    E Section Name        Object

    0x2001f800        -       0x00000001   Zero   RW         1327    .bss.TS_OverflowLock  eventrecorder.o
    0x2001f801   0x080037b8   0x0000003f   PAD
    0x2001f840        -       0x000004a4   Zero   RW         1325    .bss.noinit         eventrecorder.o


    Execution Region RW_AXI_SRAM (Exec base: 0x24000000, Load base: 0x080037b8, Size: 0x00000000, Max: 0x0007c000, ABSOLUTE)

    **** No section assigned to this execution region ****


    Execution Region RW_SRAM (Exec base: 0x30000000, Load base: 0x080037b8, Size: 0x00000000, Max: 0x00040000, ABSOLUTE)

    **** No section assigned to this execution region ****



  Load Region LR_IROM2 (Base: 0x08100000, Size: 0x00003690, Max: 0x00100000, ABSOLUTE)

    Execution Region ER_IROM2 (Exec base: 0x08100000, Load base: 0x08100000, Size: 0x00003690, Max: 0x00100000, ABSOLUTE)

    Exec Addr    Load Addr    Size         Type   Attr      Idx    E Section Name        Object

    0x08100000   0x08100000   0x00000002   Code   RO         2725    .ARM.Collect$$libinit$$00000000  c_w.l(libinit.o)
    0x08100002   0x08100002   0x00000004   Code   RO         2731    .ARM.Collect$$libinit$$00000001  c_w.l(libinit2.o)
    0x08100006   0x08100006   0x00000000   Code   RO         2734    .ARM.Collect$$libinit$$00000004  c_w.l(libinit2.o)
    0x08100006   0x08100006   0x00000000   Code   RO         2736    .ARM.Collect$$libinit$$00000006  c_w.l(libinit2.o)
    0x08100006   0x08100006   0x00000000   Code   RO         2739    .ARM.Collect$$libinit$$0000000C  c_w.l(libinit2.o)
    0x08100006   0x08100006   0x00000000   Code   RO         2741    .ARM.Collect$$libinit$$0000000E  c_w.l(libinit2.o)
    0x08100006   0x08100006   0x00000000   Code   RO         2743    .ARM.Collect$$libinit$$00000010  c_w.l(libinit2.o)
    0x08100006   0x08100006   0x00000000   Code   RO         2746    .ARM.Collect$$libinit$$00000013  c_w.l(libinit2.o)
    0x08100006   0x08100006   0x00000000   Code   RO         2748    .ARM.Collect$$libinit$$00000015  c_w.l(libinit2.o)
    0x08100006   0x08100006   0x00000000   Code   RO         2750    .ARM.Collect$$libinit$$00000017  c_w.l(libinit2.o)
    0x08100006   0x08100006   0x00000000   Code   RO         2752    .ARM.Collect$$libinit$$00000019  c_w.l(libinit2.o)
    0x08100006   0x08100006   0x00000000   Code   RO         2754    .ARM.Collect$$libinit$$0000001B  c_w.l(libinit2.o)
    0x08100006   0x08100006   0x00000000   Code   RO         2756    .ARM.Collect$$libinit$$0000001D  c_w.l(libinit2.o)
    0x08100006   0x08100006   0x00000000   Code   RO         2758    .ARM.Collect$$libinit$$0000001F  c_w.l(libinit2.o)
    0x08100006   0x08100006   0x00000000   Code   RO         2760    .ARM.Collect$$libinit$$00000021  c_w.l(libinit2.o)
    0x08100006   0x08100006   0x00000000   Code   RO         2762    .ARM.Collect$$libinit$$00000023  c_w.l(libinit2.o)
    0x08100006   0x08100006   0x00000000   Code   RO         2764    .ARM.Collect$$libinit$$00000025  c_w.l(libinit2.o)
    0x08100006   0x08100006   0x00000000   Code   RO         2766    .ARM.Collect$$libinit$$00000027  c_w.l(libinit2.o)
    0x08100006   0x08100006   0x00000000   Code   RO         2770    .ARM.Collect$$libinit$$0000002E  c_w.l(libinit2.o)
    0x08100006   0x08100006   0x00000000   Code   RO         2772    .ARM.Collect$$libinit$$00000030  c_w.l(libinit2.o)
    0x08100006   0x08100006   0x00000000   Code   RO         2774    .ARM.Collect$$libinit$$00000032  c_w.l(libinit2.o)
    0x08100006   0x08100006   0x00000000   Code   RO         2776    .ARM.Collect$$libinit$$00000034  c_w.l(libinit2.o)
    0x08100006   0x08100006   0x00000002   Code   RO         2777    .ARM.Collect$$libinit$$00000035  c_w.l(libinit2.o)
    0x08100008   0x08100008   0x00000104   Code   RO          382    .text               irq_armv7m.o
    0x0810010c   0x0810010c   0x00000010   Code   RO         2688    .text               c_w.l(aeabi_memset4.o)
    0x0810011c   0x0810011c   0x0000004e   Code   RO         2692    .text               c_w.l(rt_memclr_w.o)
    0x0810016a   0x0810016a   0x00000006   Code   RO         2694    .text               c_w.l(heapauxi.o)
    0x08100170   0x08100170   0x00000008   Code   RO         2726    .text               c_w.l(libspace.o)
    0x08100178   0x08100178   0x00000002   Code   RO         2802    .text               c_w.l(use_no_semi.o)
    0x0810017a   0x0810017a   0x00000000   Code   RO         2804    .text               c_w.l(indicate_semi.o)
    0x0810017a   0x0810017a   0x00000006   PAD
    0x08100180   0x08100180   0x00000002   Code   RO           69    .text.BusFault_Handler  stm32h7xx_it.o
    0x08100182   0x08100182   0x00000006   PAD
    0x08100188   0x08100188   0x00000002   Code   RO           73    .text.DebugMon_Handler  stm32h7xx_it.o
    0x0810018a   0x0810018a   0x00000006   PAD
    0x08100190   0x08100190   0x00000006   Code   RO           30    .text.Error_Handler  main.o
    0x08100196   0x08100196   0x00000002   PAD
    0x08100198   0x08100198   0x0000006e   Code   RO         1313    .text.EventRecorderDisable  eventrecorder.o
    0x08100206   0x08100206   0x00000002   PAD
    0x08100208   0x08100208   0x000002e0   Code   RO         1307    .text.EventRecorderInitialize  eventrecorder.o
    0x081004e8   0x081004e8   0x00000146   Code   RO         1311    .text.EventRecorderStart  eventrecorder.o
    0x0810062e   0x0810062e   0x00000002   PAD
    0x08100630   0x08100630   0x0000000c   Code   RO         1303    .text.EventRecorderTimerGetFreq  eventrecorder.o
    0x0810063c   0x0810063c   0x00000004   PAD
    0x08100640   0x08100640   0x00000024   Code   RO         1301    .text.EventRecorderTimerSetup  eventrecorder.o
    0x08100664   0x08100664   0x00000004   PAD
    0x08100668   0x08100668   0x00000010   Code   RO          498    .text.EvrRtxKernelErrorNotify  rtx_evr.o
    0x08100678   0x08100678   0x00000014   Code   RO          460    .text.EvrRtxKernelInitialized  rtx_evr.o
    0x0810068c   0x0810068c   0x00000004   PAD
    0x08100690   0x08100690   0x00000014   Code   RO          468    .text.EvrRtxKernelStarted  rtx_evr.o
    0x081006a4   0x081006a4   0x00000004   PAD
    0x081006a8   0x081006a8   0x00000014   Code   RO          452    .text.EvrRtxMemoryBlockAlloc  rtx_evr.o
    0x081006bc   0x081006bc   0x00000004   PAD
    0x081006c0   0x081006c0   0x00000020   Code   RO          454    .text.EvrRtxMemoryBlockFree  rtx_evr.o
    0x081006e0   0x081006e0   0x0000001e   Code   RO          450    .text.EvrRtxMemoryBlockInit  rtx_evr.o
    0x081006fe   0x081006fe   0x00000002   PAD
    0x08100700   0x08100700   0x0000001c   Code   RO          444    .text.EvrRtxMemoryInit  rtx_evr.o
    0x0810071c   0x0810071c   0x00000004   PAD
    0x08100720   0x08100720   0x00000014   Code   RO          718    .text.EvrRtxMemoryPoolAllocTimeout  rtx_evr.o
    0x08100734   0x08100734   0x00000004   PAD
    0x08100738   0x08100738   0x00000014   Code   RO          766    .text.EvrRtxMessageQueueGetTimeout  rtx_evr.o
    0x0810074c   0x0810074c   0x00000004   PAD
    0x08100750   0x08100750   0x00000014   Code   RO          758    .text.EvrRtxMessageQueueInserted  rtx_evr.o
    0x08100764   0x08100764   0x00000004   PAD
    0x08100768   0x08100768   0x00000014   Code   RO          770    .text.EvrRtxMessageQueueNotRetrieved  rtx_evr.o
    0x0810077c   0x0810077c   0x00000004   PAD
    0x08100780   0x08100780   0x0000001e   Code   RO          750    .text.EvrRtxMessageQueuePut  rtx_evr.o
    0x0810079e   0x0810079e   0x00000002   PAD
    0x081007a0   0x081007a0   0x00000020   Code   RO          752    .text.EvrRtxMessageQueuePutPending  rtx_evr.o
    0x081007c0   0x081007c0   0x00000014   Code   RO          754    .text.EvrRtxMessageQueuePutTimeout  rtx_evr.o
    0x081007d4   0x081007d4   0x00000004   PAD
    0x081007d8   0x081007d8   0x00000014   Code   RO          658    .text.EvrRtxMutexAcquire  rtx_evr.o
    0x081007ec   0x081007ec   0x00000004   PAD
    0x081007f0   0x081007f0   0x00000014   Code   RO          662    .text.EvrRtxMutexAcquireTimeout  rtx_evr.o
    0x08100804   0x08100804   0x00000004   PAD
    0x08100808   0x08100808   0x00000014   Code   RO          676    .text.EvrRtxMutexDestroyed  rtx_evr.o
    0x0810081c   0x0810081c   0x00000004   PAD
    0x08100820   0x08100820   0x00000010   Code   RO          650    .text.EvrRtxMutexError  rtx_evr.o
    0x08100830   0x08100830   0x00000014   Code   RO          652    .text.EvrRtxMutexNew  rtx_evr.o
    0x08100844   0x08100844   0x00000004   PAD
    0x08100848   0x08100848   0x00000014   Code   RO          666    .text.EvrRtxMutexNotAcquired  rtx_evr.o
    0x0810085c   0x0810085c   0x00000004   PAD
    0x08100860   0x08100860   0x00000014   Code   RO          670    .text.EvrRtxMutexReleased  rtx_evr.o
    0x08100874   0x08100874   0x00000004   PAD
    0x08100878   0x08100878   0x00000014   Code   RO          542    .text.EvrRtxThreadBlocked  rtx_evr.o
    0x0810088c   0x0810088c   0x00000004   PAD
    0x08100890   0x08100890   0x0000001c   Code   RO          504    .text.EvrRtxThreadCreated  rtx_evr.o
    0x081008ac   0x081008ac   0x00000004   PAD
    0x081008b0   0x081008b0   0x00000014   Code   RO          550    .text.EvrRtxThreadExit  rtx_evr.o
    0x081008c4   0x081008c4   0x00000004   PAD
    0x081008c8   0x081008c8   0x00000014   Code   RO          576    .text.EvrRtxThreadFlagsWaitTimeout  rtx_evr.o
    0x081008dc   0x081008dc   0x00000004   PAD
    0x081008e0   0x081008e0   0x00000014   Code   RO          546    .text.EvrRtxThreadPreempted  rtx_evr.o
    0x081008f4   0x081008f4   0x00000004   PAD
    0x081008f8   0x081008f8   0x00000014   Code   RO          596    .text.EvrRtxTimerCallback  rtx_evr.o
    0x0810090c   0x0810090c   0x00000004   PAD
    0x08100910   0x08100910   0x00000070   Code   RO         2189    .text.HAL_ADC_MspInit  stm32h7xx_hal_msp.o
    0x08100980   0x08100980   0x00000028   Code   RO         1356    .text.HAL_Delay     stm32h7xx_hal.o
    0x081009a8   0x081009a8   0x00000018   Code   RO         1725    .text.HAL_GPIO_EXTI_IRQHandler  stm32h7xx_hal_gpio.o
    0x081009c0   0x081009c0   0x000001ae   Code   RO         1713    .text.HAL_GPIO_Init  stm32h7xx_hal_gpio.o
    0x08100b6e   0x08100b6e   0x00000002   PAD
    0x08100b70   0x08100b70   0x00000010   Code   RO         1721    .text.HAL_GPIO_TogglePin  stm32h7xx_hal_gpio.o
    0x08100b80   0x08100b80   0x0000000a   Code   RO         1719    .text.HAL_GPIO_WritePin  stm32h7xx_hal_gpio.o
    0x08100b8a   0x08100b8a   0x00000006   PAD
    0x08100b90   0x08100b90   0x0000000c   Code   RO         1348    .text.HAL_GetTick   stm32h7xx_hal.o
    0x08100b9c   0x08100b9c   0x00000004   PAD
    0x08100ba0   0x08100ba0   0x0000001a   Code   RO         1346    .text.HAL_IncTick   stm32h7xx_hal.o
    0x08100bba   0x08100bba   0x00000006   PAD
    0x08100bc0   0x08100bc0   0x00000064   Code   RO         1336    .text.HAL_Init      stm32h7xx_hal.o
    0x08100c24   0x08100c24   0x00000004   PAD
    0x08100c28   0x08100c28   0x000000a4   Code   RO         2670    .text.HAL_InitTick  stm32h7xx_hal_timebase_tim.o
    0x08100ccc   0x08100ccc   0x00000004   PAD
    0x08100cd0   0x08100cd0   0x00000020   Code   RO         2187    .text.HAL_MspInit   stm32h7xx_hal_msp.o
    0x08100cf0   0x08100cf0   0x00000020   Code   RO         1577    .text.HAL_NVIC_SetPriorityGrouping  stm32h7xx_hal_cortex.o
    0x08100d10   0x08100d10   0x00000048   Code   RO         1995    .text.HAL_PWREx_ConfigSupply  stm32h7xx_hal_pwr_ex.o
    0x08100d58   0x08100d58   0x00000124   Code   RO         2131    .text.HAL_RCCEx_GetPLL2ClockFreq  stm32h7xx_hal_rcc_ex.o
    0x08100e7c   0x08100e7c   0x00000004   PAD
    0x08100e80   0x08100e80   0x00000960   Code   RO         2119    .text.HAL_RCCEx_PeriphCLKConfig  stm32h7xx_hal_rcc_ex.o
    0x081017e0   0x081017e0   0x00000254   Code   RO         2087    .text.HAL_RCC_ClockConfig  stm32h7xx_hal_rcc.o
    0x08101a34   0x08101a34   0x00000004   PAD
    0x08101a38   0x08101a38   0x0000004c   Code   RO         2097    .text.HAL_RCC_GetHCLKFreq  stm32h7xx_hal_rcc.o
    0x08101a84   0x08101a84   0x00000004   PAD
    0x08101a88   0x08101a88   0x00000162   Code   RO         2556    .text.HAL_SPI_Init  stm32h7xx_hal_spi.o
    0x08101bea   0x08101bea   0x00000006   PAD
    0x08101bf0   0x08101bf0   0x00000002   Code   RO         2542    .text.HAL_TIMEx_Break2Callback  stm32h7xx_hal_tim_ex.o
    0x08101bf2   0x08101bf2   0x00000006   PAD
    0x08101bf8   0x08101bf8   0x00000002   Code   RO         2536    .text.HAL_TIMEx_CommutCallback  stm32h7xx_hal_tim_ex.o
    0x08101bfa   0x08101bfa   0x00000006   PAD
    0x08101c00   0x08101c00   0x00000060   Code   RO         2229    .text.HAL_TIM_Base_Init  stm32h7xx_hal_tim.o
    0x08101c60   0x08101c60   0x000000a0   Code   RO         2243    .text.HAL_TIM_Base_Start_IT  stm32h7xx_hal_tim.o
    0x08101d00   0x08101d00   0x00000002   Code   RO         2365    .text.HAL_TIM_IC_CaptureCallback  stm32h7xx_hal_tim.o
    0x08101d02   0x08101d02   0x00000006   PAD
    0x08101d08   0x08101d08   0x00000188   Code   RO         2363    .text.HAL_TIM_IRQHandler  stm32h7xx_hal_tim.o
    0x08101e90   0x08101e90   0x00000002   Code   RO         2369    .text.HAL_TIM_PWM_PulseFinishedCallback  stm32h7xx_hal_tim.o
    0x08101e92   0x08101e92   0x00000006   PAD
    0x08101e98   0x08101e98   0x00000018   Code   RO           32    .text.HAL_TIM_PeriodElapsedCallback  main.o
    0x08101eb0   0x08101eb0   0x00000012   Code   RO           65    .text.HardFault_Handler  stm32h7xx_it.o
    0x08101ec2   0x08101ec2   0x00000006   PAD
    0x08101ec8   0x08101ec8   0x00000002   Code   RO           63    .text.NMI_Handler   stm32h7xx_it.o
    0x08101eca   0x08101eca   0x00000006   PAD
    0x08101ed0   0x08101ed0   0x00000006   Code   RO         1271    .text.OS_Tick_GetIRQn  os_systick.o
    0x08101ed6   0x08101ed6   0x00000002   PAD
    0x08101ed8   0x08101ed8   0x00000048   Code   RO         1263    .text.OS_Tick_Setup  os_systick.o
    0x08101f20   0x08101f20   0x0000011e   Code   RO         2121    .text.RCCEx_PLL2_Config  stm32h7xx_hal_rcc_ex.o
    0x0810203e   0x0810203e   0x00000002   PAD
    0x08102040   0x08102040   0x0000011e   Code   RO         2123    .text.RCCEx_PLL3_Config  stm32h7xx_hal_rcc_ex.o
    0x0810215e   0x0810215e   0x00000002   PAD
    0x08102160   0x08102160   0x00000014   Code   RO           22    .text.StartDefaultTask  main.o
    0x08102174   0x08102174   0x00000004   PAD
    0x08102178   0x08102178   0x00000002   Code   RO           26    .text.StartDisplay  main.o
    0x0810217a   0x0810217a   0x00000006   PAD
    0x08102180   0x08102180   0x000000d2   Code   RO           20    .text.SystemClock_Config  main.o
    0x08102252   0x08102252   0x00000006   PAD
    0x08102258   0x08102258   0x000000f2   Code   RO         2214    .text.SystemInit    system_stm32h7xx.o
    0x0810234a   0x0810234a   0x00000006   PAD
    0x08102350   0x08102350   0x00000010   Code   RO           77    .text.TIM7_IRQHandler  stm32h7xx_it.o
    0x08102360   0x08102360   0x00000030   Code   RO          872    .text._mutex_acquire  rtx_lib.o
    0x08102390   0x08102390   0x0000000a   Code   RO          876    .text._mutex_free   rtx_lib.o
    0x0810239a   0x0810239a   0x00000006   PAD
    0x081023a0   0x081023a0   0x00000020   Code   RO          870    .text._mutex_initialize  rtx_lib.o
    0x081023c0   0x081023c0   0x0000002c   Code   RO          874    .text._mutex_release  rtx_lib.o
    0x081023ec   0x081023ec   0x00000004   PAD
    0x081023f0   0x081023f0   0x00000376   Code   RO           18    .text.main          main.o
    0x08102766   0x08102766   0x00000002   PAD
    0x08102768   0x08102768   0x00000032   Code   RO          806    .text.osKernelGetState  rtx_kernel.o
    0x0810279a   0x0810279a   0x00000006   PAD
    0x081027a0   0x081027a0   0x00000034   Code   RO          810    .text.osKernelStart  rtx_kernel.o
    0x081027d4   0x081027d4   0x00000004   PAD
    0x081027d8   0x081027d8   0x0000003e   Code   RO         1027    .text.osMutexAcquire  rtx_mutex.o
    0x08102816   0x08102816   0x00000002   PAD
    0x08102818   0x08102818   0x00000002   Code   RO         1292    .text.osRtxErrorNotify  rtx_config.o
    0x0810281a   0x0810281a   0x00000006   PAD
    0x08102820   0x08102820   0x000000f2   Code   RO          864    .text.osRtxKernelPreInit  rtx_lib.o
    0x08102912   0x08102912   0x00000006   PAD
    0x08102918   0x08102918   0x00000084   Code   RO          903    .text.osRtxMemoryAlloc  rtx_memory.o
    0x0810299c   0x0810299c   0x00000004   PAD
    0x081029a0   0x081029a0   0x00000056   Code   RO          905    .text.osRtxMemoryFree  rtx_memory.o
    0x081029f6   0x081029f6   0x00000002   PAD
    0x081029f8   0x081029f8   0x00000040   Code   RO          901    .text.osRtxMemoryInit  rtx_memory.o
    0x08102a38   0x08102a38   0x0000005a   Code   RO          915    .text.osRtxMemoryPoolInit  rtx_mempool.o
    0x08102a92   0x08102a92   0x00000006   PAD
    0x08102a98   0x08102a98   0x0000002c   Code   RO          967    .text.osRtxMessageQueueTimerSetup  rtx_msgqueue.o
    0x08102ac4   0x08102ac4   0x00000004   PAD
    0x08102ac8   0x08102ac8   0x00000096   Code   RO         1091    .text.osRtxPendSV_Handler  rtx_system.o
    0x08102b5e   0x08102b5e   0x00000002   PAD
    0x08102b60   0x08102b60   0x00000062   Code   RO         1197    .text.osRtxThreadFree  rtx_thread.o
    0x08102bc2   0x08102bc2   0x00000006   PAD
    0x08102bc8   0x08102bc8   0x00000014   Code   RO         1105    .text.osRtxThreadListGet  rtx_thread.o
    0x08102bdc   0x08102bdc   0x00000004   PAD
    0x08102be0   0x08102be0   0x00000056   Code   RO         1107    .text.osRtxThreadListSort  rtx_thread.o
    0x08102c36   0x08102c36   0x00000002   PAD
    0x08102c38   0x08102c38   0x0000003a   Code   RO         1111    .text.osRtxThreadReadyPut  rtx_thread.o
    0x08102c72   0x08102c72   0x00000006   PAD
    0x08102c78   0x08102c78   0x00000082   Code   RO         1089    .text.osRtxTick_Handler  rtx_system.o
    0x08102cfa   0x08102cfa   0x00000006   PAD
    0x08102d00   0x08102d00   0x00000026   Code   RO         1225    .text.osRtxTimerSetup  rtx_timer.o
    0x08102d26   0x08102d26   0x00000002   PAD
    0x08102d28   0x08102d28   0x00000040   Code   RO         1131    .text.osThreadNew   rtx_thread.o
    0x08102d68   0x08102d68   0x0000000c   Code   RO          808    .text.svcRtxKernelGetState  rtx_kernel.o
    0x08102d74   0x08102d74   0x00000004   PAD
    0x08102d78   0x08102d78   0x000000b2   Code   RO          840    .text.svcRtxKernelStart  rtx_kernel.o
    0x08102e2a   0x08102e2a   0x00000006   PAD
    0x08102e30   0x08102e30   0x000001c8   Code   RO         1005    .text.svcRtxMessageQueueGet  rtx_msgqueue.o
    0x08102ff8   0x08102ff8   0x0000014a   Code   RO         1003    .text.svcRtxMessageQueuePut  rtx_msgqueue.o
    0x08103142   0x08103142   0x00000006   PAD
    0x08103148   0x08103148   0x000000e0   Code   RO         1039    .text.svcRtxMutexAcquire  rtx_mutex.o
    0x08103228   0x08103228   0x000000ce   Code   RO         1045    .text.svcRtxMutexDelete  rtx_mutex.o
    0x081032f6   0x081032f6   0x00000002   PAD
    0x081032f8   0x081032f8   0x000000b0   Code   RO         1201    .text.svcRtxThreadExit  rtx_thread.o
    0x081033a8   0x081033a8   0x00000240   Code   RO         1129    .text.svcRtxThreadNew  rtx_thread.o
    0x081035e8   0x081035e8   0x00000038   Data   RO          885    .rodata             rtx_lib.o
    0x08103620   0x08103620   0x00000024   Data   RO           39    .rodata.Display_attributes  main.o
    0x08103644   0x08103644   0x00000004   Data   RO          884    .rodata.osRtxUserSVC  rtx_lib.o
    0x08103648   0x08103648   0x00000024   Data   RO          879    .rodata.os_idle_thread_attr  rtx_lib.o
    0x0810366c   0x0810366c   0x00000018   Data   RO          881    .rodata.os_timer_mq_attr  rtx_lib.o
    0x08103684   0x08103684   0x0000000b   Data   RO          852    .rodata.str1.4      rtx_kernel.o


==============================================================================

Image component sizes


      Code (inc. data)   RO Data    RW Data    ZI Data      Debug   Object Name

      2428          0         24          0       1189      20786   eventrecorder.o
       260         16          0          0          0        925   irq_armv7m.o
      1198          0        172          0        252      20048   main.o
       140          0          0          0          1       6860   os_systick.o
         4          0          0          0          0        810   rtx_config.o
      1186          0          0          0          0      37810   rtx_evr.o
       704          0         11        164          0      18309   rtx_kernel.o
       406          0        268          0       4941       8281   rtx_lib.o
       282          0          0          0          0       2931   rtx_memory.o
       244          0          0          0          0      18575   rtx_mempool.o
      2034          0          0          0          0      22654   rtx_msgqueue.o
      1238          0          0          0          0      10546   rtx_mutex.o
       396         10          0          0          0       6395   rtx_system.o
      2432         10          0          0          0      41390   rtx_thread.o
       282          0          0          0          0      11625   rtx_timer.o
        64         26        664          0       1536       1012   startup_stm32h743xx.o
       192          0          0          5          4      15348   stm32h7xx_hal.o
      1694         12          0          0          0      24867   stm32h7xx_hal_adc.o
       158          0          0          0          0      12716   stm32h7xx_hal_cortex.o
       490          0          0          0          0       7369   stm32h7xx_hal_gpio.o
       370          0          0          0          0      10941   stm32h7xx_hal_msp.o
        72          0          0          0          0      10962   stm32h7xx_hal_pwr_ex.o
      2640         16          0          0          0      11962   stm32h7xx_hal_rcc.o
      4798        188          0          0          0      17766   stm32h7xx_hal_rcc_ex.o
       354          0          0          0          0      22576   stm32h7xx_hal_spi.o
       972          0          0          0          0      63131   stm32h7xx_hal_tim.o
         6          0          0          0          0      24268   stm32h7xx_hal_tim_ex.o
       164          0          0          0         76      10430   stm32h7xx_hal_timebase_tim.o
        56          0          0          0          0       2740   stm32h7xx_it.o
       242          0         16          8          0       6237   system_stm32h7xx.o

    ----------------------------------------------------------------------
     26128        286       1188        180       8072     470270   Object Totals
         4          0         32          0          0          0   (incl. Generated)
       618          8          1          3         73          0   (incl. Padding)

    ----------------------------------------------------------------------

      Code (inc. data)   RO Data    RW Data    ZI Data      Debug   Library Member Name

         8          0          0          0          0         68   __main.o
         0          0          0          0          0          0   __rtentry.o
        20          0          0          0          0          0   __rtentry2.o
         6          0          0          0          0          0   __rtentry4.o
        52          8          0          0          0          0   __scatter.o
        26          0          0          0          0          0   __scatter_copy.o
        28          0          0          0          0          0   __scatter_zi.o
        16          0          0          0          0         68   aeabi_memset4.o
        18          0          0          0          0         80   exit.o
         6          0          0          0          0        152   heapauxi.o
         0          0          0          0          0          0   indicate_semi.o
         2          0          0          0          0          0   libinit.o
         6          0          0          0          0          0   libinit2.o
         2          0          0          0          0          0   libshutdown.o
         2          0          0          0          0          0   libshutdown2.o
         8          4          0          0         96         68   libspace.o
        68          0          0          0          0         68   rt_memclr.o
        78          0          0          0          0         80   rt_memclr_w.o
       138          0          0          0          0         68   rt_memcpy_v6.o
       100          0          0          0          0         80   rt_memcpy_w.o
         2          0          0          0          0          0   rtexit.o
        10          0          0          0          0          0   rtexit2.o
        12          4          0          0          0         68   sys_exit.o
        74          0          0          0          0         80   sys_stackheap_outer.o
         2          0          0          0          0         68   use_no_semi.o
        26          0          0          0          0        116   fpinit.o

    ----------------------------------------------------------------------
       728         20          0          0         96       1064   Library Totals
        18          4          0          0          0          0   (incl. Padding)

    ----------------------------------------------------------------------

      Code (inc. data)   RO Data    RW Data    ZI Data      Debug   Library Name

       684         16          0          0         96        948   c_w.l
        26          0          0          0          0        116   fz_wv.l

    ----------------------------------------------------------------------
       728         20          0          0         96       1064   Library Totals

    ----------------------------------------------------------------------

==============================================================================


      Code (inc. data)   RO Data    RW Data    ZI Data      Debug   

     26856        306       1188        180       8168     470378   Grand Totals
     26856        306       1188        180       8168     470378   ELF Image Totals
     26856        306       1188        180          0          0   ROM Totals

==============================================================================

    Total RO  Size (Code + RO Data)                28044 (  27.39kB)
    Total RW  Size (RW Data + ZI Data)              8348 (   8.15kB)
    Total ROM Size (Code + RO Data + RW Data)      28224 (  27.56kB)

==============================================================================

