Component: Arm Compiler for Embedded 6.18 Tool: armlink [5e4cc100]

==============================================================================

Section Cross References

    blinky.o(.text.thrLED) refers to rtx_delay.o(.text.osDelay) for osDelay
    blinky.o(.text.thrLED) refers to rtx_thread.o(.text.osThreadFlagsWait) for osThreadFlagsWait
    blinky.o(.text.thrLED) refers to stm32h7xx_hal_gpio.o(.text.HAL_GPIO_WritePin) for HAL_GPIO_WritePin
    blinky.o(.text.thrLED) refers to led_743i_eval.o(.text.LED_On) for LED_On
    blinky.o(.text.thrLED) refers to led_743i_eval.o(.text.LED_Off) for LED_Off
    blinky.o(.ARM.exidx.text.thrLED) refers to blinky.o(.text.thrLED) for [Anonymous Symbol]
    blinky.o(.text.app_main) refers to stm32h7xx_hal_gpio.o(.text.HAL_GPIO_WritePin) for HAL_GPIO_WritePin
    blinky.o(.ARM.exidx.text.app_main) refers to blinky.o(.text.app_main) for [Anonymous Symbol]
    blinky.o(.rodata.app_main_attr) refers to blinky.o(.bss.app_main_stk) for app_main_stk
    main.o(.text.HAL_GPIO_EXTI_Callback) refers to stm32h7xx_hal_gpio.o(.text.HAL_GPIO_ReadPin) for HAL_GPIO_ReadPin
    main.o(.text.HAL_GPIO_EXTI_Callback) refers to stm32h7xx_hal_gpio.o(.text.HAL_GPIO_WritePin) for HAL_GPIO_WritePin
    main.o(.ARM.exidx.text.HAL_GPIO_EXTI_Callback) refers to main.o(.text.HAL_GPIO_EXTI_Callback) for [Anonymous Symbol]
    main.o(.text.StartDefaultTask) refers to stm32h7xx_hal_gpio.o(.text.HAL_GPIO_TogglePin) for HAL_GPIO_TogglePin
    main.o(.text.StartDefaultTask) refers to rtx_delay.o(.text.osDelay) for osDelay
    main.o(.ARM.exidx.text.StartDefaultTask) refers to main.o(.text.StartDefaultTask) for [Anonymous Symbol]
    main.o(.text.HAL_GetTick) refers to rtx_kernel.o(.text.osKernelGetState) for osKernelGetState
    main.o(.text.HAL_GetTick) refers to rtx_kernel.o(.text.osKernelGetTickCount) for osKernelGetTickCount
    main.o(.text.HAL_GetTick) refers to system_stm32h7xx.o(.data.SystemCoreClock) for SystemCoreClock
    main.o(.text.HAL_GetTick) refers to main.o(.bss.HAL_GetTick.ticks) for HAL_GetTick.ticks
    main.o(.ARM.exidx.text.HAL_GetTick) refers to main.o(.text.HAL_GetTick) for [Anonymous Symbol]
    main.o(.ARM.exidx.text.HAL_InitTick) refers to main.o(.text.HAL_InitTick) for [Anonymous Symbol]
    main.o(.text.main) refers to stm32h7xx_hal_cortex.o(.text.HAL_MPU_Disable) for HAL_MPU_Disable
    main.o(.text.main) refers to stm32h7xx_hal_cortex.o(.text.HAL_MPU_ConfigRegion) for HAL_MPU_ConfigRegion
    main.o(.text.main) refers to stm32h7xx_hal_cortex.o(.text.HAL_MPU_Enable) for HAL_MPU_Enable
    main.o(.text.main) refers to stm32h7xx_hal.o(.text.HAL_Init) for HAL_Init
    main.o(.text.main) refers to main.o(.text.SystemClock_Config) for SystemClock_Config
    main.o(.text.main) refers to rt_memclr_w.o(.text) for __aeabi_memclr4
    main.o(.text.main) refers to stm32h7xx_hal_rcc_ex.o(.text.HAL_RCCEx_PeriphCLKConfig) for HAL_RCCEx_PeriphCLKConfig
    main.o(.text.main) refers to system_stm32h7xx.o(.text.SystemCoreClockUpdate) for SystemCoreClockUpdate
    main.o(.text.main) refers to stm32h7xx_hal_gpio.o(.text.HAL_GPIO_WritePin) for HAL_GPIO_WritePin
    main.o(.text.main) refers to stm32h7xx_hal_gpio.o(.text.HAL_GPIO_Init) for HAL_GPIO_Init
    main.o(.text.main) refers to stm32h7xx_hal_cortex.o(.text.HAL_NVIC_SetPriority) for HAL_NVIC_SetPriority
    main.o(.text.main) refers to stm32h7xx_hal_cortex.o(.text.HAL_NVIC_EnableIRQ) for HAL_NVIC_EnableIRQ
    main.o(.text.main) refers to main.o(.bss.hadc3) for hadc3
    main.o(.text.main) refers to stm32h7xx_hal_adc.o(.text.HAL_ADC_Init) for HAL_ADC_Init
    main.o(.text.main) refers to stm32h7xx_hal_adc.o(.text.HAL_ADC_ConfigChannel) for HAL_ADC_ConfigChannel
    main.o(.text.main) refers to main.o(.bss.hspi1) for hspi1
    main.o(.text.main) refers to stm32h7xx_hal_spi.o(.text.HAL_SPI_Init) for HAL_SPI_Init
    main.o(.text.main) refers to rtx_kernel.o(.text.osKernelInitialize) for osKernelInitialize
    main.o(.text.main) refers to main.o(.text.StartDefaultTask) for StartDefaultTask
    main.o(.text.main) refers to main.o(.rodata.defaultTask_attributes) for defaultTask_attributes
    main.o(.text.main) refers to rtx_thread.o(.text.osThreadNew) for osThreadNew
    main.o(.text.main) refers to rtx_kernel.o(.text.osKernelStart) for osKernelStart
    main.o(.ARM.exidx.text.main) refers to main.o(.text.main) for [Anonymous Symbol]
    main.o(.text.SystemClock_Config) refers to rt_memclr_w.o(.text) for __aeabi_memclr4
    main.o(.text.SystemClock_Config) refers to stm32h7xx_hal_pwr_ex.o(.text.HAL_PWREx_ConfigSupply) for HAL_PWREx_ConfigSupply
    main.o(.text.SystemClock_Config) refers to stm32h7xx_hal_rcc.o(.text.HAL_RCC_OscConfig) for HAL_RCC_OscConfig
    main.o(.text.SystemClock_Config) refers to stm32h7xx_hal_rcc.o(.text.HAL_RCC_ClockConfig) for HAL_RCC_ClockConfig
    main.o(.ARM.exidx.text.SystemClock_Config) refers to main.o(.text.SystemClock_Config) for [Anonymous Symbol]
[...]
    .bss.os.mempool.cb$$Limit                 - Undefined Weak Reference
    .bss.os.mutex.cb$$Base                    - Undefined Weak Reference
    .bss.os.mutex.cb$$Limit                   - Undefined Weak Reference
    .bss.os.semaphore.cb$$Base                - Undefined Weak Reference
    .bss.os.semaphore.cb$$Limit               - Undefined Weak Reference
    .bss.os.timer.cb$$Base                    - Undefined Weak Reference
    .bss.os.timer.cb$$Limit                   - Undefined Weak Reference
    __ARM_exceptions_init                     - Undefined Weak Reference
    __alloca_initialize                       - Undefined Weak Reference
    __arm_preinit_                            - Undefined Weak Reference
    __arm_relocate_pie_                       - Undefined Weak Reference
    __cpp_initialize__aeabi_                  - Undefined Weak Reference
    __cxa_finalize                            - Undefined Weak Reference
    __rt_locale                               - Undefined Weak Reference
    __sigvec_lookup                           - Undefined Weak Reference
    _atexit_init                              - Undefined Weak Reference
    _call_atexit_fns                          - Undefined Weak Reference
    _clock_init                               - Undefined Weak Reference
    _fp_trap_init                             - Undefined Weak Reference
    _fp_trap_shutdown                         - Undefined Weak Reference
    _get_lc_collate                           - Undefined Weak Reference
    _get_lc_ctype                             - Undefined Weak Reference
    _get_lc_monetary                          - Undefined Weak Reference
    _get_lc_numeric                           - Undefined Weak Reference
    _get_lc_time                              - Undefined Weak Reference
    _getenv_init                              - Undefined Weak Reference
    _handle_redirection                       - Undefined Weak Reference
    _init_alloc                               - Undefined Weak Reference
    _init_user_alloc                          - Undefined Weak Reference
    _initio                                   - Undefined Weak Reference
    _rand_init                                - Undefined Weak Reference
    _signal_finish                            - Undefined Weak Reference
    _signal_init                              - Undefined Weak Reference
    _terminate_alloc                          - Undefined Weak Reference
    _terminate_user_alloc                     - Undefined Weak Reference
    _terminateio                              - Undefined Weak Reference
    __Vectors_Size                           0x00000298   Number         0  startup_stm32h743xx.o ABSOLUTE
    __Vectors                                0x08000000   Data           4  startup_stm32h743xx.o(RESET)
    __Vectors_End                            0x08000298   Data           0  startup_stm32h743xx.o(RESET)
    __main                                   0x08000299   Thumb Code     8  __main.o(!!!main)
    __scatterload                            0x080002a1   Thumb Code     0  __scatter.o(!!!scatter)
    __scatterload_rt2                        0x080002a1   Thumb Code    44  __scatter.o(!!!scatter)
    __scatterload_rt2_thumb_only             0x080002a1   Thumb Code     0  __scatter.o(!!!scatter)
    __scatterload_null                       0x080002af   Thumb Code     0  __scatter.o(!!!scatter)
    __scatterload_copy                       0x080002d5   Thumb Code    26  __scatter_copy.o(!!handler_copy)
    __scatterload_zeroinit                   0x080002f1   Thumb Code    28  __scatter_zi.o(!!handler_zi)
    __rt_lib_init                            0x0800030d   Thumb Code     0  libinit.o(.ARM.Collect$$libinit$$00000000)
    __rt_lib_init_fp_1                       0x0800030f   Thumb Code     0  libinit2.o(.ARM.Collect$$libinit$$00000001)
    __rt_lib_init_alloca_1                   0x08000313   Thumb Code     0  libinit2.o(.ARM.Collect$$libinit$$00000030)
    __rt_lib_init_argv_1                     0x08000313   Thumb Code     0  libinit2.o(.ARM.Collect$$libinit$$0000002E)
    __rt_lib_init_atexit_1                   0x08000313   Thumb Code     0  libinit2.o(.ARM.Collect$$libinit$$0000001D)
    __rt_lib_init_clock_1                    0x08000313   Thumb Code     0  libinit2.o(.ARM.Collect$$libinit$$00000023)
    __rt_lib_init_cpp_1                      0x08000313   Thumb Code     0  libinit2.o(.ARM.Collect$$libinit$$00000034)
    __rt_lib_init_exceptions_1               0x08000313   Thumb Code     0  libinit2.o(.ARM.Collect$$libinit$$00000032)
    __rt_lib_init_fp_trap_1                  0x08000313   Thumb Code     0  libinit2.o(.ARM.Collect$$libinit$$00000021)
    __rt_lib_init_getenv_1                   0x08000313   Thumb Code     0  libinit2.o(.ARM.Collect$$libinit$$00000025)
    __rt_lib_init_heap_1                     0x08000313   Thumb Code     0  libinit2.o(.ARM.Collect$$libinit$$0000000C)
    __rt_lib_init_lc_collate_1               0x08000313   Thumb Code     0  libinit2.o(.ARM.Collect$$libinit$$00000013)
    __rt_lib_init_lc_ctype_1                 0x08000313   Thumb Code     0  libinit2.o(.ARM.Collect$$libinit$$00000015)
    __rt_lib_init_lc_monetary_1              0x08000313   Thumb Code     0  libinit2.o(.ARM.Collect$$libinit$$00000017)
    __rt_lib_init_lc_numeric_1               0x08000313   Thumb Code     0  libinit2.o(.ARM.Collect$$libinit$$00000019)
    __rt_lib_init_lc_time_1                  0x08000313   Thumb Code     0  libinit2.o(.ARM.Collect$$libinit$$0000001B)
    __rt_lib_init_preinit_1                  0x08000313   Thumb Code     0  libinit2.o(.ARM.Collect$$libinit$$00000006)
    __rt_lib_init_rand_1                     0x08000313   Thumb Code     0  libinit2.o(.ARM.Collect$$libinit$$00000010)
    __rt_lib_init_relocate_pie_1             0x08000313   Thumb Code     0  libinit2.o(.ARM.Collect$$libinit$$00000004)
    __rt_lib_init_return                     0x08000313   Thumb Code     0  libinit2.o(.ARM.Collect$$libinit$$00000035)
    __rt_lib_init_signal_1                   0x08000313   Thumb Code     0  libinit2.o(.ARM.Collect$$libinit$$0000001F)
    __rt_lib_init_stdio_1                    0x08000313   Thumb Code     0  libinit2.o(.ARM.Collect$$libinit$$00000027)
    __rt_lib_init_user_alloc_1               0x08000313   Thumb Code     0  libinit2.o(.ARM.Collect$$libinit$$0000000E)
    __rt_lib_shutdown                        0x08000315   Thumb Code     0  libshutdown.o(.ARM.Collect$$libshutdown$$00000000)
    __rt_lib_shutdown_cpp_1                  0x08000317   Thumb Code     0  libshutdown2.o(.ARM.Collect$$libshutdown$$00000002)
    __rt_lib_shutdown_fp_trap_1              0x08000317   Thumb Code     0  libshutdown2.o(.ARM.Collect$$libshutdown$$00000007)
    __rt_lib_shutdown_heap_1                 0x08000317   Thumb Code     0  libshutdown2.o(.ARM.Collect$$libshutdown$$0000000F)
    __rt_lib_shutdown_return                 0x08000317   Thumb Code     0  libshutdown2.o(.ARM.Collect$$libshutdown$$00000010)
    __rt_lib_shutdown_signal_1               0x08000317   Thumb Code     0  libshutdown2.o(.ARM.Collect$$libshutdown$$0000000A)
    __rt_lib_shutdown_stdio_1                0x08000317   Thumb Code     0  libshutdown2.o(.ARM.Collect$$libshutdown$$00000004)
    __rt_lib_shutdown_user_alloc_1           0x08000317   Thumb Code     0  libshutdown2.o(.ARM.Collect$$libshutdown$$0000000C)
    SVC_Handler                              0x08000319   Thumb Code   210  irq_armv7m.o(.text)
    PendSV_Handler                           0x080003eb   Thumb Code    16  irq_armv7m.o(.text)
    SysTick_Handler                          0x080003fb   Thumb Code    16  irq_armv7m.o(.text)
    Reset_Handler                            0x0800041d   Thumb Code     8  startup_stm32h743xx.o(.text)
    ADC3_IRQHandler                          0x08000437   Thumb Code     0  startup_stm32h743xx.o(.text)
    ADC_IRQHandler                           0x08000437   Thumb Code     0  startup_stm32h743xx.o(.text)
    BDMA_Channel0_IRQHandler                 0x08000437   Thumb Code     0  startup_stm32h743xx.o(.text)
    BDMA_Channel1_IRQHandler                 0x08000437   Thumb Code     0  startup_stm32h743xx.o(.text)
    BDMA_Channel2_IRQHandler                 0x08000437   Thumb Code     0  startup_stm32h743xx.o(.text)
    BDMA_Channel3_IRQHandler                 0x08000437   Thumb Code     0  startup_stm32h743xx.o(.text)
    BDMA_Channel4_IRQHandler                 0x08000437   Thumb Code     0  startup_stm32h743xx.o(.text)
    BDMA_Channel5_IRQHandler                 0x08000437   Thumb Code     0  startup_stm32h743xx.o(.text)
    BDMA_Channel6_IRQHandler                 0x08000437   Thumb Code     0  startup_stm32h743xx.o(.text)
    BDMA_Channel7_IRQHandler                 0x08000437   Thumb Code     0  startup_stm32h743xx.o(.text)
    CEC_IRQHandler                           0x08000437   Thumb Code     0  startup_stm32h743xx.o(.text)
    COMP1_IRQHandler                         0x08000437   Thumb Code     0  startup_stm32h743xx.o(.text)
    CRS_IRQHandler                           0x08000437   Thumb Code     0  startup_stm32h743xx.o(.text)
    DCMI_IRQHandler                          0x08000437   Thumb Code     0  startup_stm32h743xx.o(.text)
    DFSDM1_FLT0_IRQHandler                   0x08000437   Thumb Code     0  startup_stm32h743xx.o(.text)
    DFSDM1_FLT1_IRQHandler                   0x08000437   Thumb Code     0  startup_stm32h743xx.o(.text)
    DFSDM1_FLT2_IRQHandler                   0x08000437   Thumb Code     0  startup_stm32h743xx.o(.text)
    DFSDM1_FLT3_IRQHandler                   0x08000437   Thumb Code     0  startup_stm32h743xx.o(.text)
    DMA1_Stream0_IRQHandler                  0x08000437   Thumb Code     0  startup_stm32h743xx.o(.text)
    DMA1_Stream1_IRQHandler                  0x08000437   Thumb Code     0  startup_stm32h743xx.o(.text)
    DMA1_Stream2_IRQHandler                  0x08000437   Thumb Code     0  startup_stm32h743xx.o(.text)
    DMA1_Stream3_IRQHandler                  0x08000437   Thumb Code     0  startup_stm32h743xx.o(.text)
    DMA1_Stream4_IRQHandler                  0x08000437   Thumb Code     0  startup_stm32h743xx.o(.text)
    DMA1_Stream5_IRQHandler                  0x08000437   Thumb Code     0  startup_stm32h743xx.o(.text)
    DMA1_Stream6_IRQHandler                  0x08000437   Thumb Code     0  startup_stm32h743xx.o(.text)
    DMA1_Stream7_IRQHandler                  0x08000437   Thumb Code     0  startup_stm32h743xx.o(.text)
    DMA2D_IRQHandler                         0x08000437   Thumb Code     0  startup_stm32h743xx.o(.text)
    DMA2_Stream0_IRQHandler                  0x08000437   Thumb Code     0  startup_stm32h743xx.o(.text)
    DMA2_Stream1_IRQHandler                  0x08000437   Thumb Code     0  startup_stm32h743xx.o(.text)
    DMA2_Stream2_IRQHandler                  0x08000437   Thumb Code     0  startup_stm32h743xx.o(.text)
    DMA2_Stream3_IRQHandler                  0x08000437   Thumb Code     0  startup_stm32h743xx.o(.text)
    DMA2_Stream4_IRQHandler                  0x08000437   Thumb Code     0  startup_stm32h743xx.o(.text)
    DMA2_Stream5_IRQHandler                  0x08000437   Thumb Code     0  startup_stm32h743xx.o(.text)
    DMA2_Stream6_IRQHandler                  0x08000437   Thumb Code     0  startup_stm32h743xx.o(.text)
    DMA2_Stream7_IRQHandler                  0x08000437   Thumb Code     0  startup_stm32h743xx.o(.text)
    DMAMUX1_OVR_IRQHandler                   0x08000437   Thumb Code     0  startup_stm32h743xx.o(.text)
    DMAMUX2_OVR_IRQHandler                   0x08000437   Thumb Code     0  startup_stm32h743xx.o(.text)
    ECC_IRQHandler                           0x08000437   Thumb Code     0  startup_stm32h743xx.o(.text)
    ETH_IRQHandler                           0x08000437   Thumb Code     0  startup_stm32h743xx.o(.text)
    ETH_WKUP_IRQHandler                      0x08000437   Thumb Code     0  startup_stm32h743xx.o(.text)
    EXTI0_IRQHandler                         0x08000437   Thumb Code     0  startup_stm32h743xx.o(.text)
    EXTI1_IRQHandler                         0x08000437   Thumb Code     0  startup_stm32h743xx.o(.text)
    EXTI2_IRQHandler                         0x08000437   Thumb Code     0  startup_stm32h743xx.o(.text)
    EXTI3_IRQHandler                         0x08000437   Thumb Code     0  startup_stm32h743xx.o(.text)
    EXTI4_IRQHandler                         0x08000437   Thumb Code     0  startup_stm32h743xx.o(.text)
    EXTI9_5_IRQHandler                       0x08000437   Thumb Code     0  startup_stm32h743xx.o(.text)
    FDCAN1_IT0_IRQHandler                    0x08000437   Thumb Code     0  startup_stm32h743xx.o(.text)
    FDCAN1_IT1_IRQHandler                    0x08000437   Thumb Code     0  startup_stm32h743xx.o(.text)
    FDCAN2_IT0_IRQHandler                    0x08000437   Thumb Code     0  startup_stm32h743xx.o(.text)
    FDCAN2_IT1_IRQHandler                    0x08000437   Thumb Code     0  startup_stm32h743xx.o(.text)
    FDCAN_CAL_IRQHandler                     0x08000437   Thumb Code     0  startup_stm32h743xx.o(.text)
    FLASH_IRQHandler                         0x08000437   Thumb Code     0  startup_stm32h743xx.o(.text)
    FMC_IRQHandler                           0x08000437   Thumb Code     0  startup_stm32h743xx.o(.text)
    FPU_IRQHandler                           0x08000437   Thumb Code     0  startup_stm32h743xx.o(.text)
    HRTIM1_FLT_IRQHandler                    0x08000437   Thumb Code     0  startup_stm32h743xx.o(.text)
    HRTIM1_Master_IRQHandler                 0x08000437   Thumb Code     0  startup_stm32h743xx.o(.text)
    HRTIM1_TIMA_IRQHandler                   0x08000437   Thumb Code     0  startup_stm32h743xx.o(.text)
    HRTIM1_TIMB_IRQHandler                   0x08000437   Thumb Code     0  startup_stm32h743xx.o(.text)
    HRTIM1_TIMC_IRQHandler                   0x08000437   Thumb Code     0  startup_stm32h743xx.o(.text)
    HRTIM1_TIMD_IRQHandler                   0x08000437   Thumb Code     0  startup_stm32h743xx.o(.text)
    HRTIM1_TIME_IRQHandler                   0x08000437   Thumb Code     0  startup_stm32h743xx.o(.text)
    HSEM1_IRQHandler                         0x08000437   Thumb Code     0  startup_stm32h743xx.o(.text)
    I2C1_ER_IRQHandler                       0x08000437   Thumb Code     0  startup_stm32h743xx.o(.text)
    I2C1_EV_IRQHandler                       0x08000437   Thumb Code     0  startup_stm32h743xx.o(.text)
    I2C2_ER_IRQHandler                       0x08000437   Thumb Code     0  startup_stm32h743xx.o(.text)
    I2C2_EV_IRQHandler                       0x08000437   Thumb Code     0  startup_stm32h743xx.o(.text)
    I2C3_ER_IRQHandler                       0x08000437   Thumb Code     0  startup_stm32h743xx.o(.text)
    I2C3_EV_IRQHandler                       0x08000437   Thumb Code     0  startup_stm32h743xx.o(.text)
    I2C4_ER_IRQHandler                       0x08000437   Thumb Code     0  startup_stm32h743xx.o(.text)
    I2C4_EV_IRQHandler                       0x08000437   Thumb Code     0  startup_stm32h743xx.o(.text)
    JPEG_IRQHandler                          0x08000437   Thumb Code     0  startup_stm32h743xx.o(.text)
    LPTIM1_IRQHandler                        0x08000437   Thumb Code     0  startup_stm32h743xx.o(.text)
    LPTIM2_IRQHandler                        0x08000437   Thumb Code     0  startup_stm32h743xx.o(.text)
    LPTIM3_IRQHandler                        0x08000437   Thumb Code     0  startup_stm32h743xx.o(.text)
    LPTIM4_IRQHandler                        0x08000437   Thumb Code     0  startup_stm32h743xx.o(.text)
    LPTIM5_IRQHandler                        0x08000437   Thumb Code     0  startup_stm32h743xx.o(.text)
    LPUART1_IRQHandler                       0x08000437   Thumb Code     0  startup_stm32h743xx.o(.text)
    LTDC_ER_IRQHandler                       0x08000437   Thumb Code     0  startup_stm32h743xx.o(.text)
    LTDC_IRQHandler                          0x08000437   Thumb Code     0  startup_stm32h743xx.o(.text)
    MDIOS_IRQHandler                         0x08000437   Thumb Code     0  startup_stm32h743xx.o(.text)
    MDIOS_WKUP_IRQHandler                    0x08000437   Thumb Code     0  startup_stm32h743xx.o(.text)
    MDMA_IRQHandler                          0x08000437   Thumb Code     0  startup_stm32h743xx.o(.text)
    OTG_FS_EP1_IN_IRQHandler                 0x08000437   Thumb Code     0  startup_stm32h743xx.o(.text)
    OTG_FS_EP1_OUT_IRQHandler                0x08000437   Thumb Code     0  startup_stm32h743xx.o(.text)
    OTG_FS_IRQHandler                        0x08000437   Thumb Code     0  startup_stm32h743xx.o(.text)
    OTG_FS_WKUP_IRQHandler                   0x08000437   Thumb Code     0  startup_stm32h743xx.o(.text)
    OTG_HS_EP1_IN_IRQHandler                 0x08000437   Thumb Code     0  startup_stm32h743xx.o(.text)
    OTG_HS_EP1_OUT_IRQHandler                0x08000437   Thumb Code     0  startup_stm32h743xx.o(.text)
    OTG_HS_IRQHandler                        0x08000437   Thumb Code     0  startup_stm32h743xx.o(.text)
    OTG_HS_WKUP_IRQHandler                   0x08000437   Thumb Code     0  startup_stm32h743xx.o(.text)
    PVD_AVD_IRQHandler                       0x08000437   Thumb Code     0  startup_stm32h743xx.o(.text)
    QUADSPI_IRQHandler                       0x08000437   Thumb Code     0  startup_stm32h743xx.o(.text)
    RCC_IRQHandler                           0x08000437   Thumb Code     0  startup_stm32h743xx.o(.text)
    RNG_IRQHandler                           0x08000437   Thumb Code     0  startup_stm32h743xx.o(.text)
    RTC_Alarm_IRQHandler                     0x08000437   Thumb Code     0  startup_stm32h743xx.o(.text)
    RTC_WKUP_IRQHandler                      0x08000437   Thumb Code     0  startup_stm32h743xx.o(.text)
    SAI1_IRQHandler                          0x08000437   Thumb Code     0  startup_stm32h743xx.o(.text)
    SAI2_IRQHandler                          0x08000437   Thumb Code     0  startup_stm32h743xx.o(.text)
    SAI3_IRQHandler                          0x08000437   Thumb Code     0  startup_stm32h743xx.o(.text)
    SAI4_IRQHandler                          0x08000437   Thumb Code     0  startup_stm32h743xx.o(.text)
    SDMMC1_IRQHandler                        0x08000437   Thumb Code     0  startup_stm32h743xx.o(.text)
    SDMMC2_IRQHandler                        0x08000437   Thumb Code     0  startup_stm32h743xx.o(.text)
    SPDIF_RX_IRQHandler                      0x08000437   Thumb Code     0  startup_stm32h743xx.o(.text)
    SPI1_IRQHandler                          0x08000437   Thumb Code     0  startup_stm32h743xx.o(.text)
    SPI2_IRQHandler                          0x08000437   Thumb Code     0  startup_stm32h743xx.o(.text)
    SPI3_IRQHandler                          0x08000437   Thumb Code     0  startup_stm32h743xx.o(.text)
    SPI4_IRQHandler                          0x08000437   Thumb Code     0  startup_stm32h743xx.o(.text)
    SPI5_IRQHandler                          0x08000437   Thumb Code     0  startup_stm32h743xx.o(.text)
    SPI6_IRQHandler                          0x08000437   Thumb Code     0  startup_stm32h743xx.o(.text)
    SWPMI1_IRQHandler                        0x08000437   Thumb Code     0  startup_stm32h743xx.o(.text)
    TAMP_STAMP_IRQHandler                    0x08000437   Thumb Code     0  startup_stm32h743xx.o(.text)
    TIM15_IRQHandler                         0x08000437   Thumb Code     0  startup_stm32h743xx.o(.text)
    TIM16_IRQHandler                         0x08000437   Thumb Code     0  startup_stm32h743xx.o(.text)
    TIM17_IRQHandler                         0x08000437   Thumb Code     0  startup_stm32h743xx.o(.text)
    TIM1_BRK_IRQHandler                      0x08000437   Thumb Code     0  startup_stm32h743xx.o(.text)
    TIM1_CC_IRQHandler                       0x08000437   Thumb Code     0  startup_stm32h743xx.o(.text)
    TIM1_TRG_COM_IRQHandler                  0x08000437   Thumb Code     0  startup_stm32h743xx.o(.text)
    TIM1_UP_IRQHandler                       0x08000437   Thumb Code     0  startup_stm32h743xx.o(.text)
    TIM2_IRQHandler                          0x08000437   Thumb Code     0  startup_stm32h743xx.o(.text)
    TIM3_IRQHandler                          0x08000437   Thumb Code     0  startup_stm32h743xx.o(.text)
    TIM4_IRQHandler                          0x08000437   Thumb Code     0  startup_stm32h743xx.o(.text)
    TIM5_IRQHandler                          0x08000437   Thumb Code     0  startup_stm32h743xx.o(.text)
    TIM6_DAC_IRQHandler                      0x08000437   Thumb Code     0  startup_stm32h743xx.o(.text)
    TIM7_IRQHandler                          0x08000437   Thumb Code     0  startup_stm32h743xx.o(.text)
    TIM8_BRK_TIM12_IRQHandler                0x08000437   Thumb Code     0  startup_stm32h743xx.o(.text)
    TIM8_CC_IRQHandler                       0x08000437   Thumb Code     0  startup_stm32h743xx.o(.text)
    TIM8_TRG_COM_TIM14_IRQHandler            0x08000437   Thumb Code     0  startup_stm32h743xx.o(.text)
    TIM8_UP_TIM13_IRQHandler                 0x08000437   Thumb Code     0  startup_stm32h743xx.o(.text)
    UART4_IRQHandler                         0x08000437   Thumb Code     0  startup_stm32h743xx.o(.text)
    UART5_IRQHandler                         0x08000437   Thumb Code     0  startup_stm32h743xx.o(.text)
    UART7_IRQHandler                         0x08000437   Thumb Code     0  startup_stm32h743xx.o(.text)
    UART8_IRQHandler                         0x08000437   Thumb Code     0  startup_stm32h743xx.o(.text)
    USART1_IRQHandler                        0x08000437   Thumb Code     0  startup_stm32h743xx.o(.text)
    USART2_IRQHandler                        0x08000437   Thumb Code     0  startup_stm32h743xx.o(.text)
    USART3_IRQHandler                        0x08000437   Thumb Code     0  startup_stm32h743xx.o(.text)
    USART6_IRQHandler                        0x08000437   Thumb Code     0  startup_stm32h743xx.o(.text)
    WAKEUP_PIN_IRQHandler                    0x08000437   Thumb Code     0  startup_stm32h743xx.o(.text)
    WWDG_IRQHandler                          0x08000437   Thumb Code     0  startup_stm32h743xx.o(.text)
    __user_initial_stackheap                 0x08000439   Thumb Code     0  startup_stm32h743xx.o(.text)
    __aeabi_memcpy                           0x0800045d   Thumb Code     0  rt_memcpy_v6.o(.text)
    __rt_memcpy                              0x0800045d   Thumb Code   138  rt_memcpy_v6.o(.text)
    _memcpy_lastbytes                        0x080004c3   Thumb Code     0  rt_memcpy_v6.o(.text)
    __aeabi_memset4                          0x080004e7   Thumb Code    16  aeabi_memset4.o(.text)
    __aeabi_memset8                          0x080004e7   Thumb Code     0  aeabi_memset4.o(.text)
    __aeabi_memclr4                          0x080004f7   Thumb Code     0  rt_memclr_w.o(.text)
    __aeabi_memclr8                          0x080004f7   Thumb Code     0  rt_memclr_w.o(.text)
    __rt_memclr_w                            0x080004f7   Thumb Code     0  rt_memclr_w.o(.text)
    _memset_w                                0x080004fb   Thumb Code    74  rt_memclr_w.o(.text)
    __use_two_region_memory                  0x08000545   Thumb Code     2  heapauxi.o(.text)
    __rt_heap_escrow$2region                 0x08000547   Thumb Code     2  heapauxi.o(.text)
    __rt_heap_expand$2region                 0x08000549   Thumb Code     2  heapauxi.o(.text)
    __aeabi_memcpy4                          0x0800054b   Thumb Code     0  rt_memcpy_w.o(.text)
    __aeabi_memcpy8                          0x0800054b   Thumb Code     0  rt_memcpy_w.o(.text)
    __rt_memcpy_w                            0x0800054b   Thumb Code   100  rt_memcpy_w.o(.text)
    _memcpy_lastbytes_aligned                0x08000593   Thumb Code     0  rt_memcpy_w.o(.text)
    exit                                     0x080005af   Thumb Code    18  exit.o(.text)
    __user_libspace                          0x080005c1   Thumb Code     8  libspace.o(.text)
    __user_perproc_libspace                  0x080005c1   Thumb Code     0  libspace.o(.text)
    _sys_exit                                0x080005c9   Thumb Code     8  sys_exit.o(.text)
    ADC_ConfigureBoostMode                   0x080005d9   Thumb Code   276  stm32h7xx_hal_adc.o(.text.ADC_ConfigureBoostMode)
    EventRecord2                             0x080006f1   Thumb Code   406  eventrecorder.o(.text.EventRecord2)
    EventRecord4                             0x08000889   Thumb Code   680  eventrecorder.o(.text.EventRecord4)
    EventRecorderEnable                      0x08000b31   Thumb Code   110  eventrecorder.o(.text.EventRecorderEnable)
    EventRecorderStart                       0x08000ba1   Thumb Code   326  eventrecorder.o(.text.EventRecorderStart)
    EventRecorderTimerGetFreq                0x08000ce9   Thumb Code    12  eventrecorder.o(.text.EventRecorderTimerGetFreq)
    EventRecorderTimerSetup                  0x08000cf9   Thumb Code    36  eventrecorder.o(.text.EventRecorderTimerSetup)
    EvrRtxDelayStarted                       0x08000d21   Thumb Code    20  rtx_evr.o(.text.EvrRtxDelayStarted)
    EvrRtxKernelError                        0x08000d39   Thumb Code    16  rtx_evr.o(.text.EvrRtxKernelError)
    EvrRtxKernelGetTickCount                 0x08000d49   Thumb Code    20  rtx_evr.o(.text.EvrRtxKernelGetTickCount)
    EvrRtxKernelInitialize                   0x08000d61   Thumb Code    20  rtx_evr.o(.text.EvrRtxKernelInitialize)
    EvrRtxKernelStart                        0x08000d79   Thumb Code    20  rtx_evr.o(.text.EvrRtxKernelStart)
    EvrRtxMemoryAlloc                        0x08000d91   Thumb Code    30  rtx_evr.o(.text.EvrRtxMemoryAlloc)
    EvrRtxMemoryPoolAllocTimeout             0x08000db1   Thumb Code    20  rtx_evr.o(.text.EvrRtxMemoryPoolAllocTimeout)
    EvrRtxMessageQueueGet                    0x08000dc9   Thumb Code    30  rtx_evr.o(.text.EvrRtxMessageQueueGet)
    EvrRtxMessageQueueGetPending             0x08000de9   Thumb Code    32  rtx_evr.o(.text.EvrRtxMessageQueueGetPending)
    EvrRtxMessageQueueGetTimeout             0x08000e09   Thumb Code    20  rtx_evr.o(.text.EvrRtxMessageQueueGetTimeout)
    EvrRtxMessageQueueInserted               0x08000e21   Thumb Code    20  rtx_evr.o(.text.EvrRtxMessageQueueInserted)
    EvrRtxMessageQueueNotRetrieved           0x08000e39   Thumb Code    20  rtx_evr.o(.text.EvrRtxMessageQueueNotRetrieved)
    EvrRtxMessageQueuePutTimeout             0x08000e51   Thumb Code    20  rtx_evr.o(.text.EvrRtxMessageQueuePutTimeout)
    EvrRtxMutexAcquire                       0x08000e69   Thumb Code    20  rtx_evr.o(.text.EvrRtxMutexAcquire)
    EvrRtxMutexAcquireTimeout                0x08000e81   Thumb Code    20  rtx_evr.o(.text.EvrRtxMutexAcquireTimeout)
    EvrRtxMutexDestroyed                     0x08000e99   Thumb Code    20  rtx_evr.o(.text.EvrRtxMutexDestroyed)
    EvrRtxMutexError                         0x08000eb1   Thumb Code    16  rtx_evr.o(.text.EvrRtxMutexError)
    EvrRtxMutexNew                           0x08000ec1   Thumb Code    20  rtx_evr.o(.text.EvrRtxMutexNew)
    EvrRtxMutexNotAcquired                   0x08000ed9   Thumb Code    20  rtx_evr.o(.text.EvrRtxMutexNotAcquired)
    EvrRtxMutexReleased                      0x08000ef1   Thumb Code    20  rtx_evr.o(.text.EvrRtxMutexReleased)
    EvrRtxThreadBlocked                      0x08000f09   Thumb Code    20  rtx_evr.o(.text.EvrRtxThreadBlocked)
    EvrRtxThreadCreated                      0x08000f21   Thumb Code    28  rtx_evr.o(.text.EvrRtxThreadCreated)
    EvrRtxThreadError                        0x08000f41   Thumb Code    16  rtx_evr.o(.text.EvrRtxThreadError)
    EvrRtxThreadExit                         0x08000f51   Thumb Code    20  rtx_evr.o(.text.EvrRtxThreadExit)
    EvrRtxThreadFlagsWaitCompleted           0x08000f69   Thumb Code    30  rtx_evr.o(.text.EvrRtxThreadFlagsWaitCompleted)
    EvrRtxThreadFlagsWaitTimeout             0x08000f89   Thumb Code    20  rtx_evr.o(.text.EvrRtxThreadFlagsWaitTimeout)
    EvrRtxThreadNew                          0x08000fa1   Thumb Code    32  rtx_evr.o(.text.EvrRtxThreadNew)
    EvrRtxThreadPreempted                    0x08000fc1   Thumb Code    20  rtx_evr.o(.text.EvrRtxThreadPreempted)
    EvrRtxTimerCallback                      0x08000fd9   Thumb Code    20  rtx_evr.o(.text.EvrRtxTimerCallback)
    HAL_ADC_ConfigChannel                    0x08000ff1   Thumb Code   852  stm32h7xx_hal_adc.o(.text.HAL_ADC_ConfigChannel)
    HAL_ADC_Init                             0x08001349   Thumb Code   566  stm32h7xx_hal_adc.o(.text.HAL_ADC_Init)
    HAL_ADC_MspInit                          0x08001581   Thumb Code   116  stm32h7xx_hal_msp.o(.text.HAL_ADC_MspInit)
    HAL_GPIO_EXTI_IRQHandler                 0x080015f9   Thumb Code    24  stm32h7xx_hal_gpio.o(.text.HAL_GPIO_EXTI_IRQHandler)
    HAL_GPIO_ReadPin                         0x08001611   Thumb Code    10  stm32h7xx_hal_gpio.o(.text.HAL_GPIO_ReadPin)
    HAL_GPIO_TogglePin                       0x08001621   Thumb Code    16  stm32h7xx_hal_gpio.o(.text.HAL_GPIO_TogglePin)
    HAL_GetTick                              0x08001631   Thumb Code    76  main.o(.text.HAL_GetTick)
    HAL_InitTick                             0x08001681   Thumb Code     4  main.o(.text.HAL_InitTick)
    HAL_NVIC_EnableIRQ                       0x08001689   Thumb Code    32  stm32h7xx_hal_cortex.o(.text.HAL_NVIC_EnableIRQ)
    HAL_NVIC_SetPriority                     0x080016a9   Thumb Code    94  stm32h7xx_hal_cortex.o(.text.HAL_NVIC_SetPriority)
    HAL_RCCEx_GetPLL1ClockFreq               0x08001709   Thumb Code   296  stm32h7xx_hal_rcc_ex.o(.text.HAL_RCCEx_GetPLL1ClockFreq)
    HAL_RCCEx_GetPLL2ClockFreq               0x08001831   Thumb Code   292  stm32h7xx_hal_rcc_ex.o(.text.HAL_RCCEx_GetPLL2ClockFreq)
    HAL_RCCEx_GetPeriphCLKFreq               0x08001959   Thumb Code   946  stm32h7xx_hal_rcc_ex.o(.text.HAL_RCCEx_GetPeriphCLKFreq)
    HAL_RCC_OscConfig                        0x08001d11   Thumb Code  1520  stm32h7xx_hal_rcc.o(.text.HAL_RCC_OscConfig)
    HAL_SPI_MspInit                          0x08002301   Thumb Code     2  stm32h7xx_hal_spi.o(.text.HAL_SPI_MspInit)
    MemManage_Handler                        0x08002309   Thumb Code     2  stm32h7xx_it.o(.text.MemManage_Handler)
    OS_Tick_Enable                           0x08002311   Thumb Code    50  os_systick.o(.text.OS_Tick_Enable)
    OS_Tick_GetIRQn                          0x08002349   Thumb Code     6  os_systick.o(.text.OS_Tick_GetIRQn)
    OS_Tick_Setup                            0x08002351   Thumb Code    72  os_systick.o(.text.OS_Tick_Setup)
    SystemClock_Config                       0x080024b9   Thumb Code   202  main.o(.text.SystemClock_Config)
    SystemInit                               0x08002589   Thumb Code   242  system_stm32h7xx.o(.text.SystemInit)
    UsageFault_Handler                       0x08002681   Thumb Code     2  stm32h7xx_it.o(.text.UsageFault_Handler)
    _mutex_free                              0x08002689   Thumb Code    10  rtx_lib.o(.text._mutex_free)
    _mutex_release                           0x08002699   Thumb Code    44  rtx_lib.o(.text._mutex_release)
    _platform_post_stackheap_init            0x080026c9   Thumb Code     8  rtx_lib.o(.text._platform_post_stackheap_init)
    osDelay                                  0x080026d1   Thumb Code    56  rtx_delay.o(.text.osDelay)
    osKernelGetState                         0x08002709   Thumb Code    50  rtx_kernel.o(.text.osKernelGetState)
    osMessageQueueGet                        0x08002741   Thumb Code   210  rtx_msgqueue.o(.text.osMessageQueueGet)
    osMutexDelete                            0x08002819   Thumb Code    58  rtx_mutex.o(.text.osMutexDelete)
    osMutexRelease                           0x08002859   Thumb Code    58  rtx_mutex.o(.text.osMutexRelease)
    osRtxIdleThread                          0x08002899   Thumb Code     2  rtx_config.o(.text.osRtxIdleThread)
    osRtxMemoryInit                          0x080028a1   Thumb Code    64  rtx_memory.o(.text.osRtxMemoryInit)
    osRtxMemoryPoolAlloc                     0x080028e1   Thumb Code    68  rtx_mempool.o(.text.osRtxMemoryPoolAlloc)
    osRtxMemoryPoolInit                      0x08002929   Thumb Code    90  rtx_mempool.o(.text.osRtxMemoryPoolInit)
    osRtxMessageQueueTimerSetup              0x08002b49   Thumb Code    44  rtx_msgqueue.o(.text.osRtxMessageQueueTimerSetup)
    osRtxMutexOwnerRelease                   0x08002b79   Thumb Code   104  rtx_mutex.o(.text.osRtxMutexOwnerRelease)
    osRtxPostProcess                         0x08002be1   Thumb Code   116  rtx_system.o(.text.osRtxPostProcess)
    osRtxThreadListSort                      0x08002c59   Thumb Code    86  rtx_thread.o(.text.osRtxThreadListSort)
    osRtxThreadRegPtr                        0x08002d49   Thumb Code    20  rtx_thread.o(.text.osRtxThreadRegPtr)
    osRtxThreadStackCheck                    0x08002d61   Thumb Code    32  rtx_thread.o(.text.osRtxThreadStackCheck)
    osRtxThreadStartup                       0x08002d81   Thumb Code    74  rtx_thread.o(.text.osRtxThreadStartup)
    osRtxThreadSwitch                        0x08002dd1   Thumb Code    22  rtx_thread.o(.text.osRtxThreadSwitch)
    osRtxThreadWaitExit                      0x08002de9   Thumb Code   164  rtx_thread.o(.text.osRtxThreadWaitExit)
    osRtxTimerSetup                          0x08002e91   Thumb Code    38  rtx_timer.o(.text.osRtxTimerSetup)
    osThreadExit                             0x08002f89   Thumb Code    26  rtx_thread.o(.text.osThreadExit)
    $Super$$_fp_init                         0x08003451   Thumb Code    26  fpinit.o(x$fpl$fpinit)
    __fplib_config_fpu_vfp                   0x08003469   Thumb Code     0  fpinit.o(x$fpl$fpinit)
    __fplib_config_pureend_doubles           0x08003469   Thumb Code     0  fpinit.o(x$fpl$fpinit)
    os_cb_sections                           0x0800346c   Data          56  rtx_lib.o(.rodata)
    osRtxUserSVC                             0x080034a4   Data           4  rtx_lib.o(.rodata.osRtxUserSVC)
    Region$$Table$$Base                      0x080034f0   Number         0  anon$$obj.o(Region$$Table)
    Region$$Table$$Limit                     0x08003510   Number         0  anon$$obj.o(Region$$Table)
    __rt_entry                               0x08100001   Thumb Code     0  __rtentry.o(.ARM.Collect$$rtentry$$00000000)
    __rt_entry_presh_1                       0x08100001   Thumb Code     0  __rtentry2.o(.ARM.Collect$$rtentry$$00000002)
    __rt_entry_sh                            0x08100001   Thumb Code     0  __rtentry4.o(.ARM.Collect$$rtentry$$00000004)
    __rt_entry_postsh_1                      0x08100007   Thumb Code     0  __rtentry2.o(.ARM.Collect$$rtentry$$00000008)
    __rt_entry_li                            0x0810000f   Thumb Code     0  __rtentry2.o(.ARM.Collect$$rtentry$$0000000A)
    __rt_entry_main                          0x08100013   Thumb Code     0  __rtentry2.o(.ARM.Collect$$rtentry$$0000000D)
    __rt_entry_postli_1                      0x08100013   Thumb Code     0  __rtentry2.o(.ARM.Collect$$rtentry$$0000000C)
    __rt_exit                                0x0810001b   Thumb Code     0  rtexit.o(.ARM.Collect$$rtexit$$00000000)
    __rt_exit_ls                             0x0810001d   Thumb Code     0  rtexit2.o(.ARM.Collect$$rtexit$$00000003)
    __rt_exit_prels_1                        0x0810001d   Thumb Code     0  rtexit2.o(.ARM.Collect$$rtexit$$00000002)
    __rt_exit_exit                           0x08100021   Thumb Code     0  rtexit2.o(.ARM.Collect$$rtexit$$00000004)
    __aeabi_memclr                           0x08100027   Thumb Code     0  rt_memclr.o(.text)
    __rt_memclr                              0x08100027   Thumb Code     0  rt_memclr.o(.text)
    _memset                                  0x0810002b   Thumb Code    64  rt_memclr.o(.text)
    __user_setup_stackheap                   0x0810006b   Thumb Code    74  sys_stackheap_outer.o(.text)
    __I$use$semihosting                      0x081000b5   Thumb Code     0  use_no_semi.o(.text)
    __use_no_semihosting_swi                 0x081000b5   Thumb Code     2  use_no_semi.o(.text)
    __semihosting_library_function           0x081000b7   Thumb Code     0  indicate_semi.o(.text)
    _fp_init                                 0x081000b9   Thumb Code    22  rtx_lib.o(.text.$Sub$$_fp_init)
    BusFault_Handler                         0x081000d1   Thumb Code     2  stm32h7xx_it.o(.text.BusFault_Handler)
    DebugMon_Handler                         0x081000d9   Thumb Code     2  stm32h7xx_it.o(.text.DebugMon_Handler)
    EXTI15_10_IRQHandler                     0x081000e1   Thumb Code    12  stm32h7xx_it.o(.text.EXTI15_10_IRQHandler)
    Error_Handler                            0x081000f1   Thumb Code     2  main.o(.text.Error_Handler)
    EventRecorderDisable                     0x081000f9   Thumb Code   110  eventrecorder.o(.text.EventRecorderDisable)
    EventRecorderInitialize                  0x08100169   Thumb Code   736  eventrecorder.o(.text.EventRecorderInitialize)
    EventRecorderTimerGetCount               0x08100449   Thumb Code    12  eventrecorder.o(.text.EventRecorderTimerGetCount)
    EvrRtxDelay                              0x08100459   Thumb Code    20  rtx_evr.o(.text.EvrRtxDelay)
    EvrRtxDelayCompleted                     0x08100471   Thumb Code    20  rtx_evr.o(.text.EvrRtxDelayCompleted)
    EvrRtxDelayError                         0x08100489   Thumb Code    16  rtx_evr.o(.text.EvrRtxDelayError)
    EvrRtxEventFlagsWaitTimeout              0x08100499   Thumb Code    20  rtx_evr.o(.text.EvrRtxEventFlagsWaitTimeout)
    EvrRtxKernelErrorNotify                  0x081004b1   Thumb Code    16  rtx_evr.o(.text.EvrRtxKernelErrorNotify)
    EvrRtxKernelInitialized                  0x081004c1   Thumb Code    20  rtx_evr.o(.text.EvrRtxKernelInitialized)
    EvrRtxKernelStarted                      0x081004d9   Thumb Code    20  rtx_evr.o(.text.EvrRtxKernelStarted)
    EvrRtxMemoryBlockAlloc                   0x081004f1   Thumb Code    20  rtx_evr.o(.text.EvrRtxMemoryBlockAlloc)
    EvrRtxMemoryBlockFree                    0x08100509   Thumb Code    32  rtx_evr.o(.text.EvrRtxMemoryBlockFree)
    EvrRtxMemoryBlockInit                    0x08100529   Thumb Code    30  rtx_evr.o(.text.EvrRtxMemoryBlockInit)
    EvrRtxMemoryFree                         0x08100549   Thumb Code    32  rtx_evr.o(.text.EvrRtxMemoryFree)
    EvrRtxMemoryInit                         0x08100569   Thumb Code    28  rtx_evr.o(.text.EvrRtxMemoryInit)
    EvrRtxMessageQueueCreated                0x08100589   Thumb Code    20  rtx_evr.o(.text.EvrRtxMessageQueueCreated)
    EvrRtxMessageQueueError                  0x081005a1   Thumb Code    16  rtx_evr.o(.text.EvrRtxMessageQueueError)
    EvrRtxMessageQueueInsertPending          0x081005b1   Thumb Code    20  rtx_evr.o(.text.EvrRtxMessageQueueInsertPending)
    EvrRtxMessageQueueNotInserted            0x081005c9   Thumb Code    20  rtx_evr.o(.text.EvrRtxMessageQueueNotInserted)
    EvrRtxMessageQueuePut                    0x081005e1   Thumb Code    30  rtx_evr.o(.text.EvrRtxMessageQueuePut)
    EvrRtxMessageQueuePutPending             0x08100601   Thumb Code    32  rtx_evr.o(.text.EvrRtxMessageQueuePutPending)
    EvrRtxMessageQueueRetrieved              0x08100621   Thumb Code    20  rtx_evr.o(.text.EvrRtxMessageQueueRetrieved)
    EvrRtxMutexAcquirePending                0x08100639   Thumb Code    20  rtx_evr.o(.text.EvrRtxMutexAcquirePending)
    EvrRtxMutexAcquired                      0x08100651   Thumb Code    20  rtx_evr.o(.text.EvrRtxMutexAcquired)
    EvrRtxMutexCreated                       0x08100669   Thumb Code    20  rtx_evr.o(.text.EvrRtxMutexCreated)
    EvrRtxMutexDelete                        0x08100681   Thumb Code    20  rtx_evr.o(.text.EvrRtxMutexDelete)
    EvrRtxMutexRelease                       0x08100699   Thumb Code    20  rtx_evr.o(.text.EvrRtxMutexRelease)
    EvrRtxSemaphoreAcquireTimeout            0x081006b1   Thumb Code    20  rtx_evr.o(.text.EvrRtxSemaphoreAcquireTimeout)
    EvrRtxThreadDestroyed                    0x081006c9   Thumb Code    20  rtx_evr.o(.text.EvrRtxThreadDestroyed)
    EvrRtxThreadJoined                       0x081006e1   Thumb Code    20  rtx_evr.o(.text.EvrRtxThreadJoined)
    EvrRtxThreadSwitched                     0x081006f9   Thumb Code    20  rtx_evr.o(.text.EvrRtxThreadSwitched)
    EvrRtxThreadUnblocked                    0x08100711   Thumb Code    20  rtx_evr.o(.text.EvrRtxThreadUnblocked)
    HAL_GPIO_EXTI_Callback                   0x08100729   Thumb Code    46  main.o(.text.HAL_GPIO_EXTI_Callback)
    HAL_GPIO_Init                            0x08100759   Thumb Code   430  stm32h7xx_hal_gpio.o(.text.HAL_GPIO_Init)
    HAL_GPIO_WritePin                        0x08100909   Thumb Code    10  stm32h7xx_hal_gpio.o(.text.HAL_GPIO_WritePin)
    HAL_GetREVID                             0x08100919   Thumb Code    14  stm32h7xx_hal.o(.text.HAL_GetREVID)
    HAL_Init                                 0x08100929   Thumb Code   100  stm32h7xx_hal.o(.text.HAL_Init)
    HAL_MPU_ConfigRegion                     0x08100991   Thumb Code    94  stm32h7xx_hal_cortex.o(.text.HAL_MPU_ConfigRegion)
    HAL_MPU_Disable                          0x081009f1   Thumb Code    26  stm32h7xx_hal_cortex.o(.text.HAL_MPU_Disable)
    HAL_MPU_Enable                           0x08100a11   Thumb Code    32  stm32h7xx_hal_cortex.o(.text.HAL_MPU_Enable)
    HAL_MspInit                              0x08100a31   Thumb Code    60  stm32h7xx_hal_msp.o(.text.HAL_MspInit)
    HAL_NVIC_SetPriorityGrouping             0x08100a71   Thumb Code    32  stm32h7xx_hal_cortex.o(.text.HAL_NVIC_SetPriorityGrouping)
    HAL_PWREx_ConfigSupply                   0x08100a91   Thumb Code    72  stm32h7xx_hal_pwr_ex.o(.text.HAL_PWREx_ConfigSupply)
    HAL_RCCEx_GetPLL3ClockFreq               0x08100ad9   Thumb Code   292  stm32h7xx_hal_rcc_ex.o(.text.HAL_RCCEx_GetPLL3ClockFreq)
    HAL_RCCEx_PeriphCLKConfig                0x08100c01   Thumb Code  2400  stm32h7xx_hal_rcc_ex.o(.text.HAL_RCCEx_PeriphCLKConfig)
    HAL_RCC_ClockConfig                      0x08101561   Thumb Code   596  stm32h7xx_hal_rcc.o(.text.HAL_RCC_ClockConfig)
    HAL_RCC_GetHCLKFreq                      0x081017b9   Thumb Code    76  stm32h7xx_hal_rcc.o(.text.HAL_RCC_GetHCLKFreq)
    HAL_RCC_GetSysClockFreq                  0x08101809   Thumb Code   264  stm32h7xx_hal_rcc.o(.text.HAL_RCC_GetSysClockFreq)
    HAL_SPI_Init                             0x08101911   Thumb Code   354  stm32h7xx_hal_spi.o(.text.HAL_SPI_Init)
    HAL_SYSCFG_AnalogSwitchConfig            0x08101a79   Thumb Code    20  stm32h7xx_hal.o(.text.HAL_SYSCFG_AnalogSwitchConfig)
    HardFault_Handler                        0x08101a91   Thumb Code     2  stm32h7xx_it.o(.text.HardFault_Handler)
    NMI_Handler                              0x08101a99   Thumb Code     2  stm32h7xx_it.o(.text.NMI_Handler)
    OS_Tick_AcknowledgeIRQ                   0x08101aa1   Thumb Code    12  os_systick.o(.text.OS_Tick_AcknowledgeIRQ)
    StartDefaultTask                         0x08101bd1   Thumb Code    24  main.o(.text.StartDefaultTask)
    SystemCoreClockUpdate                    0x08101be9   Thumb Code   320  system_stm32h7xx.o(.text.SystemCoreClockUpdate)
    _mutex_acquire                           0x08101d29   Thumb Code    48  rtx_lib.o(.text._mutex_acquire)
    _mutex_initialize                        0x08101d59   Thumb Code    32  rtx_lib.o(.text._mutex_initialize)
    main                                     0x08101d79   Thumb Code   894  main.o(.text.main)
    osKernelGetTickCount                     0x081020f9   Thumb Code    50  rtx_kernel.o(.text.osKernelGetTickCount)
    osKernelInitialize                       0x08102131   Thumb Code    56  rtx_kernel.o(.text.osKernelInitialize)
    osKernelStart                            0x08102169   Thumb Code    52  rtx_kernel.o(.text.osKernelStart)
    osMessageQueuePut                        0x081021a1   Thumb Code   162  rtx_msgqueue.o(.text.osMessageQueuePut)
    osMutexAcquire                           0x08102249   Thumb Code    62  rtx_mutex.o(.text.osMutexAcquire)
    osMutexNew                               0x08102289   Thumb Code    56  rtx_mutex.o(.text.osMutexNew)
    osRtxErrorNotify                         0x081022c1   Thumb Code     2  rtx_config.o(.text.osRtxErrorNotify)
    osRtxKernelErrorNotify                   0x081022c9   Thumb Code    20  rtx_kernel.o(.text.osRtxKernelErrorNotify)
    osRtxKernelPreInit                       0x081022e1   Thumb Code   242  rtx_lib.o(.text.osRtxKernelPreInit)
    osRtxMemoryAlloc                         0x081023d9   Thumb Code   132  rtx_memory.o(.text.osRtxMemoryAlloc)
    osRtxMemoryFree                          0x08102461   Thumb Code    86  rtx_memory.o(.text.osRtxMemoryFree)
    osRtxMemoryPoolFree                      0x081024b9   Thumb Code    86  rtx_mempool.o(.text.osRtxMemoryPoolFree)
    osRtxMutexOwnerRestore                   0x08102511   Thumb Code    80  rtx_mutex.o(.text.osRtxMutexOwnerRestore)
    osRtxPendSV_Handler                      0x08102561   Thumb Code   150  rtx_system.o(.text.osRtxPendSV_Handler)
    osRtxThreadDelayTick                     0x081025f9   Thumb Code   352  rtx_thread.o(.text.osRtxThreadDelayTick)
    osRtxThreadDispatch                      0x08102759   Thumb Code   232  rtx_thread.o(.text.osRtxThreadDispatch)
    osRtxThreadListGet                       0x081028a9   Thumb Code    20  rtx_thread.o(.text.osRtxThreadListGet)
    osRtxThreadListPut                       0x081028c1   Thumb Code    42  rtx_thread.o(.text.osRtxThreadListPut)
    osRtxThreadListRemove                    0x081028f1   Thumb Code    26  rtx_thread.o(.text.osRtxThreadListRemove)
    osRtxThreadReadyPut                      0x08102911   Thumb Code    58  rtx_thread.o(.text.osRtxThreadReadyPut)
    osRtxThreadWaitEnter                     0x08102951   Thumb Code   212  rtx_thread.o(.text.osRtxThreadWaitEnter)
    osRtxTick_Handler                        0x08102a29   Thumb Code   130  rtx_system.o(.text.osRtxTick_Handler)
    osRtxTimerThread                         0x08102ab1   Thumb Code    42  rtx_timer.o(.text.osRtxTimerThread)
    osThreadNew                              0x08102ae1   Thumb Code    64  rtx_thread.o(.text.osThreadNew)
    Short Thumb to Thumb Veneer to _memset_w 0x081033a9   Thumb Code     4  anon$$obj.o(Veneer$$Code)
    osRtxConfig                              0x081033ac   Data         112  rtx_lib.o(.rodata)
    D1CorePrescTable                         0x0810341c   Data          16  system_stm32h7xx.o(.rodata.D1CorePrescTable)
    EventRecorderInfo                        0x0810342c   Data          24  eventrecorder.o(.rodata.EventRecorderInfo)
    defaultTask_attributes                   0x08103444   Data          36  main.o(.rodata.defaultTask_attributes)
    SystemCoreClock                          0x20000000   Data           4  system_stm32h7xx.o(.data.SystemCoreClock)
    SystemD2Clock                            0x20000004   Data           4  system_stm32h7xx.o(.data.SystemD2Clock)
    osRtxInfo                                0x20000008   Data         164  rtx_kernel.o(.data.os)
    uwTickPrio                               0x200000ac   Data           4  stm32h7xx_hal.o(.data.uwTickPrio)
    __libspace_start                         0x200000b0   Data          96  libspace.o(.bss)
    __temporary_stack_top$libspace           0x20000110   Data           0  libspace.o(.bss)
    hadc3                                    0x20000114   Data         100  main.o(.bss.hadc3)
    hspi1                                    0x20000178   Data         136  main.o(.bss.hspi1)
    .bss.os.msgqueue.cb$$Base                0x20001244   Number         0  rtx_lib.o(.bss.os.msgqueue.cb)
    .bss.os.msgqueue.cb$$Limit               0x20001278   Number         0  rtx_lib.o(.bss.os.msgqueue.cb)
    .bss.os.thread.cb$$Base                  0x200012c8   Number         0  rtx_lib.o(.bss.os.thread.cb)
    .bss.os.thread.cb$$Limit                 0x20001350   Number         0  rtx_lib.o(.bss.os.thread.cb)



==============================================================================

Memory Map of the image

  Image Entry point : 0x08000299

  Load Region LR_IROM1 (Base: 0x08000000, Size: 0x000035c0, Max: 0x00100000, ABSOLUTE)

    Execution Region ER_IROM1 (Exec base: 0x08000000, Load base: 0x08000000, Size: 0x00003510, Max: 0x00100000, ABSOLUTE)

    Exec Addr    Load Addr    Size         Type   Attr      Idx    E Section Name        Object

    0x08000000   0x08000000   0x00000298   Data   RO         2507    RESET               startup_stm32h743xx.o
    0x08000298   0x08000298   0x00000008   Code   RO         2657  * !!!main             c_w.l(__main.o)
    0x080002a0   0x080002a0   0x00000034   Code   RO         2832    !!!scatter          c_w.l(__scatter.o)
    0x080002d4   0x080002d4   0x0000001a   Code   RO         2834    !!handler_copy      c_w.l(__scatter_copy.o)
    0x080002ee   0x080002ee   0x00000002   PAD
    0x080002f0   0x080002f0   0x0000001c   Code   RO         2836    !!handler_zi        c_w.l(__scatter_zi.o)
    0x0800030c   0x0800030c   0x00000002   Code   RO         2696    .ARM.Collect$$libinit$$00000000  c_w.l(libinit.o)
    0x0800030e   0x0800030e   0x00000004   Code   RO         2708    .ARM.Collect$$libinit$$00000001  c_w.l(libinit2.o)
    0x08000312   0x08000312   0x00000000   Code   RO         2711    .ARM.Collect$$libinit$$00000004  c_w.l(libinit2.o)
    0x08000312   0x08000312   0x00000000   Code   RO         2713    .ARM.Collect$$libinit$$00000006  c_w.l(libinit2.o)
    0x08000312   0x08000312   0x00000000   Code   RO         2716    .ARM.Collect$$libinit$$0000000C  c_w.l(libinit2.o)
    0x08000312   0x08000312   0x00000000   Code   RO         2718    .ARM.Collect$$libinit$$0000000E  c_w.l(libinit2.o)
    0x08000312   0x08000312   0x00000000   Code   RO         2720    .ARM.Collect$$libinit$$00000010  c_w.l(libinit2.o)
    0x08000312   0x08000312   0x00000000   Code   RO         2723    .ARM.Collect$$libinit$$00000013  c_w.l(libinit2.o)
    0x08000312   0x08000312   0x00000000   Code   RO         2725    .ARM.Collect$$libinit$$00000015  c_w.l(libinit2.o)
    0x08000312   0x08000312   0x00000000   Code   RO         2727    .ARM.Collect$$libinit$$00000017  c_w.l(libinit2.o)
    0x08000312   0x08000312   0x00000000   Code   RO         2729    .ARM.Collect$$libinit$$00000019  c_w.l(libinit2.o)
    0x08000312   0x08000312   0x00000000   Code   RO         2731    .ARM.Collect$$libinit$$0000001B  c_w.l(libinit2.o)
    0x08000312   0x08000312   0x00000000   Code   RO         2733    .ARM.Collect$$libinit$$0000001D  c_w.l(libinit2.o)
    0x08000312   0x08000312   0x00000000   Code   RO         2735    .ARM.Collect$$libinit$$0000001F  c_w.l(libinit2.o)
    0x08000312   0x08000312   0x00000000   Code   RO         2737    .ARM.Collect$$libinit$$00000021  c_w.l(libinit2.o)
    0x08000312   0x08000312   0x00000000   Code   RO         2739    .ARM.Collect$$libinit$$00000023  c_w.l(libinit2.o)
    0x08000312   0x08000312   0x00000000   Code   RO         2741    .ARM.Collect$$libinit$$00000025  c_w.l(libinit2.o)
    0x08000312   0x08000312   0x00000000   Code   RO         2743    .ARM.Collect$$libinit$$00000027  c_w.l(libinit2.o)
    0x08000312   0x08000312   0x00000000   Code   RO         2747    .ARM.Collect$$libinit$$0000002E  c_w.l(libinit2.o)
    0x08000312   0x08000312   0x00000000   Code   RO         2749    .ARM.Collect$$libinit$$00000030  c_w.l(libinit2.o)
    0x08000312   0x08000312   0x00000000   Code   RO         2751    .ARM.Collect$$libinit$$00000032  c_w.l(libinit2.o)
    0x08000312   0x08000312   0x00000000   Code   RO         2753    .ARM.Collect$$libinit$$00000034  c_w.l(libinit2.o)
    0x08000312   0x08000312   0x00000002   Code   RO         2754    .ARM.Collect$$libinit$$00000035  c_w.l(libinit2.o)
    0x08000314   0x08000314   0x00000002   Code   RO         2787    .ARM.Collect$$libshutdown$$00000000  c_w.l(libshutdown.o)
    0x08000316   0x08000316   0x00000000   Code   RO         2815    .ARM.Collect$$libshutdown$$00000002  c_w.l(libshutdown2.o)
    0x08000316   0x08000316   0x00000000   Code   RO         2817    .ARM.Collect$$libshutdown$$00000004  c_w.l(libshutdown2.o)
    0x08000316   0x08000316   0x00000000   Code   RO         2820    .ARM.Collect$$libshutdown$$00000007  c_w.l(libshutdown2.o)
    0x08000316   0x08000316   0x00000000   Code   RO         2823    .ARM.Collect$$libshutdown$$0000000A  c_w.l(libshutdown2.o)
    0x08000316   0x08000316   0x00000000   Code   RO         2825    .ARM.Collect$$libshutdown$$0000000C  c_w.l(libshutdown2.o)
    0x08000316   0x08000316   0x00000000   Code   RO         2828    .ARM.Collect$$libshutdown$$0000000F  c_w.l(libshutdown2.o)
    0x08000316   0x08000316   0x00000002   Code   RO         2829    .ARM.Collect$$libshutdown$$00000010  c_w.l(libshutdown2.o)
    0x08000318   0x08000318   0x00000104   Code   RO          381    .text               irq_armv7m.o
    0x0800041c   0x0800041c   0x00000040   Code   RO         2508    .text               startup_stm32h743xx.o
    0x0800045c   0x0800045c   0x0000008a   Code   RO         2647    .text               c_w.l(rt_memcpy_v6.o)
    0x080004e6   0x080004e6   0x00000010   Code   RO         2649    .text               c_w.l(aeabi_memset4.o)
    0x080004f6   0x080004f6   0x0000004e   Code   RO         2653    .text               c_w.l(rt_memclr_w.o)
    0x08000544   0x08000544   0x00000006   Code   RO         2655    .text               c_w.l(heapauxi.o)
    0x0800054a   0x0800054a   0x00000064   Code   RO         2666    .text               c_w.l(rt_memcpy_w.o)
    0x080005ae   0x080005ae   0x00000012   Code   RO         2687    .text               c_w.l(exit.o)
    0x080005c0   0x080005c0   0x00000008   Code   RO         2697    .text               c_w.l(libspace.o)
    0x080005c8   0x080005c8   0x0000000c   Code   RO         2755    .text               c_w.l(sys_exit.o)
    0x080005d4   0x080005d4   0x00000004   PAD
    0x080005d8   0x080005d8   0x00000114   Code   RO         1446    .text.ADC_ConfigureBoostMode  stm32h7xx_hal_adc.o
    0x080006ec   0x080006ec   0x00000004   PAD
    0x080006f0   0x080006f0   0x00000196   Code   RO         1320    .text.EventRecord2  eventrecorder.o
    0x08000886   0x08000886   0x00000002   PAD
    0x08000888   0x08000888   0x000002a8   Code   RO         1322    .text.EventRecord4  eventrecorder.o
    0x08000b30   0x08000b30   0x0000006e   Code   RO         1308    .text.EventRecorderEnable  eventrecorder.o
    0x08000b9e   0x08000b9e   0x00000002   PAD
    0x08000ba0   0x08000ba0   0x00000146   Code   RO         1310    .text.EventRecorderStart  eventrecorder.o
    0x08000ce6   0x08000ce6   0x00000002   PAD
    0x08000ce8   0x08000ce8   0x0000000c   Code   RO         1302    .text.EventRecorderTimerGetFreq  eventrecorder.o
    0x08000cf4   0x08000cf4   0x00000004   PAD
    0x08000cf8   0x08000cf8   0x00000024   Code   RO         1300    .text.EventRecorderTimerSetup  eventrecorder.o
    0x08000d1c   0x08000d1c   0x00000004   PAD
    0x08000d20   0x08000d20   0x00000014   Code   RO          587    .text.EvrRtxDelayStarted  rtx_evr.o
    0x08000d34   0x08000d34   0x00000004   PAD
    0x08000d38   0x08000d38   0x00000010   Code   RO          455    .text.EvrRtxKernelError  rtx_evr.o
    0x08000d48   0x08000d48   0x00000014   Code   RO          489    .text.EvrRtxKernelGetTickCount  rtx_evr.o
    0x08000d5c   0x08000d5c   0x00000004   PAD
    0x08000d60   0x08000d60   0x00000014   Code   RO          457    .text.EvrRtxKernelInitialize  rtx_evr.o
    0x08000d74   0x08000d74   0x00000004   PAD
    0x08000d78   0x08000d78   0x00000014   Code   RO          465    .text.EvrRtxKernelStart  rtx_evr.o
    0x08000d8c   0x08000d8c   0x00000004   PAD
    0x08000d90   0x08000d90   0x0000001e   Code   RO          445    .text.EvrRtxMemoryAlloc  rtx_evr.o
    0x08000dae   0x08000dae   0x00000002   PAD
    0x08000db0   0x08000db0   0x00000014   Code   RO          717    .text.EvrRtxMemoryPoolAllocTimeout  rtx_evr.o
    0x08000dc4   0x08000dc4   0x00000004   PAD
    0x08000dc8   0x08000dc8   0x0000001e   Code   RO          761    .text.EvrRtxMessageQueueGet  rtx_evr.o
    0x08000de6   0x08000de6   0x00000002   PAD
    0x08000de8   0x08000de8   0x00000020   Code   RO          763    .text.EvrRtxMessageQueueGetPending  rtx_evr.o
    0x08000e08   0x08000e08   0x00000014   Code   RO          765    .text.EvrRtxMessageQueueGetTimeout  rtx_evr.o
    0x08000e1c   0x08000e1c   0x00000004   PAD
    0x08000e20   0x08000e20   0x00000014   Code   RO          757    .text.EvrRtxMessageQueueInserted  rtx_evr.o
    0x08000e34   0x08000e34   0x00000004   PAD
    0x08000e38   0x08000e38   0x00000014   Code   RO          769    .text.EvrRtxMessageQueueNotRetrieved  rtx_evr.o
    0x08000e4c   0x08000e4c   0x00000004   PAD
    0x08000e50   0x08000e50   0x00000014   Code   RO          753    .text.EvrRtxMessageQueuePutTimeout  rtx_evr.o
    0x08000e64   0x08000e64   0x00000004   PAD
    0x08000e68   0x08000e68   0x00000014   Code   RO          657    .text.EvrRtxMutexAcquire  rtx_evr.o
    0x08000e7c   0x08000e7c   0x00000004   PAD
    0x08000e80   0x08000e80   0x00000014   Code   RO          661    .text.EvrRtxMutexAcquireTimeout  rtx_evr.o
    0x08000e94   0x08000e94   0x00000004   PAD
    0x08000e98   0x08000e98   0x00000014   Code   RO          675    .text.EvrRtxMutexDestroyed  rtx_evr.o
    0x08000eac   0x08000eac   0x00000004   PAD
    0x08000eb0   0x08000eb0   0x00000010   Code   RO          649    .text.EvrRtxMutexError  rtx_evr.o
    0x08000ec0   0x08000ec0   0x00000014   Code   RO          651    .text.EvrRtxMutexNew  rtx_evr.o
    0x08000ed4   0x08000ed4   0x00000004   PAD
    0x08000ed8   0x08000ed8   0x00000014   Code   RO          665    .text.EvrRtxMutexNotAcquired  rtx_evr.o
    0x08000eec   0x08000eec   0x00000004   PAD
    0x08000ef0   0x08000ef0   0x00000014   Code   RO          669    .text.EvrRtxMutexReleased  rtx_evr.o
    0x08000f04   0x08000f04   0x00000004   PAD
    0x08000f08   0x08000f08   0x00000014   Code   RO          541    .text.EvrRtxThreadBlocked  rtx_evr.o
    0x08000f1c   0x08000f1c   0x00000004   PAD
    0x08000f20   0x08000f20   0x0000001c   Code   RO          503    .text.EvrRtxThreadCreated  rtx_evr.o
    0x08000f3c   0x08000f3c   0x00000004   PAD
    0x08000f40   0x08000f40   0x00000010   Code   RO          499    .text.EvrRtxThreadError  rtx_evr.o
    0x08000f50   0x08000f50   0x00000014   Code   RO          549    .text.EvrRtxThreadExit  rtx_evr.o
    0x08000f64   0x08000f64   0x00000004   PAD
    0x08000f68   0x08000f68   0x0000001e   Code   RO          577    .text.EvrRtxThreadFlagsWaitCompleted  rtx_evr.o
    0x08000f86   0x08000f86   0x00000002   PAD
    0x08000f88   0x08000f88   0x00000014   Code   RO          575    .text.EvrRtxThreadFlagsWaitTimeout  rtx_evr.o
    0x08000f9c   0x08000f9c   0x00000004   PAD
    0x08000fa0   0x08000fa0   0x00000020   Code   RO          501    .text.EvrRtxThreadNew  rtx_evr.o
    0x08000fc0   0x08000fc0   0x00000014   Code   RO          545    .text.EvrRtxThreadPreempted  rtx_evr.o
    0x08000fd4   0x08000fd4   0x00000004   PAD
    0x08000fd8   0x08000fd8   0x00000014   Code   RO          595    .text.EvrRtxTimerCallback  rtx_evr.o
    0x08000fec   0x08000fec   0x00000004   PAD
    0x08000ff0   0x08000ff0   0x00000354   Code   RO         1492    .text.HAL_ADC_ConfigChannel  stm32h7xx_hal_adc.o
    0x08001344   0x08001344   0x00000004   PAD
    0x08001348   0x08001348   0x00000236   Code   RO         1442    .text.HAL_ADC_Init  stm32h7xx_hal_adc.o
    0x0800157e   0x0800157e   0x00000002   PAD
    0x08001580   0x08001580   0x00000074   Code   RO         2480    .text.HAL_ADC_MspInit  stm32h7xx_hal_msp.o
    0x080015f4   0x080015f4   0x00000004   PAD
    0x080015f8   0x080015f8   0x00000018   Code   RO         1724    .text.HAL_GPIO_EXTI_IRQHandler  stm32h7xx_hal_gpio.o
    0x08001610   0x08001610   0x0000000a   Code   RO         1716    .text.HAL_GPIO_ReadPin  stm32h7xx_hal_gpio.o
    0x0800161a   0x0800161a   0x00000006   PAD
    0x08001620   0x08001620   0x00000010   Code   RO         1720    .text.HAL_GPIO_TogglePin  stm32h7xx_hal_gpio.o
    0x08001630   0x08001630   0x0000004c   Code   RO           20    .text.HAL_GetTick   main.o
    0x0800167c   0x0800167c   0x00000004   PAD
    0x08001680   0x08001680   0x00000004   Code   RO           22    .text.HAL_InitTick  main.o
    0x08001684   0x08001684   0x00000004   PAD
    0x08001688   0x08001688   0x00000020   Code   RO         1580    .text.HAL_NVIC_EnableIRQ  stm32h7xx_hal_cortex.o
    0x080016a8   0x080016a8   0x0000005e   Code   RO         1578    .text.HAL_NVIC_SetPriority  stm32h7xx_hal_cortex.o
    0x08001706   0x08001706   0x00000002   PAD
    0x08001708   0x08001708   0x00000128   Code   RO         2128    .text.HAL_RCCEx_GetPLL1ClockFreq  stm32h7xx_hal_rcc_ex.o
    0x08001830   0x08001830   0x00000124   Code   RO         2130    .text.HAL_RCCEx_GetPLL2ClockFreq  stm32h7xx_hal_rcc_ex.o
    0x08001954   0x08001954   0x00000004   PAD
    0x08001958   0x08001958   0x000003b2   Code   RO         2126    .text.HAL_RCCEx_GetPeriphCLKFreq  stm32h7xx_hal_rcc_ex.o
    0x08001d0a   0x08001d0a   0x00000006   PAD
    0x08001d10   0x08001d10   0x000005f0   Code   RO         2084    .text.HAL_RCC_OscConfig  stm32h7xx_hal_rcc.o
    0x08002300   0x08002300   0x00000002   Code   RO         2532    .text.HAL_SPI_MspInit  stm32h7xx_hal_spi.o
    0x08002302   0x08002302   0x00000006   PAD
    0x08002308   0x08002308   0x00000002   Code   RO           70    .text.MemManage_Handler  stm32h7xx_it.o
    0x0800230a   0x0800230a   0x00000006   PAD
    0x08002310   0x08002310   0x00000032   Code   RO         1264    .text.OS_Tick_Enable  os_systick.o
    0x08002342   0x08002342   0x00000006   PAD
    0x08002348   0x08002348   0x00000006   Code   RO         1270    .text.OS_Tick_GetIRQn  os_systick.o
    0x0800234e   0x0800234e   0x00000002   PAD
    0x08002350   0x08002350   0x00000048   Code   RO         1262    .text.OS_Tick_Setup  os_systick.o
    0x08002398   0x08002398   0x0000011e   Code   RO         2120    .text.RCCEx_PLL2_Config  stm32h7xx_hal_rcc_ex.o
    0x080024b6   0x080024b6   0x00000002   PAD
    0x080024b8   0x080024b8   0x000000ca   Code   RO           26    .text.SystemClock_Config  main.o
    0x08002582   0x08002582   0x00000006   PAD
    0x08002588   0x08002588   0x000000f2   Code   RO         2515    .text.SystemInit    system_stm32h7xx.o
    0x0800267a   0x0800267a   0x00000006   PAD
    0x08002680   0x08002680   0x00000002   Code   RO           74    .text.UsageFault_Handler  stm32h7xx_it.o
    0x08002682   0x08002682   0x00000006   PAD
    0x08002688   0x08002688   0x0000000a   Code   RO          875    .text._mutex_free   rtx_lib.o
    0x08002692   0x08002692   0x00000006   PAD
    0x08002698   0x08002698   0x0000002c   Code   RO          873    .text._mutex_release  rtx_lib.o
    0x080026c4   0x080026c4   0x00000004   PAD
    0x080026c8   0x080026c8   0x00000008   Code   RO          861    .text._platform_post_stackheap_init  rtx_lib.o
    0x080026d0   0x080026d0   0x00000038   Code   RO          389    .text.osDelay       rtx_delay.o
    0x08002708   0x08002708   0x00000032   Code   RO          805    .text.osKernelGetState  rtx_kernel.o
    0x0800273a   0x0800273a   0x00000006   PAD
    0x08002740   0x08002740   0x000000d2   Code   RO          976    .text.osMessageQueueGet  rtx_msgqueue.o
    0x08002812   0x08002812   0x00000006   PAD
    0x08002818   0x08002818   0x0000003a   Code   RO         1032    .text.osMutexDelete  rtx_mutex.o
    0x08002852   0x08002852   0x00000006   PAD
    0x08002858   0x08002858   0x0000003a   Code   RO         1028    .text.osMutexRelease  rtx_mutex.o
    0x08002892   0x08002892   0x00000006   PAD
    0x08002898   0x08002898   0x00000002   Code   RO         1289    .text.osRtxIdleThread  rtx_config.o
    0x0800289a   0x0800289a   0x00000006   PAD
    0x080028a0   0x080028a0   0x00000040   Code   RO          900    .text.osRtxMemoryInit  rtx_memory.o
    0x080028e0   0x080028e0   0x00000044   Code   RO          916    .text.osRtxMemoryPoolAlloc  rtx_mempool.o
    0x08002924   0x08002924   0x00000004   PAD
    0x08002928   0x08002928   0x0000005a   Code   RO          914    .text.osRtxMemoryPoolInit  rtx_mempool.o
    0x08002982   0x08002982   0x00000006   PAD
    0x08002988   0x08002988   0x000001ba   Code   RO          998    .text.osRtxMessageQueuePostProcess  rtx_msgqueue.o
    0x08002b42   0x08002b42   0x00000006   PAD
    0x08002b48   0x08002b48   0x0000002c   Code   RO          966    .text.osRtxMessageQueueTimerSetup  rtx_msgqueue.o
    0x08002b74   0x08002b74   0x00000004   PAD
    0x08002b78   0x08002b78   0x00000068   Code   RO         1018    .text.osRtxMutexOwnerRelease  rtx_mutex.o
    0x08002be0   0x08002be0   0x00000074   Code   RO         1092    .text.osRtxPostProcess  rtx_system.o
    0x08002c54   0x08002c54   0x00000004   PAD
    0x08002c58   0x08002c58   0x00000056   Code   RO         1106    .text.osRtxThreadListSort  rtx_thread.o
    0x08002cae   0x08002cae   0x00000002   PAD
    0x08002cb0   0x08002cb0   0x00000098   Code   RO         1174    .text.osRtxThreadPostProcess  rtx_thread.o
    0x08002d48   0x08002d48   0x00000014   Code   RO         1114    .text.osRtxThreadRegPtr  rtx_thread.o
    0x08002d5c   0x08002d5c   0x00000004   PAD
    0x08002d60   0x08002d60   0x00000020   Code   RO         1124    .text.osRtxThreadStackCheck  rtx_thread.o
    0x08002d80   0x08002d80   0x0000004a   Code   RO         1126    .text.osRtxThreadStartup  rtx_thread.o
    0x08002dca   0x08002dca   0x00000006   PAD
    0x08002dd0   0x08002dd0   0x00000016   Code   RO         1116    .text.osRtxThreadSwitch  rtx_thread.o
    0x08002de6   0x08002de6   0x00000002   PAD
    0x08002de8   0x08002de8   0x000000a4   Code   RO         1120    .text.osRtxThreadWaitExit  rtx_thread.o
    0x08002e8c   0x08002e8c   0x00000004   PAD
    0x08002e90   0x08002e90   0x00000026   Code   RO         1224    .text.osRtxTimerSetup  rtx_timer.o
    0x08002eb6   0x08002eb6   0x00000002   PAD
    0x08002eb8   0x08002eb8   0x000000ca   Code   RO         1226    .text.osRtxTimerTick  rtx_timer.o
    0x08002f82   0x08002f82   0x00000006   PAD
    0x08002f88   0x08002f88   0x0000001a   Code   RO         1158    .text.osThreadExit  rtx_thread.o
    0x08002fa2   0x08002fa2   0x00000006   PAD
    0x08002fa8   0x08002fa8   0x00000034   Code   RO          393    .text.svcRtxDelay   rtx_delay.o
    0x08002fdc   0x08002fdc   0x00000004   PAD
    0x08002fe0   0x08002fe0   0x0000000c   Code   RO          807    .text.svcRtxKernelGetState  rtx_kernel.o
    0x08002fec   0x08002fec   0x00000004   PAD
    0x08002ff0   0x08002ff0   0x00000014   Code   RO          823    .text.svcRtxKernelGetTickCount  rtx_kernel.o
    0x08003004   0x08003004   0x00000004   PAD
    0x08003008   0x08003008   0x00000150   Code   RO          837    .text.svcRtxKernelInitialize  rtx_kernel.o
    0x08003158   0x08003158   0x00000186   Code   RO          968    .text.svcRtxMessageQueueNew  rtx_msgqueue.o
    0x080032de   0x080032de   0x00000002   PAD
    0x080032e0   0x080032e0   0x000000e0   Code   RO         1038    .text.svcRtxMutexAcquire  rtx_mutex.o
    0x080033c0   0x080033c0   0x00000090   Code   RO         1034    .text.svcRtxMutexNew  rtx_mutex.o
    0x08003450   0x08003450   0x0000001a   Code   RO         2659    x$fpl$fpinit        fz_wv.l(fpinit.o)
    0x0800346a   0x0800346a   0x00000002   PAD
    0x0800346c   0x0800346c   0x00000038   Data   RO          884    .rodata             rtx_lib.o
    0x080034a4   0x080034a4   0x00000004   Data   RO          883    .rodata.osRtxUserSVC  rtx_lib.o
    0x080034a8   0x080034a8   0x00000024   Data   RO          878    .rodata.os_idle_thread_attr  rtx_lib.o
    0x080034cc   0x080034cc   0x00000018   Data   RO          880    .rodata.os_timer_mq_attr  rtx_lib.o
    0x080034e4   0x080034e4   0x0000000c   Data   RO           32    .rodata.str1.1      main.o
    0x080034f0   0x080034f0   0x00000020   Data   RO         2831    Region$$Table       anon$$obj.o


    Execution Region RW_DTCM (Exec base: 0x20000000, Load base: 0x08003510, Size: 0x00001b58, Max: 0x0001f800, ABSOLUTE)

    Exec Addr    Load Addr    Size         Type   Attr      Idx    E Section Name        Object

    0x20000000   0x08003510   0x00000004   Data   RW         2519    .data.SystemCoreClock  system_stm32h7xx.o
    0x20000004   0x08003514   0x00000004   Data   RW         2520    .data.SystemD2Clock  system_stm32h7xx.o
    0x20000008   0x08003518   0x000000a4   Data   RW          852    .data.os            rtx_kernel.o
    0x200000ac   0x080035bc   0x00000004   Data   RW         1431    .data.uwTickPrio    stm32h7xx_hal.o
    0x200000b0        -       0x00000060   Zero   RW         2698    .bss                c_w.l(libspace.o)
    0x20000110        -       0x00000004   Zero   RW           40    .bss.HAL_GetTick.ticks  main.o
    0x20000114        -       0x00000064   Zero   RW           45    .bss.hadc3          main.o
    0x20000178        -       0x00000088   Zero   RW           46    .bss.hspi1          main.o
    0x20000200        -       0x00001040   Zero   RW          877    .bss.os             rtx_lib.o
    0x20001240        -       0x00000001   Zero   RW         1280    .bss.os             os_systick.o
    0x20001241   0x080035c0   0x00000003   PAD
    0x20001244        -       0x00000034   Zero   RW          889    .bss.os.msgqueue.cb  rtx_lib.o
    0x20001278        -       0x00000050   Zero   RW          890    .bss.os.msgqueue.mem  rtx_lib.o
    0x200012c8        -       0x00000088   Zero   RW          886    .bss.os.thread.cb   rtx_lib.o
    0x20001350        -       0x00000100   Zero   RW          887    .bss.os.thread.idle.stack  rtx_lib.o
    0x20001450        -       0x00000100   Zero   RW          888    .bss.os.thread.timer.stack  rtx_lib.o
    0x20001550        -       0x00000001   Zero   RW          891    .bss.os_kernel_is_active.os_kernel_active  rtx_lib.o
    0x20001551   0x080035c0   0x00000007   PAD
    0x20001558        -       0x00000200   Zero   RW         2506    HEAP                startup_stm32h743xx.o
    0x20001758        -       0x00000400   Zero   RW         2505    STACK               startup_stm32h743xx.o


    Execution Region RW_DTCM_NOINIT (Exec base: 0x2001f800, Load base: 0x080035c0, Size: 0x000004e4, Max: 0x00000800, ABSOLUTE, UNINIT)

    Exec Addr    Load Addr    Size         Type   Attr      Idx    E Section Name        Object

    0x2001f800        -       0x00000001   Zero   RW         1326    .bss.TS_OverflowLock  eventrecorder.o
    0x2001f801   0x080035c0   0x0000003f   PAD
    0x2001f840        -       0x000004a4   Zero   RW         1324    .bss.noinit         eventrecorder.o


    Execution Region RW_AXI_SRAM (Exec base: 0x24000000, Load base: 0x080035c0, Size: 0x00000000, Max: 0x0007c000, ABSOLUTE)

    **** No section assigned to this execution region ****


    Execution Region RW_SRAM (Exec base: 0x30000000, Load base: 0x080035c0, Size: 0x00000000, Max: 0x00040000, ABSOLUTE)

    **** No section assigned to this execution region ****



  Load Region LR_IROM2 (Base: 0x08100000, Size: 0x00003498, Max: 0x00100000, ABSOLUTE)

    Execution Region ER_IROM2 (Exec base: 0x08100000, Load base: 0x08100000, Size: 0x00003498, Max: 0x00100000, ABSOLUTE)

    Exec Addr    Load Addr    Size         Type   Attr      Idx    E Section Name        Object

    0x08100000   0x08100000   0x00000000   Code   RO         2661    .ARM.Collect$$rtentry$$00000000  c_w.l(__rtentry.o)
    0x08100000   0x08100000   0x00000000   Code   RO         2669    .ARM.Collect$$rtentry$$00000002  c_w.l(__rtentry2.o)
    0x08100000   0x08100000   0x00000006   Code   RO         2681    .ARM.Collect$$rtentry$$00000004  c_w.l(__rtentry4.o)
    0x08100006   0x08100006   0x00000008   Code   RO         2670    .ARM.Collect$$rtentry$$00000008  c_w.l(__rtentry2.o)
    0x0810000e   0x0810000e   0x00000004   Code   RO         2672    .ARM.Collect$$rtentry$$0000000A  c_w.l(__rtentry2.o)
    0x08100012   0x08100012   0x00000000   Code   RO         2674    .ARM.Collect$$rtentry$$0000000C  c_w.l(__rtentry2.o)
    0x08100012   0x08100012   0x00000008   Code   RO         2675    .ARM.Collect$$rtentry$$0000000D  c_w.l(__rtentry2.o)
    0x0810001a   0x0810001a   0x00000002   Code   RO         2700    .ARM.Collect$$rtexit$$00000000  c_w.l(rtexit.o)
    0x0810001c   0x0810001c   0x00000000   Code   RO         2760    .ARM.Collect$$rtexit$$00000002  c_w.l(rtexit2.o)
    0x0810001c   0x0810001c   0x00000004   Code   RO         2761    .ARM.Collect$$rtexit$$00000003  c_w.l(rtexit2.o)
    0x08100020   0x08100020   0x00000006   Code   RO         2762    .ARM.Collect$$rtexit$$00000004  c_w.l(rtexit2.o)
    0x08100026   0x08100026   0x00000044   Code   RO         2651    .text               c_w.l(rt_memclr.o)
    0x0810006a   0x0810006a   0x0000004a   Code   RO         2685    .text               c_w.l(sys_stackheap_outer.o)
    0x081000b4   0x081000b4   0x00000002   Code   RO         2776    .text               c_w.l(use_no_semi.o)
    0x081000b6   0x081000b6   0x00000000   Code   RO         2778    .text               c_w.l(indicate_semi.o)
    0x081000b6   0x081000b6   0x00000002   PAD
    0x081000b8   0x081000b8   0x00000016   Code   RO          865    .text.$Sub$$_fp_init  rtx_lib.o
    0x081000ce   0x081000ce   0x00000002   PAD
    0x081000d0   0x081000d0   0x00000002   Code   RO           72    .text.BusFault_Handler  stm32h7xx_it.o
    0x081000d2   0x081000d2   0x00000006   PAD
    0x081000d8   0x081000d8   0x00000002   Code   RO           76    .text.DebugMon_Handler  stm32h7xx_it.o
    0x081000da   0x081000da   0x00000006   PAD
    0x081000e0   0x081000e0   0x0000000c   Code   RO           64    .text.EXTI15_10_IRQHandler  stm32h7xx_it.o
    0x081000ec   0x081000ec   0x00000004   PAD
    0x081000f0   0x081000f0   0x00000002   Code   RO           30    .text.Error_Handler  main.o
    0x081000f2   0x081000f2   0x00000006   PAD
    0x081000f8   0x081000f8   0x0000006e   Code   RO         1312    .text.EventRecorderDisable  eventrecorder.o
    0x08100166   0x08100166   0x00000002   PAD
    0x08100168   0x08100168   0x000002e0   Code   RO         1306    .text.EventRecorderInitialize  eventrecorder.o
    0x08100448   0x08100448   0x0000000c   Code   RO         1304    .text.EventRecorderTimerGetCount  eventrecorder.o
    0x08100454   0x08100454   0x00000004   PAD
    0x08100458   0x08100458   0x00000014   Code   RO          583    .text.EvrRtxDelay   rtx_evr.o
    0x0810046c   0x0810046c   0x00000004   PAD
    0x08100470   0x08100470   0x00000014   Code   RO          591    .text.EvrRtxDelayCompleted  rtx_evr.o
    0x08100484   0x08100484   0x00000004   PAD
    0x08100488   0x08100488   0x00000010   Code   RO          581    .text.EvrRtxDelayError  rtx_evr.o
    0x08100498   0x08100498   0x00000014   Code   RO          639    .text.EvrRtxEventFlagsWaitTimeout  rtx_evr.o
    0x081004ac   0x081004ac   0x00000004   PAD
    0x081004b0   0x081004b0   0x00000010   Code   RO          497    .text.EvrRtxKernelErrorNotify  rtx_evr.o
    0x081004c0   0x081004c0   0x00000014   Code   RO          459    .text.EvrRtxKernelInitialized  rtx_evr.o
    0x081004d4   0x081004d4   0x00000004   PAD
    0x081004d8   0x081004d8   0x00000014   Code   RO          467    .text.EvrRtxKernelStarted  rtx_evr.o
    0x081004ec   0x081004ec   0x00000004   PAD
    0x081004f0   0x081004f0   0x00000014   Code   RO          451    .text.EvrRtxMemoryBlockAlloc  rtx_evr.o
    0x08100504   0x08100504   0x00000004   PAD
    0x08100508   0x08100508   0x00000020   Code   RO          453    .text.EvrRtxMemoryBlockFree  rtx_evr.o
    0x08100528   0x08100528   0x0000001e   Code   RO          449    .text.EvrRtxMemoryBlockInit  rtx_evr.o
    0x08100546   0x08100546   0x00000002   PAD
    0x08100548   0x08100548   0x00000020   Code   RO          447    .text.EvrRtxMemoryFree  rtx_evr.o
    0x08100568   0x08100568   0x0000001c   Code   RO          443    .text.EvrRtxMemoryInit  rtx_evr.o
    0x08100584   0x08100584   0x00000004   PAD
    0x08100588   0x08100588   0x00000014   Code   RO          745    .text.EvrRtxMessageQueueCreated  rtx_evr.o
    0x0810059c   0x0810059c   0x00000004   PAD
    0x081005a0   0x081005a0   0x00000010   Code   RO          741    .text.EvrRtxMessageQueueError  rtx_evr.o
    0x081005b0   0x081005b0   0x00000014   Code   RO          755    .text.EvrRtxMessageQueueInsertPending  rtx_evr.o
    0x081005c4   0x081005c4   0x00000004   PAD
    0x081005c8   0x081005c8   0x00000014   Code   RO          759    .text.EvrRtxMessageQueueNotInserted  rtx_evr.o
    0x081005dc   0x081005dc   0x00000004   PAD
    0x081005e0   0x081005e0   0x0000001e   Code   RO          749    .text.EvrRtxMessageQueuePut  rtx_evr.o
    0x081005fe   0x081005fe   0x00000002   PAD
    0x08100600   0x08100600   0x00000020   Code   RO          751    .text.EvrRtxMessageQueuePutPending  rtx_evr.o
    0x08100620   0x08100620   0x00000014   Code   RO          767    .text.EvrRtxMessageQueueRetrieved  rtx_evr.o
    0x08100634   0x08100634   0x00000004   PAD
    0x08100638   0x08100638   0x00000014   Code   RO          659    .text.EvrRtxMutexAcquirePending  rtx_evr.o
    0x0810064c   0x0810064c   0x00000004   PAD
    0x08100650   0x08100650   0x00000014   Code   RO          663    .text.EvrRtxMutexAcquired  rtx_evr.o
    0x08100664   0x08100664   0x00000004   PAD
    0x08100668   0x08100668   0x00000014   Code   RO          653    .text.EvrRtxMutexCreated  rtx_evr.o
    0x0810067c   0x0810067c   0x00000004   PAD
    0x08100680   0x08100680   0x00000014   Code   RO          673    .text.EvrRtxMutexDelete  rtx_evr.o
    0x08100694   0x08100694   0x00000004   PAD
    0x08100698   0x08100698   0x00000014   Code   RO          667    .text.EvrRtxMutexRelease  rtx_evr.o
    0x081006ac   0x081006ac   0x00000004   PAD
    0x081006b0   0x081006b0   0x00000014   Code   RO          689    .text.EvrRtxSemaphoreAcquireTimeout  rtx_evr.o
    0x081006c4   0x081006c4   0x00000004   PAD
    0x081006c8   0x081006c8   0x00000014   Code   RO          553    .text.EvrRtxThreadDestroyed  rtx_evr.o
    0x081006dc   0x081006dc   0x00000004   PAD
    0x081006e0   0x081006e0   0x00000014   Code   RO          539    .text.EvrRtxThreadJoined  rtx_evr.o
    0x081006f4   0x081006f4   0x00000004   PAD
    0x081006f8   0x081006f8   0x00000014   Code   RO          547    .text.EvrRtxThreadSwitched  rtx_evr.o
    0x0810070c   0x0810070c   0x00000004   PAD
    0x08100710   0x08100710   0x00000014   Code   RO          543    .text.EvrRtxThreadUnblocked  rtx_evr.o
    0x08100724   0x08100724   0x00000004   PAD
    0x08100728   0x08100728   0x0000002e   Code   RO           16    .text.HAL_GPIO_EXTI_Callback  main.o
    0x08100756   0x08100756   0x00000002   PAD
    0x08100758   0x08100758   0x000001ae   Code   RO         1712    .text.HAL_GPIO_Init  stm32h7xx_hal_gpio.o
    0x08100906   0x08100906   0x00000002   PAD
    0x08100908   0x08100908   0x0000000a   Code   RO         1718    .text.HAL_GPIO_WritePin  stm32h7xx_hal_gpio.o
    0x08100912   0x08100912   0x00000006   PAD
    0x08100918   0x08100918   0x0000000e   Code   RO         1363    .text.HAL_GetREVID  stm32h7xx_hal.o
    0x08100926   0x08100926   0x00000002   PAD
    0x08100928   0x08100928   0x00000064   Code   RO         1335    .text.HAL_Init      stm32h7xx_hal.o
    0x0810098c   0x0810098c   0x00000004   PAD
    0x08100990   0x08100990   0x0000005e   Code   RO         1594    .text.HAL_MPU_ConfigRegion  stm32h7xx_hal_cortex.o
    0x081009ee   0x081009ee   0x00000002   PAD
    0x081009f0   0x081009f0   0x0000001a   Code   RO         1590    .text.HAL_MPU_Disable  stm32h7xx_hal_cortex.o
    0x08100a0a   0x08100a0a   0x00000006   PAD
    0x08100a10   0x08100a10   0x00000020   Code   RO         1592    .text.HAL_MPU_Enable  stm32h7xx_hal_cortex.o
    0x08100a30   0x08100a30   0x0000003c   Code   RO         2478    .text.HAL_MspInit   stm32h7xx_hal_msp.o
    0x08100a6c   0x08100a6c   0x00000004   PAD
    0x08100a70   0x08100a70   0x00000020   Code   RO         1576    .text.HAL_NVIC_SetPriorityGrouping  stm32h7xx_hal_cortex.o
    0x08100a90   0x08100a90   0x00000048   Code   RO         1994    .text.HAL_PWREx_ConfigSupply  stm32h7xx_hal_pwr_ex.o
    0x08100ad8   0x08100ad8   0x00000124   Code   RO         2132    .text.HAL_RCCEx_GetPLL3ClockFreq  stm32h7xx_hal_rcc_ex.o
    0x08100bfc   0x08100bfc   0x00000004   PAD
    0x08100c00   0x08100c00   0x00000960   Code   RO         2118    .text.HAL_RCCEx_PeriphCLKConfig  stm32h7xx_hal_rcc_ex.o
    0x08101560   0x08101560   0x00000254   Code   RO         2086    .text.HAL_RCC_ClockConfig  stm32h7xx_hal_rcc.o
    0x081017b4   0x081017b4   0x00000004   PAD
    0x081017b8   0x081017b8   0x0000004c   Code   RO         2096    .text.HAL_RCC_GetHCLKFreq  stm32h7xx_hal_rcc.o
    0x08101804   0x08101804   0x00000004   PAD
    0x08101808   0x08101808   0x00000108   Code   RO         2088    .text.HAL_RCC_GetSysClockFreq  stm32h7xx_hal_rcc.o
    0x08101910   0x08101910   0x00000162   Code   RO         2530    .text.HAL_SPI_Init  stm32h7xx_hal_spi.o
    0x08101a72   0x08101a72   0x00000006   PAD
    0x08101a78   0x08101a78   0x00000014   Code   RO         1385    .text.HAL_SYSCFG_AnalogSwitchConfig  stm32h7xx_hal.o
    0x08101a8c   0x08101a8c   0x00000004   PAD
    0x08101a90   0x08101a90   0x00000002   Code   RO           68    .text.HardFault_Handler  stm32h7xx_it.o
    0x08101a92   0x08101a92   0x00000006   PAD
    0x08101a98   0x08101a98   0x00000002   Code   RO           66    .text.NMI_Handler   stm32h7xx_it.o
    0x08101a9a   0x08101a9a   0x00000006   PAD
    0x08101aa0   0x08101aa0   0x0000000c   Code   RO         1268    .text.OS_Tick_AcknowledgeIRQ  os_systick.o
    0x08101aac   0x08101aac   0x00000004   PAD
    0x08101ab0   0x08101ab0   0x0000011e   Code   RO         2122    .text.RCCEx_PLL3_Config  stm32h7xx_hal_rcc_ex.o
    0x08101bce   0x08101bce   0x00000002   PAD
    0x08101bd0   0x08101bd0   0x00000018   Code   RO           18    .text.StartDefaultTask  main.o
    0x08101be8   0x08101be8   0x00000140   Code   RO         2517    .text.SystemCoreClockUpdate  system_stm32h7xx.o
    0x08101d28   0x08101d28   0x00000030   Code   RO          871    .text._mutex_acquire  rtx_lib.o
    0x08101d58   0x08101d58   0x00000020   Code   RO          869    .text._mutex_initialize  rtx_lib.o
    0x08101d78   0x08101d78   0x0000037e   Code   RO           24    .text.main          main.o
    0x081020f6   0x081020f6   0x00000002   PAD
    0x081020f8   0x081020f8   0x00000032   Code   RO          821    .text.osKernelGetTickCount  rtx_kernel.o
    0x0810212a   0x0810212a   0x00000006   PAD
    0x08102130   0x08102130   0x00000038   Code   RO          799    .text.osKernelInitialize  rtx_kernel.o
    0x08102168   0x08102168   0x00000034   Code   RO          809    .text.osKernelStart  rtx_kernel.o
    0x0810219c   0x0810219c   0x00000004   PAD
    0x081021a0   0x081021a0   0x000000a2   Code   RO          974    .text.osMessageQueuePut  rtx_msgqueue.o
    0x08102242   0x08102242   0x00000006   PAD
    0x08102248   0x08102248   0x0000003e   Code   RO         1026    .text.osMutexAcquire  rtx_mutex.o
    0x08102286   0x08102286   0x00000002   PAD
    0x08102288   0x08102288   0x00000038   Code   RO         1022    .text.osMutexNew    rtx_mutex.o
    0x081022c0   0x081022c0   0x00000002   Code   RO         1291    .text.osRtxErrorNotify  rtx_config.o
    0x081022c2   0x081022c2   0x00000006   PAD
    0x081022c8   0x081022c8   0x00000014   Code   RO          797    .text.osRtxKernelErrorNotify  rtx_kernel.o
    0x081022dc   0x081022dc   0x00000004   PAD
    0x081022e0   0x081022e0   0x000000f2   Code   RO          863    .text.osRtxKernelPreInit  rtx_lib.o
    0x081023d2   0x081023d2   0x00000006   PAD
    0x081023d8   0x081023d8   0x00000084   Code   RO          902    .text.osRtxMemoryAlloc  rtx_memory.o
    0x0810245c   0x0810245c   0x00000004   PAD
    0x08102460   0x08102460   0x00000056   Code   RO          904    .text.osRtxMemoryFree  rtx_memory.o
    0x081024b6   0x081024b6   0x00000002   PAD
    0x081024b8   0x081024b8   0x00000056   Code   RO          918    .text.osRtxMemoryPoolFree  rtx_mempool.o
    0x0810250e   0x0810250e   0x00000002   PAD
    0x08102510   0x08102510   0x00000050   Code   RO         1020    .text.osRtxMutexOwnerRestore  rtx_mutex.o
    0x08102560   0x08102560   0x00000096   Code   RO         1090    .text.osRtxPendSV_Handler  rtx_system.o
    0x081025f6   0x081025f6   0x00000002   PAD
    0x081025f8   0x081025f8   0x00000160   Code   RO         1112    .text.osRtxThreadDelayTick  rtx_thread.o
    0x08102758   0x08102758   0x000000e8   Code   RO         1118    .text.osRtxThreadDispatch  rtx_thread.o
    0x08102840   0x08102840   0x00000062   Code   RO         1196    .text.osRtxThreadFree  rtx_thread.o
    0x081028a2   0x081028a2   0x00000006   PAD
    0x081028a8   0x081028a8   0x00000014   Code   RO         1104    .text.osRtxThreadListGet  rtx_thread.o
    0x081028bc   0x081028bc   0x00000004   PAD
    0x081028c0   0x081028c0   0x0000002a   Code   RO         1102    .text.osRtxThreadListPut  rtx_thread.o
    0x081028ea   0x081028ea   0x00000006   PAD
    0x081028f0   0x081028f0   0x0000001a   Code   RO         1108    .text.osRtxThreadListRemove  rtx_thread.o
    0x0810290a   0x0810290a   0x00000006   PAD
    0x08102910   0x08102910   0x0000003a   Code   RO         1110    .text.osRtxThreadReadyPut  rtx_thread.o
    0x0810294a   0x0810294a   0x00000006   PAD
    0x08102950   0x08102950   0x000000d4   Code   RO         1122    .text.osRtxThreadWaitEnter  rtx_thread.o
    0x08102a24   0x08102a24   0x00000004   PAD
    0x08102a28   0x08102a28   0x00000082   Code   RO         1088    .text.osRtxTick_Handler  rtx_system.o
    0x08102aaa   0x08102aaa   0x00000006   PAD
    0x08102ab0   0x08102ab0   0x0000002a   Code   RO         1228    .text.osRtxTimerThread  rtx_timer.o
    0x08102ada   0x08102ada   0x00000006   PAD
    0x08102ae0   0x08102ae0   0x00000040   Code   RO         1130    .text.osThreadNew   rtx_thread.o
    0x08102b20   0x08102b20   0x000000b2   Code   RO          839    .text.svcRtxKernelStart  rtx_kernel.o
    0x08102bd2   0x08102bd2   0x00000006   PAD
    0x08102bd8   0x08102bd8   0x000001c8   Code   RO         1004    .text.svcRtxMessageQueueGet  rtx_msgqueue.o
    0x08102da0   0x08102da0   0x0000014a   Code   RO         1002    .text.svcRtxMessageQueuePut  rtx_msgqueue.o
    0x08102eea   0x08102eea   0x00000006   PAD
    0x08102ef0   0x08102ef0   0x000000ce   Code   RO         1044    .text.svcRtxMutexDelete  rtx_mutex.o
    0x08102fbe   0x08102fbe   0x00000002   PAD
    0x08102fc0   0x08102fc0   0x000000f6   Code   RO         1040    .text.svcRtxMutexRelease  rtx_mutex.o
    0x081030b6   0x081030b6   0x00000002   PAD
    0x081030b8   0x081030b8   0x000000b0   Code   RO         1200    .text.svcRtxThreadExit  rtx_thread.o
    0x08103168   0x08103168   0x00000240   Code   RO         1128    .text.svcRtxThreadNew  rtx_thread.o
    0x081033a8   0x081033a8   0x00000004   Ven    RO         2838    Veneer$$Code        anon$$obj.o
    0x081033ac   0x081033ac   0x00000070   Data   RO          881    .rodata             rtx_lib.o
    0x0810341c   0x0810341c   0x00000010   Data   RO         2521    .rodata.D1CorePrescTable  system_stm32h7xx.o
    0x0810342c   0x0810342c   0x00000018   Data   RO         1325    .rodata.EventRecorderInfo  eventrecorder.o
    0x08103444   0x08103444   0x00000024   Data   RO           36    .rodata.defaultTask_attributes  main.o
    0x08103468   0x08103468   0x00000024   Data   RO          879    .rodata.os_timer_thread_attr  rtx_lib.o
    0x0810348c   0x0810348c   0x0000000b   Data   RO          851    .rodata.str1.4      rtx_kernel.o


==============================================================================

Image component sizes


      Code (inc. data)   RO Data    RW Data    ZI Data      Debug   Object Name

      2428          0         24          0       1189      20786   eventrecorder.o
       260         16          0          0          0        925   irq_armv7m.o
      1248          0         48          0        240      26917   main.o
       140          0          0          0          1       6860   os_systick.o
         4          0          0          0          0        810   rtx_config.o
       108          0          0          0          0       3329   rtx_delay.o
      1262          0          0          0          0      37810   rtx_evr.o
       774          0         11        164          0      18309   rtx_kernel.o
       406          0        268          0       4941       8281   rtx_lib.o
       282          0          0          0          0       2931   rtx_memory.o
       244          0          0          0          0      18575   rtx_mempool.o
      2034          0          0          0          0      22654   rtx_msgqueue.o
      1238          0          0          0          0      10546   rtx_mutex.o
       396         10          0          0          0       6395   rtx_system.o
      2432         10          0          0          0      41390   rtx_thread.o
       282          0          0          0          0      11625   rtx_timer.o
        64         26        664          0       1536       1012   startup_stm32h743xx.o
       134          0          0          4          0      15348   stm32h7xx_hal.o
      1694         12          0          0          0      24867   stm32h7xx_hal_adc.o
       310          0          0          0          0      12716   stm32h7xx_hal_cortex.o
       490          0          0          0          0       7369   stm32h7xx_hal_gpio.o
       176          0          0          0          0      18961   stm32h7xx_hal_msp.o
        72          0          0          0          0      10962   stm32h7xx_hal_pwr_ex.o
      2456         16          0          0          0      11962   stm32h7xx_hal_rcc.o
      4798        188          0          0          0      17766   stm32h7xx_hal_rcc_ex.o
       356          0          0          0          0      22576   stm32h7xx_hal_spi.o
        24          0          0          0          0       1162   stm32h7xx_it.o
       562         16         16          8          0       6237   system_stm32h7xx.o

    ----------------------------------------------------------------------
     25264        302       1064        176       7980     389081   Object Totals
         4          0         32          0          0          0   (incl. Generated)
       586          8          1          0         73          0   (incl. Padding)

    ----------------------------------------------------------------------

      Code (inc. data)   RO Data    RW Data    ZI Data      Debug   Library Member Name

         8          0          0          0          0         68   __main.o
         0          0          0          0          0          0   __rtentry.o
        20          0          0          0          0          0   __rtentry2.o
         6          0          0          0          0          0   __rtentry4.o
        52          8          0          0          0          0   __scatter.o
        26          0          0          0          0          0   __scatter_copy.o
        28          0          0          0          0          0   __scatter_zi.o
        16          0          0          0          0         68   aeabi_memset4.o
        18          0          0          0          0         80   exit.o
         6          0          0          0          0        152   heapauxi.o
         0          0          0          0          0          0   indicate_semi.o
         2          0          0          0          0          0   libinit.o
         6          0          0          0          0          0   libinit2.o
         2          0          0          0          0          0   libshutdown.o
         2          0          0          0          0          0   libshutdown2.o
         8          4          0          0         96         68   libspace.o
        68          0          0          0          0         68   rt_memclr.o
        78          0          0          0          0         80   rt_memclr_w.o
       138          0          0          0          0         68   rt_memcpy_v6.o
       100          0          0          0          0         80   rt_memcpy_w.o
         2          0          0          0          0          0   rtexit.o
        10          0          0          0          0          0   rtexit2.o
        12          4          0          0          0         68   sys_exit.o
        74          0          0          0          0         80   sys_stackheap_outer.o
         2          0          0          0          0         68   use_no_semi.o
        26          0          0          0          0        116   fpinit.o

    ----------------------------------------------------------------------
       720         20          0          0         96       1064   Library Totals
        10          4          0          0          0          0   (incl. Padding)

    ----------------------------------------------------------------------

      Code (inc. data)   RO Data    RW Data    ZI Data      Debug   Library Name

       684         16          0          0         96        948   c_w.l
        26          0          0          0          0        116   fz_wv.l

    ----------------------------------------------------------------------
       720         20          0          0         96       1064   Library Totals

    ----------------------------------------------------------------------

==============================================================================


      Code (inc. data)   RO Data    RW Data    ZI Data      Debug   

     25984        322       1064        176       8076     389229   Grand Totals
     25984        322       1064        176       8076     389229   ELF Image Totals
     25984        322       1064        176          0          0   ROM Totals

==============================================================================

    Total RO  Size (Code + RO Data)                27048 (  26.41kB)
    Total RW  Size (RW Data + ZI Data)              8252 (   8.06kB)
    Total ROM Size (Code + RO Data + RW Data)      27224 (  26.59kB)

==============================================================================

